172.18.0.1 - - [05/Jul/2026:08:49:32 +0000] "POST /api/graphql HTTP/1.1" 200 212 "https://humble-space-system-4jr4x79qg4652q5xx-8080.app.github.dev/admin/runners/36/register" "Mozilla/5.0 (X11; Linux x86_64) AppleWebKit/537.36 (KHTML, like Gecko) Chrome/148.0.0.0 Safari/537.36" -
127.0.0.1 - - [05/Jul/2026:08:49:34 +0000] "GET /api/v4/internal/kubernetes/receptive_agents HTTP/1.1" 200 13 "" "gitlab-kas/v19.1.1/v19.1.1" -
172.18.0.1 - - [05/Jul/2026:08:49:34 +0000] "POST /api/graphql HTTP/1.1" 200 212 "https://humble-space-system-4jr4x79qg4652q5xx-8080.app.github.dev/admin/runners/36/register" "Mozilla/5.0 (X11; Linux x86_64) AppleWebKit/537.36 (KHTML, like Gecko) Chrome/148.0.0.0 Safari/537.36" -
172.18.0.1 - - [05/Jul/2026:08:49:36 +0000] "POST /api/graphql HTTP/1.1" 200 212 "https://humble-space-system-4jr4x79qg4652q5xx-8080.app.github.dev/admin/runners/36/register" "Mozilla/5.0 (X11; Linux x86_64) AppleWebKit/537.36 (KHTML, like Gecko) Chrome/148.0.0.0 Safari/537.36" -
172.18.0.1 - - [05/Jul/2026:08:49:39 +0000] "POST /api/graphql HTTP/1.1" 200 212 "https://humble-space-system-4jr4x79qg4652q5xx-8080.app.github.dev/admin/runners/36/register" "Mozilla/5.0 (X11; Linux x86_64) AppleWebKit/537.36 (KHTML, like Gecko) Chrome/148.0.0.0 Safari/537.36" -
172.18.0.1 - - [05/Jul/2026:08:49:41 +0000] "POST /api/graphql HTTP/1.1" 200 212 "https://humble-space-system-4jr4x79qg4652q5xx-8080.app.github.dev/admin/runners/36/register" "Mozilla/5.0 (X11; Linux x86_64) AppleWebKit/537.36 (KHTML, like Gecko) Chrome/148.0.0.0 Safari/537.36" -
172.18.0.1 - - [05/Jul/2026:08:49:44 +0000] "POST /api/graphql HTTP/1.1" 200 212 "https://humble-space-system-4jr4x79qg4652q5xx-8080.app.github.dev/admin/runners/36/register" "Mozilla/5.0 (X11; Linux x86_64) AppleWebKit/537.36 (KHTML, like Gecko) Chrome/148.0.0.0 Safari/537.36" -
172.18.0.1 - - [05/Jul/2026:08:49:46 +0000] "POST /api/graphql HTTP/1.1" 200 212 "https://humble-space-system-4jr4x79qg4652q5xx-8080.app.github.dev/admin/runners/36/register" "Mozilla/5.0 (X11; Linux x86_64) AppleWebKit/537.36 (KHTML, like Gecko) Chrome/148.0.0.0 Safari/537.36" -
172.18.0.1 - - [05/Jul/2026:08:49:49 +0000] "POST /api/graphql HTTP/1.1" 200 212 "https://humble-space-system-4jr4x79qg4652q5xx-8080.app.github.dev/admin/runners/36/register" "Mozilla/5.0 (X11; Linux x86_64) AppleWebKit/537.36 (KHTML, like Gecko) Chrome/148.0.0.0 Safari/537.36" -
172.18.0.1 - - [05/Jul/2026:08:49:52 +0000] "POST /api/graphql HTTP/1.1" 200 212 "https://humble-space-system-4jr4x79qg4652q5xx-8080.app.github.dev/admin/runners/36/register" "Mozilla/5.0 (X11; Linux x86_64) AppleWebKit/537.36 (KHTML, like Gecko) Chrome/148.0.0.0 Safari/537.36" -
172.18.0.1 - - [05/Jul/2026:08:49:55 +0000] "POST /api/graphql HTTP/1.1" 200 212 "https://humble-space-system-4jr4x79qg4652q5xx-8080.app.github.dev/admin/runners/36/register" "Mozilla/5.0 (X11; Linux x86_64) AppleWebKit/537.36 (KHTML, like Gecko) Chrome/148.0.0.0 Safari/537.36" -
172.18.0.3 - - [05/Jul/2026:08:49:58 +0000] "POST /api/v4/runners/verify HTTP/1.1" 200 100 "" "gitlab-runner 19.1.1 (19-1-stable; go1.26.3; linux/amd64)" -
172.18.0.1 - - [05/Jul/2026:08:49:58 +0000] "POST /api/graphql HTTP/1.1" 200 212 "https://humble-space-system-4jr4x79qg4652q5xx-8080.app.github.dev/admin/runners/36/register" "Mozilla/5.0 (X11; Linux x86_64) AppleWebKit/537.36 (KHTML, like Gecko) Chrome/148.0.0.0 Safari/537.36" -
172.18.0.3 - - [05/Jul/2026:08:49:59 +0000] "POST /api/v4/jobs/request HTTP/1.1" 204 0 "" "gitlab-runner 19.1.1 (19-1-stable; go1.26.3; linux/amd64)" -
172.18.0.1 - - [05/Jul/2026:08:50:01 +0000] "POST /api/graphql HTTP/1.1" 200 159 "https://humble-space-system-4jr4x79qg4652q5xx-8080.app.github.dev/admin/runners/36/register" "Mozilla/5.0 (X11; Linux x86_64) AppleWebKit/537.36 (KHTML, like Gecko) Chrome/148.0.0.0 Safari/537.36" -
172.18.0.3 - - [05/Jul/2026:08:50:02 +0000] "POST /api/v4/jobs/request HTTP/1.1" 204 0 "" "gitlab-runner 19.1.1 (19-1-stable; go1.26.3; linux/amd64)" -
172.18.0.3 - - [05/Jul/2026:08:50:05 +0000] "POST /api/v4/jobs/request HTTP/1.1" 204 0 "" "gitlab-runner 19.1.1 (19-1-stable; go1.26.3; linux/amd64)" -
172.18.0.3 - - [05/Jul/2026:08:50:08 +0000] "POST /api/v4/jobs/request HTTP/1.1" 204 0 "" "gitlab-runner 19.1.1 (19-1-stable; go1.26.3; linux/amd64)" -
127.0.0.1 - - [05/Jul/2026:08:50:10 +0000] "GET /help HTTP/1.1" 200 31721 "" "curl/8.20.0-DEV" -
172.18.0.3 - - [05/Jul/2026:08:50:11 +0000] "POST /api/v4/jobs/request HTTP/1.1" 204 0 "" "gitlab-runner 19.1.1 (19-1-stable; go1.26.3; linux/amd64)" -
172.18.0.3 - - [05/Jul/2026:08:50:14 +0000] "POST /api/v4/jobs/request HTTP/1.1" 204 0 "" "gitlab-runner 19.1.1 (19-1-stable; go1.26.3; linux/amd64)" -
172.18.0.3 - - [05/Jul/2026:08:50:17 +0000] "POST /api/v4/jobs/request HTTP/1.1" 204 0 "" "gitlab-runner 19.1.1 (19-1-stable; go1.26.3; linux/amd64)" -
172.18.0.1 - - [05/Jul/2026:08:50:17 +0000] "GET /admin/runners/36/register HTTP/1.1" 404 1405 "" "Mozilla/5.0 (X11; Linux x86_64) AppleWebKit/537.36 (KHTML, like Gecko) Chrome/148.0.0.0 Safari/537.36" 1.94
172.18.0.1 - - [05/Jul/2026:08:50:18 +0000] "GET /assets/errors-6a555a88c1ea7238bad5c7c2d381e0b2b098d0c9df37b0ccb542a9dd76093738.css HTTP/1.1" 200 7351 "https://humble-space-system-4jr4x79qg4652q5xx-8080.app.github.dev/admin/runners/36/register" "Mozilla/5.0 (X11; Linux x86_64) AppleWebKit/537.36 (KHTML, like Gecko) Chrome/148.0.0.0 Safari/537.36" -
172.18.0.1 - - [05/Jul/2026:08:50:18 +0000] "GET /assets/tailwind-8d6583c88490cf235a0253d996e0d188cd78ebcaec2a33e8fe9f62317f9dc499.css HTTP/1.1" 200 20646 "https://humble-space-system-4jr4x79qg4652q5xx-8080.app.github.dev/admin/runners/36/register" "Mozilla/5.0 (X11; Linux x86_64) AppleWebKit/537.36 (KHTML, like Gecko) Chrome/148.0.0.0 Safari/537.36" -
172.18.0.1 - - [05/Jul/2026:08:50:18 +0000] "GET /assets/illustrations/error/error-404-lg-9dfb20cc79e1fe8104e0adb122a710283a187b075b15187e2f184d936a16349c.svg HTTP/1.1" 200 2185 "https://humble-space-system-4jr4x79qg4652q5xx-8080.app.github.dev/admin/runners/36/register" "Mozilla/5.0 (X11; Linux x86_64) AppleWebKit/537.36 (KHTML, like Gecko) Chrome/148.0.0.0 Safari/537.36" -
172.18.0.1 - - [05/Jul/2026:08:50:18 +0000] "GET /favicon.ico HTTP/1.1" 301 215 "https://humble-space-system-4jr4x79qg4652q5xx-8080.app.github.dev/admin/runners/36/register" "Mozilla/5.0 (X11; Linux x86_64) AppleWebKit/537.36 (KHTML, like Gecko) Chrome/148.0.0.0 Safari/537.36" -
172.18.0.3 - - [05/Jul/2026:08:50:20 +0000] "POST /api/v4/jobs/request HTTP/1.1" 204 0 "" "gitlab-runner 19.1.1 (19-1-stable; go1.26.3; linux/amd64)" -
172.18.0.1 - - [05/Jul/2026:08:50:20 +0000] "GET /search?search= HTTP/1.1" 200 10350 "https://humble-space-system-4jr4x79qg4652q5xx-8080.app.github.dev/admin/runners/36/register" "Mozilla/5.0 (X11; Linux x86_64) AppleWebKit/537.36 (KHTML, like Gecko) Chrome/148.0.0.0 Safari/537.36" 2.91
172.18.0.1 - - [05/Jul/2026:08:50:21 +0000] "GET /assets/illustrations/empty-state/empty-search-md-e1a55bfad6855c077c982f2f351f56e391af028eb41abe1db670c291d30aece9.svg HTTP/1.1" 200 380 "https://humble-space-system-4jr4x79qg4652q5xx-8080.app.github.dev/search" "Mozilla/5.0 (X11; Linux x86_64) AppleWebKit/537.36 (KHTML, like Gecko) Chrome/148.0.0.0 Safari/537.36" -
172.18.0.1 - - [05/Jul/2026:08:50:21 +0000] "GET /assets/webpack/commons-pages.groups.saved_views.show-pages.groups.security.policies.edit-pages.groups.security.poli-54630d59.1451609c.chunk.js HTTP/1.1" 200 5363 "https://humble-space-system-4jr4x79qg4652q5xx-8080.app.github.dev/search" "Mozilla/5.0 (X11; Linux x86_64) AppleWebKit/537.36 (KHTML, like Gecko) Chrome/148.0.0.0 Safari/537.36" -
172.18.0.1 - - [05/Jul/2026:08:50:21 +0000] "GET /assets/webpack/pages.search.show.9c768169.chunk.js HTTP/1.1" 200 45688 "https://humble-space-system-4jr4x79qg4652q5xx-8080.app.github.dev/search" "Mozilla/5.0 (X11; Linux x86_64) AppleWebKit/537.36 (KHTML, like Gecko) Chrome/148.0.0.0 Safari/537.36" -
172.18.0.1 - - [05/Jul/2026:08:50:21 +0000] "GET /assets/webpack/68026c34.057168e6.chunk.js HTTP/1.1" 200 3785 "https://humble-space-system-4jr4x79qg4652q5xx-8080.app.github.dev/search" "Mozilla/5.0 (X11; Linux x86_64) AppleWebKit/537.36 (KHTML, like Gecko) Chrome/148.0.0.0 Safari/537.36" -
172.18.0.1 - - [05/Jul/2026:08:50:21 +0000] "GET /search/count?scope=users&search=* HTTP/1.1" 200 13 "https://humble-space-system-4jr4x79qg4652q5xx-8080.app.github.dev/search" "Mozilla/5.0 (X11; Linux x86_64) AppleWebKit/537.36 (KHTML, like Gecko) Chrome/148.0.0.0 Safari/537.36" -
172.18.0.1 - - [05/Jul/2026:08:50:21 +0000] "GET /search/count?scope=milestones&search=* HTTP/1.1" 200 13 "https://humble-space-system-4jr4x79qg4652q5xx-8080.app.github.dev/search" "Mozilla/5.0 (X11; Linux x86_64) AppleWebKit/537.36 (KHTML, like Gecko) Chrome/148.0.0.0 Safari/537.36" -
172.18.0.1 - - [05/Jul/2026:08:50:21 +0000] "GET /search/count?scope=merge_requests&search=* HTTP/1.1" 200 13 "https://humble-space-system-4jr4x79qg4652q5xx-8080.app.github.dev/search" "Mozilla/5.0 (X11; Linux x86_64) AppleWebKit/537.36 (KHTML, like Gecko) Chrome/148.0.0.0 Safari/537.36" -
172.18.0.1 - - [05/Jul/2026:08:50:21 +0000] "GET /-/manifest.json HTTP/1.1" 200 396 "https://humble-space-system-4jr4x79qg4652q5xx-8080.app.github.dev/search" "Mozilla/5.0 (X11; Linux x86_64) AppleWebKit/537.36 (KHTML, like Gecko) Chrome/148.0.0.0 Safari/537.36" 1.87
172.18.0.1 - - [05/Jul/2026:08:50:22 +0000] "GET /search/count?scope=work_items&search=* HTTP/1.1" 200 13 "https://humble-space-system-4jr4x79qg4652q5xx-8080.app.github.dev/search" "Mozilla/5.0 (X11; Linux x86_64) AppleWebKit/537.36 (KHTML, like Gecko) Chrome/148.0.0.0 Safari/537.36" -
172.18.0.3 - - [05/Jul/2026:08:50:23 +0000] "POST /api/v4/jobs/request HTTP/1.1" 204 0 "" "gitlab-runner 19.1.1 (19-1-stable; go1.26.3; linux/amd64)" -
172.18.0.3 - - [05/Jul/2026:08:50:26 +0000] "POST /api/v4/jobs/request HTTP/1.1" 204 0 "" "gitlab-runner 19.1.1 (19-1-stable; go1.26.3; linux/amd64)" -
172.18.0.1 - - [05/Jul/2026:08:50:29 +0000] "GET /admin HTTP/1.1" 200 14898 "https://humble-space-system-4jr4x79qg4652q5xx-8080.app.github.dev/search" "Mozilla/5.0 (X11; Linux x86_64) AppleWebKit/537.36 (KHTML, like Gecko) Chrome/148.0.0.0 Safari/537.36" 4.07
172.18.0.3 - - [05/Jul/2026:08:50:29 +0000] "POST /api/v4/jobs/request HTTP/1.1" 204 0 "" "gitlab-runner 19.1.1 (19-1-stable; go1.26.3; linux/amd64)" -
172.18.0.1 - - [05/Jul/2026:08:50:30 +0000] "GET /api/v4/application/statistics HTTP/1.1" 304 0 "https://humble-space-system-4jr4x79qg4652q5xx-8080.app.github.dev/admin" "Mozilla/5.0 (X11; Linux x86_64) AppleWebKit/537.36 (KHTML, like Gecko) Chrome/148.0.0.0 Safari/537.36" -
172.18.0.1 - - [05/Jul/2026:08:50:30 +0000] "GET /-/manifest.json HTTP/1.1" 200 396 "https://humble-space-system-4jr4x79qg4652q5xx-8080.app.github.dev/admin" "Mozilla/5.0 (X11; Linux x86_64) AppleWebKit/537.36 (KHTML, like Gecko) Chrome/148.0.0.0 Safari/537.36" 1.87
172.18.0.1 - - [05/Jul/2026:08:50:30 +0000] "POST /api/v4/usage_data/track_event HTTP/1.1" 200 3 "https://humble-space-system-4jr4x79qg4652q5xx-8080.app.github.dev/admin" "Mozilla/5.0 (X11; Linux x86_64) AppleWebKit/537.36 (KHTML, like Gecko) Chrome/148.0.0.0 Safari/537.36" -
172.18.0.3 - - [05/Jul/2026:08:50:32 +0000] "POST /api/v4/jobs/request HTTP/1.1" 204 0 "" "gitlab-runner 19.1.1 (19-1-stable; go1.26.3; linux/amd64)" -
127.0.0.1 - - [05/Jul/2026:08:50:34 +0000] "GET /api/v4/internal/kubernetes/receptive_agents HTTP/1.1" 200 13 "" "gitlab-kas/v19.1.1/v19.1.1" -
172.18.0.3 - - [05/Jul/2026:08:50:35 +0000] "POST /api/v4/jobs/request HTTP/1.1" 204 0 "" "gitlab-runner 19.1.1 (19-1-stable; go1.26.3; linux/amd64)" -
172.18.0.1 - - [05/Jul/2026:08:50:35 +0000] "GET /admin/gitlab_duo HTTP/1.1" 200 12285 "https://humble-space-system-4jr4x79qg4652q5xx-8080.app.github.dev/admin" "Mozilla/5.0 (X11; Linux x86_64) AppleWebKit/537.36 (KHTML, like Gecko) Chrome/148.0.0.0 Safari/537.36" 3.50
172.18.0.1 - - [05/Jul/2026:08:50:36 +0000] "POST /api/graphql HTTP/1.1" 200 180 "https://humble-space-system-4jr4x79qg4652q5xx-8080.app.github.dev/admin/gitlab_duo" "Mozilla/5.0 (X11; Linux x86_64) AppleWebKit/537.36 (KHTML, like Gecko) Chrome/148.0.0.0 Safari/537.36" -
172.18.0.1 - - [05/Jul/2026:08:50:36 +0000] "POST /api/graphql HTTP/1.1" 200 315 "https://humble-space-system-4jr4x79qg4652q5xx-8080.app.github.dev/admin/gitlab_duo" "Mozilla/5.0 (X11; Linux x86_64) AppleWebKit/537.36 (KHTML, like Gecko) Chrome/148.0.0.0 Safari/537.36" 1.54
172.18.0.1 - - [05/Jul/2026:08:50:36 +0000] "GET /-/manifest.json HTTP/1.1" 200 396 "https://humble-space-system-4jr4x79qg4652q5xx-8080.app.github.dev/admin/gitlab_duo" "Mozilla/5.0 (X11; Linux x86_64) AppleWebKit/537.36 (KHTML, like Gecko) Chrome/148.0.0.0 Safari/537.36" 1.87
172.18.0.1 - - [05/Jul/2026:08:50:36 +0000] "POST /api/graphql HTTP/1.1" 200 234 "https://humble-space-system-4jr4x79qg4652q5xx-8080.app.github.dev/admin/gitlab_duo" "Mozilla/5.0 (X11; Linux x86_64) AppleWebKit/537.36 (KHTML, like Gecko) Chrome/148.0.0.0 Safari/537.36" -
172.18.0.3 - - [05/Jul/2026:08:50:38 +0000] "POST /api/v4/jobs/request HTTP/1.1" 204 0 "" "gitlab-runner 19.1.1 (19-1-stable; go1.26.3; linux/amd64)" -
172.18.0.1 - - [05/Jul/2026:08:50:40 +0000] "POST /api/graphql HTTP/1.1" 200 6342 "https://humble-space-system-4jr4x79qg4652q5xx-8080.app.github.dev/admin/gitlab_duo" "Mozilla/5.0 (X11; Linux x86_64) AppleWebKit/537.36 (KHTML, like Gecko) Chrome/148.0.0.0 Safari/537.36" 5.23
172.18.0.3 - - [05/Jul/2026:08:50:41 +0000] "POST /api/v4/jobs/request HTTP/1.1" 204 0 "" "gitlab-runner 19.1.1 (19-1-stable; go1.26.3; linux/amd64)" -
172.18.0.3 - - [05/Jul/2026:08:50:44 +0000] "POST /api/v4/jobs/request HTTP/1.1" 204 0 "" "gitlab-runner 19.1.1 (19-1-stable; go1.26.3; linux/amd64)" -
172.18.0.3 - - [05/Jul/2026:08:50:47 +0000] "POST /api/v4/jobs/request HTTP/1.1" 204 0 "" "gitlab-runner 19.1.1 (19-1-stable; go1.26.3; linux/amd64)" -
172.18.0.3 - - [05/Jul/2026:08:50:50 +0000] "POST /api/v4/jobs/request HTTP/1.1" 204 0 "" "gitlab-runner 19.1.1 (19-1-stable; go1.26.3; linux/amd64)" -
172.18.0.3 - - [05/Jul/2026:08:50:53 +0000] "POST /api/v4/jobs/request HTTP/1.1" 204 0 "" "gitlab-runner 19.1.1 (19-1-stable; go1.26.3; linux/amd64)" -
172.18.0.3 - - [05/Jul/2026:08:50:56 +0000] "POST /api/v4/jobs/request HTTP/1.1" 204 0 "" "gitlab-runner 19.1.1 (19-1-stable; go1.26.3; linux/amd64)" -
172.18.0.1 - - [05/Jul/2026:08:50:56 +0000] "POST /api/graphql HTTP/1.1" 200 6342 "https://humble-space-system-4jr4x79qg4652q5xx-8080.app.github.dev/admin/gitlab_duo" "Mozilla/5.0 (X11; Linux x86_64) AppleWebKit/537.36 (KHTML, like Gecko) Chrome/148.0.0.0 Safari/537.36" 5.23
172.18.0.3 - - [05/Jul/2026:08:50:59 +0000] "POST /api/v4/jobs/request HTTP/1.1" 204 0 "" "gitlab-runner 19.1.1 (19-1-stable; go1.26.3; linux/amd64)" -
172.18.0.3 - - [05/Jul/2026:08:51:02 +0000] "POST /api/v4/jobs/request HTTP/1.1" 204 0 "" "gitlab-runner 19.1.1 (19-1-stable; go1.26.3; linux/amd64)" -
172.18.0.3 - - [05/Jul/2026:08:51:05 +0000] "POST /api/v4/jobs/request HTTP/1.1" 204 0 "" "gitlab-runner 19.1.1 (19-1-stable; go1.26.3; linux/amd64)" -
172.18.0.3 - - [05/Jul/2026:08:51:08 +0000] "POST /api/v4/jobs/request HTTP/1.1" 204 0 "" "gitlab-runner 19.1.1 (19-1-stable; go1.26.3; linux/amd64)" -
127.0.0.1 - - [05/Jul/2026:08:51:10 +0000] "GET /help HTTP/1.1" 200 31721 "" "curl/8.20.0-DEV" -
172.18.0.1 - - [05/Jul/2026:08:51:10 +0000] "GET /admin/runners HTTP/1.1" 200 12149 "https://humble-space-system-4jr4x79qg4652q5xx-8080.app.github.dev/admin/gitlab_duo" "Mozilla/5.0 (X11; Linux x86_64) AppleWebKit/537.36 (KHTML, like Gecko) Chrome/148.0.0.0 Safari/537.36" 3.48
172.18.0.3 - - [05/Jul/2026:08:51:11 +0000] "POST /api/v4/jobs/request HTTP/1.1" 204 0 "" "gitlab-runner 19.1.1 (19-1-stable; go1.26.3; linux/amd64)" -
172.18.0.1 - - [05/Jul/2026:08:51:11 +0000] "POST /api/graphql HTTP/1.1" 200 712 "https://humble-space-system-4jr4x79qg4652q5xx-8080.app.github.dev/admin/runners" "Mozilla/5.0 (X11; Linux x86_64) AppleWebKit/537.36 (KHTML, like Gecko) Chrome/148.0.0.0 Safari/537.36" 1.91
172.18.0.1 - - [05/Jul/2026:08:51:11 +0000] "POST /api/graphql HTTP/1.1" 200 66 "https://humble-space-system-4jr4x79qg4652q5xx-8080.app.github.dev/admin/runners" "Mozilla/5.0 (X11; Linux x86_64) AppleWebKit/537.36 (KHTML, like Gecko) Chrome/148.0.0.0 Safari/537.36" -
172.18.0.1 - - [05/Jul/2026:08:51:11 +0000] "POST /api/graphql HTTP/1.1" 200 66 "https://humble-space-system-4jr4x79qg4652q5xx-8080.app.github.dev/admin/runners" "Mozilla/5.0 (X11; Linux x86_64) AppleWebKit/537.36 (KHTML, like Gecko) Chrome/148.0.0.0 Safari/537.36" -
172.18.0.1 - - [05/Jul/2026:08:51:11 +0000] "POST /api/graphql HTTP/1.1" 200 66 "https://humble-space-system-4jr4x79qg4652q5xx-8080.app.github.dev/admin/runners" "Mozilla/5.0 (X11; Linux x86_64) AppleWebKit/537.36 (KHTML, like Gecko) Chrome/148.0.0.0 Safari/537.36" -
172.18.0.1 - - [05/Jul/2026:08:51:11 +0000] "POST /api/graphql HTTP/1.1" 200 66 "https://humble-space-system-4jr4x79qg4652q5xx-8080.app.github.dev/admin/runners" "Mozilla/5.0 (X11; Linux x86_64) AppleWebKit/537.36 (KHTML, like Gecko) Chrome/148.0.0.0 Safari/537.36" -
172.18.0.1 - - [05/Jul/2026:08:51:12 +0000] "POST /api/graphql HTTP/1.1" 200 66 "https://humble-space-system-4jr4x79qg4652q5xx-8080.app.github.dev/admin/runners" "Mozilla/5.0 (X11; Linux x86_64) AppleWebKit/537.36 (KHTML, like Gecko) Chrome/148.0.0.0 Safari/537.36" -
172.18.0.1 - - [05/Jul/2026:08:51:12 +0000] "POST /api/graphql HTTP/1.1" 200 66 "https://humble-space-system-4jr4x79qg4652q5xx-8080.app.github.dev/admin/runners" "Mozilla/5.0 (X11; Linux x86_64) AppleWebKit/537.36 (KHTML, like Gecko) Chrome/148.0.0.0 Safari/537.36" -
172.18.0.1 - - [05/Jul/2026:08:51:12 +0000] "GET /-/manifest.json HTTP/1.1" 200 396 "https://humble-space-system-4jr4x79qg4652q5xx-8080.app.github.dev/admin/runners" "Mozilla/5.0 (X11; Linux x86_64) AppleWebKit/537.36 (KHTML, like Gecko) Chrome/148.0.0.0 Safari/537.36" 1.87
172.18.0.1 - - [05/Jul/2026:08:51:12 +0000] "POST /api/graphql HTTP/1.1" 200 66 "https://humble-space-system-4jr4x79qg4652q5xx-8080.app.github.dev/admin/runners" "Mozilla/5.0 (X11; Linux x86_64) AppleWebKit/537.36 (KHTML, like Gecko) Chrome/148.0.0.0 Safari/537.36" -
172.18.0.1 - - [05/Jul/2026:08:51:12 +0000] "POST /api/graphql HTTP/1.1" 200 94 "https://humble-space-system-4jr4x79qg4652q5xx-8080.app.github.dev/admin/runners" "Mozilla/5.0 (X11; Linux x86_64) AppleWebKit/537.36 (KHTML, like Gecko) Chrome/148.0.0.0 Safari/537.36" -
172.18.0.1 - - [05/Jul/2026:08:51:12 +0000] "POST /api/graphql HTTP/1.1" 200 66 "https://humble-space-system-4jr4x79qg4652q5xx-8080.app.github.dev/admin/runners" "Mozilla/5.0 (X11; Linux x86_64) AppleWebKit/537.36 (KHTML, like Gecko) Chrome/148.0.0.0 Safari/537.36" -
172.18.0.1 - - [05/Jul/2026:08:51:12 +0000] "POST /api/graphql HTTP/1.1" 200 66 "https://humble-space-system-4jr4x79qg4652q5xx-8080.app.github.dev/admin/runners" "Mozilla/5.0 (X11; Linux x86_64) AppleWebKit/537.36 (KHTML, like Gecko) Chrome/148.0.0.0 Safari/537.36" -
172.18.0.1 - - [05/Jul/2026:08:51:12 +0000] "POST /api/v4/usage_data/track_event HTTP/1.1" 200 3 "https://humble-space-system-4jr4x79qg4652q5xx-8080.app.github.dev/admin/runners" "Mozilla/5.0 (X11; Linux x86_64) AppleWebKit/537.36 (KHTML, like Gecko) Chrome/148.0.0.0 Safari/537.36" -
172.18.0.3 - - [05/Jul/2026:08:51:14 +0000] "POST /api/v4/jobs/request HTTP/1.1" 204 0 "" "gitlab-runner 19.1.1 (19-1-stable; go1.26.3; linux/amd64)" -
172.18.0.3 - - [05/Jul/2026:08:51:17 +0000] "POST /api/v4/jobs/request HTTP/1.1" 204 0 "" "gitlab-runner 19.1.1 (19-1-stable; go1.26.3; linux/amd64)" -
172.18.0.3 - - [05/Jul/2026:08:51:20 +0000] "POST /api/v4/jobs/request HTTP/1.1" 204 0 "" "gitlab-runner 19.1.1 (19-1-stable; go1.26.3; linux/amd64)" -
172.18.0.3 - - [05/Jul/2026:08:51:23 +0000] "POST /api/v4/jobs/request HTTP/1.1" 204 0 "" "gitlab-runner 19.1.1 (19-1-stable; go1.26.3; linux/amd64)" -
172.18.0.3 - - [05/Jul/2026:08:51:26 +0000] "POST /api/v4/jobs/request HTTP/1.1" 204 0 "" "gitlab-runner 19.1.1 (19-1-stable; go1.26.3; linux/amd64)" -
172.18.0.3 - - [05/Jul/2026:08:51:29 +0000] "POST /api/v4/jobs/request HTTP/1.1" 204 0 "" "gitlab-runner 19.1.1 (19-1-stable; go1.26.3; linux/amd64)" -
172.18.0.3 - - [05/Jul/2026:08:51:32 +0000] "POST /api/v4/jobs/request HTTP/1.1" 204 0 "" "gitlab-runner 19.1.1 (19-1-stable; go1.26.3; linux/amd64)" -
127.0.0.1 - - [05/Jul/2026:08:51:34 +0000] "GET /api/v4/internal/kubernetes/receptive_agents HTTP/1.1" 200 13 "" "gitlab-kas/v19.1.1/v19.1.1" -
172.18.0.3 - - [05/Jul/2026:08:51:35 +0000] "POST /api/v4/jobs/request HTTP/1.1" 204 0 "" "gitlab-runner 19.1.1 (19-1-stable; go1.26.3; linux/amd64)" -
172.18.0.3 - - [05/Jul/2026:08:51:38 +0000] "POST /api/v4/jobs/request HTTP/1.1" 204 0 "" "gitlab-runner 19.1.1 (19-1-stable; go1.26.3; linux/amd64)" -
172.18.0.3 - - [05/Jul/2026:08:51:41 +0000] "POST /api/v4/jobs/request HTTP/1.1" 204 0 "" "gitlab-runner 19.1.1 (19-1-stable; go1.26.3; linux/amd64)" -
172.18.0.3 - - [05/Jul/2026:08:51:44 +0000] "POST /api/v4/jobs/request HTTP/1.1" 204 0 "" "gitlab-runner 19.1.1 (19-1-stable; go1.26.3; linux/amd64)" -
172.18.0.3 - - [05/Jul/2026:08:51:47 +0000] "POST /api/v4/jobs/request HTTP/1.1" 204 0 "" "gitlab-runner 19.1.1 (19-1-stable; go1.26.3; linux/amd64)" -
172.18.0.3 - - [05/Jul/2026:08:51:50 +0000] "POST /api/v4/jobs/request HTTP/1.1" 204 0 "" "gitlab-runner 19.1.1 (19-1-stable; go1.26.3; linux/amd64)" -
172.18.0.3 - - [05/Jul/2026:08:51:53 +0000] "POST /api/v4/jobs/request HTTP/1.1" 204 0 "" "gitlab-runner 19.1.1 (19-1-stable; go1.26.3; linux/amd64)" -
172.18.0.3 - - [05/Jul/2026:08:51:56 +0000] "POST /api/v4/jobs/request HTTP/1.1" 204 0 "" "gitlab-runner 19.1.1 (19-1-stable; go1.26.3; linux/amd64)" -
172.18.0.3 - - [05/Jul/2026:08:51:59 +0000] "POST /api/v4/jobs/request HTTP/1.1" 204 0 "" "gitlab-runner 19.1.1 (19-1-stable; go1.26.3; linux/amd64)" -
172.18.0.3 - - [05/Jul/2026:08:52:02 +0000] "POST /api/v4/jobs/request HTTP/1.1" 204 0 "" "gitlab-runner 19.1.1 (19-1-stable; go1.26.3; linux/amd64)" -
172.18.0.3 - - [05/Jul/2026:08:52:05 +0000] "POST /api/v4/jobs/request HTTP/1.1" 204 0 "" "gitlab-runner 19.1.1 (19-1-stable; go1.26.3; linux/amd64)" -
172.18.0.3 - - [05/Jul/2026:08:52:08 +0000] "POST /api/v4/jobs/request HTTP/1.1" 204 0 "" "gitlab-runner 19.1.1 (19-1-stable; go1.26.3; linux/amd64)" -
127.0.0.1 - - [05/Jul/2026:08:52:10 +0000] "GET /help HTTP/1.1" 200 31721 "" "curl/8.20.0-DEV" -
172.18.0.3 - - [05/Jul/2026:08:52:11 +0000] "POST /api/v4/jobs/request HTTP/1.1" 204 0 "" "gitlab-runner 19.1.1 (19-1-stable; go1.26.3; linux/amd64)" -
172.18.0.3 - - [05/Jul/2026:08:52:14 +0000] "POST /api/v4/jobs/request HTTP/1.1" 204 0 "" "gitlab-runner 19.1.1 (19-1-stable; go1.26.3; linux/amd64)" -
172.18.0.3 - - [05/Jul/2026:08:52:17 +0000] "POST /api/v4/jobs/request HTTP/1.1" 204 0 "" "gitlab-runner 19.1.1 (19-1-stable; go1.26.3; linux/amd64)" -
172.18.0.3 - - [05/Jul/2026:08:52:20 +0000] "POST /api/v4/jobs/request HTTP/1.1" 204 0 "" "gitlab-runner 19.1.1 (19-1-stable; go1.26.3; linux/amd64)" -
172.18.0.3 - - [05/Jul/2026:08:52:23 +0000] "POST /api/v4/jobs/request HTTP/1.1" 204 0 "" "gitlab-runner 19.1.1 (19-1-stable; go1.26.3; linux/amd64)" -
172.18.0.3 - - [05/Jul/2026:08:52:26 +0000] "POST /api/v4/jobs/request HTTP/1.1" 204 0 "" "gitlab-runner 19.1.1 (19-1-stable; go1.26.3; linux/amd64)" -
172.18.0.3 - - [05/Jul/2026:08:52:29 +0000] "POST /api/v4/jobs/request HTTP/1.1" 204 0 "" "gitlab-runner 19.1.1 (19-1-stable; go1.26.3; linux/amd64)" -
172.18.0.3 - - [05/Jul/2026:08:52:32 +0000] "POST /api/v4/jobs/request HTTP/1.1" 204 0 "" "gitlab-runner 19.1.1 (19-1-stable; go1.26.3; linux/amd64)" -
127.0.0.1 - - [05/Jul/2026:08:52:34 +0000] "GET /api/v4/internal/kubernetes/receptive_agents HTTP/1.1" 200 13 "" "gitlab-kas/v19.1.1/v19.1.1" -
172.18.0.3 - - [05/Jul/2026:08:52:35 +0000] "POST /api/v4/jobs/request HTTP/1.1" 204 0 "" "gitlab-runner 19.1.1 (19-1-stable; go1.26.3; linux/amd64)" -
172.18.0.3 - - [05/Jul/2026:08:52:38 +0000] "POST /api/v4/jobs/request HTTP/1.1" 204 0 "" "gitlab-runner 19.1.1 (19-1-stable; go1.26.3; linux/amd64)" -
172.18.0.3 - - [05/Jul/2026:08:52:41 +0000] "POST /api/v4/jobs/request HTTP/1.1" 204 0 "" "gitlab-runner 19.1.1 (19-1-stable; go1.26.3; linux/amd64)" -
172.18.0.3 - - [05/Jul/2026:08:52:44 +0000] "POST /api/v4/jobs/request HTTP/1.1" 204 0 "" "gitlab-runner 19.1.1 (19-1-stable; go1.26.3; linux/amd64)" -
172.18.0.3 - - [05/Jul/2026:08:52:47 +0000] "POST /api/v4/jobs/request HTTP/1.1" 204 0 "" "gitlab-runner 19.1.1 (19-1-stable; go1.26.3; linux/amd64)" -
172.18.0.3 - - [05/Jul/2026:08:52:50 +0000] "POST /api/v4/jobs/request HTTP/1.1" 204 0 "" "gitlab-runner 19.1.1 (19-1-stable; go1.26.3; linux/amd64)" -
172.18.0.3 - - [05/Jul/2026:08:52:53 +0000] "POST /api/v4/jobs/request HTTP/1.1" 204 0 "" "gitlab-runner 19.1.1 (19-1-stable; go1.26.3; linux/amd64)" -
172.18.0.3 - - [05/Jul/2026:08:52:56 +0000] "POST /api/v4/jobs/request HTTP/1.1" 204 0 "" "gitlab-runner 19.1.1 (19-1-stable; go1.26.3; linux/amd64)" -
172.18.0.3 - - [05/Jul/2026:08:52:59 +0000] "POST /api/v4/jobs/request HTTP/1.1" 204 0 "" "gitlab-runner 19.1.1 (19-1-stable; go1.26.3; linux/amd64)" -
172.18.0.3 - - [05/Jul/2026:08:53:02 +0000] "POST /api/v4/jobs/request HTTP/1.1" 204 0 "" "gitlab-runner 19.1.1 (19-1-stable; go1.26.3; linux/amd64)" -
172.18.0.3 - - [05/Jul/2026:08:53:05 +0000] "POST /api/v4/jobs/request HTTP/1.1" 204 0 "" "gitlab-runner 19.1.1 (19-1-stable; go1.26.3; linux/amd64)" -
172.18.0.3 - - [05/Jul/2026:08:53:08 +0000] "POST /api/v4/jobs/request HTTP/1.1" 204 0 "" "gitlab-runner 19.1.1 (19-1-stable; go1.26.3; linux/amd64)" -
127.0.0.1 - - [05/Jul/2026:08:53:10 +0000] "GET /help HTTP/1.1" 200 31721 "" "curl/8.20.0-DEV" -
172.18.0.3 - - [05/Jul/2026:08:53:11 +0000] "POST /api/v4/jobs/request HTTP/1.1" 204 0 "" "gitlab-runner 19.1.1 (19-1-stable; go1.26.3; linux/amd64)" -
172.18.0.3 - - [05/Jul/2026:08:53:14 +0000] "POST /api/v4/jobs/request HTTP/1.1" 204 0 "" "gitlab-runner 19.1.1 (19-1-stable; go1.26.3; linux/amd64)" -
172.18.0.3 - - [05/Jul/2026:08:53:17 +0000] "POST /api/v4/jobs/request HTTP/1.1" 204 0 "" "gitlab-runner 19.1.1 (19-1-stable; go1.26.3; linux/amd64)" -
172.18.0.3 - - [05/Jul/2026:08:53:20 +0000] "POST /api/v4/jobs/request HTTP/1.1" 204 0 "" "gitlab-runner 19.1.1 (19-1-stable; go1.26.3; linux/amd64)" -
172.18.0.3 - - [05/Jul/2026:08:53:23 +0000] "POST /api/v4/jobs/request HTTP/1.1" 204 0 "" "gitlab-runner 19.1.1 (19-1-stable; go1.26.3; linux/amd64)" -
172.18.0.3 - - [05/Jul/2026:08:53:26 +0000] "POST /api/v4/jobs/request HTTP/1.1" 204 0 "" "gitlab-runner 19.1.1 (19-1-stable; go1.26.3; linux/amd64)" -
172.18.0.3 - - [05/Jul/2026:08:53:29 +0000] "POST /api/v4/jobs/request HTTP/1.1" 204 0 "" "gitlab-runner 19.1.1 (19-1-stable; go1.26.3; linux/amd64)" -
172.18.0.3 - - [05/Jul/2026:08:53:32 +0000] "POST /api/v4/jobs/request HTTP/1.1" 204 0 "" "gitlab-runner 19.1.1 (19-1-stable; go1.26.3; linux/amd64)" -
127.0.0.1 - - [05/Jul/2026:08:53:34 +0000] "GET /api/v4/internal/kubernetes/receptive_agents HTTP/1.1" 200 13 "" "gitlab-kas/v19.1.1/v19.1.1" -
172.18.0.3 - - [05/Jul/2026:08:53:35 +0000] "POST /api/v4/jobs/request HTTP/1.1" 204 0 "" "gitlab-runner 19.1.1 (19-1-stable; go1.26.3; linux/amd64)" -
172.18.0.3 - - [05/Jul/2026:08:53:38 +0000] "POST /api/v4/jobs/request HTTP/1.1" 204 0 "" "gitlab-runner 19.1.1 (19-1-stable; go1.26.3; linux/amd64)" -
172.18.0.3 - - [05/Jul/2026:08:53:41 +0000] "POST /api/v4/jobs/request HTTP/1.1" 204 0 "" "gitlab-runner 19.1.1 (19-1-stable; go1.26.3; linux/amd64)" -
172.18.0.3 - - [05/Jul/2026:08:53:44 +0000] "POST /api/v4/jobs/request HTTP/1.1" 204 0 "" "gitlab-runner 19.1.1 (19-1-stable; go1.26.3; linux/amd64)" -
172.18.0.3 - - [05/Jul/2026:08:53:47 +0000] "POST /api/v4/jobs/request HTTP/1.1" 204 0 "" "gitlab-runner 19.1.1 (19-1-stable; go1.26.3; linux/amd64)" -
172.18.0.3 - - [05/Jul/2026:08:53:50 +0000] "POST /api/v4/jobs/request HTTP/1.1" 204 0 "" "gitlab-runner 19.1.1 (19-1-stable; go1.26.3; linux/amd64)" -
172.18.0.3 - - [05/Jul/2026:08:53:53 +0000] "POST /api/v4/jobs/request HTTP/1.1" 204 0 "" "gitlab-runner 19.1.1 (19-1-stable; go1.26.3; linux/amd64)" -
172.18.0.3 - - [05/Jul/2026:08:53:56 +0000] "POST /api/v4/jobs/request HTTP/1.1" 204 0 "" "gitlab-runner 19.1.1 (19-1-stable; go1.26.3; linux/amd64)" -
172.18.0.3 - - [05/Jul/2026:08:53:59 +0000] "POST /api/v4/jobs/request HTTP/1.1" 204 0 "" "gitlab-runner 19.1.1 (19-1-stable; go1.26.3; linux/amd64)" -
172.18.0.3 - - [05/Jul/2026:08:54:02 +0000] "POST /api/v4/jobs/request HTTP/1.1" 204 0 "" "gitlab-runner 19.1.1 (19-1-stable; go1.26.3; linux/amd64)" -
172.18.0.3 - - [05/Jul/2026:08:54:05 +0000] "POST /api/v4/jobs/request HTTP/1.1" 204 0 "" "gitlab-runner 19.1.1 (19-1-stable; go1.26.3; linux/amd64)" -
172.18.0.3 - - [05/Jul/2026:08:54:08 +0000] "POST /api/v4/jobs/request HTTP/1.1" 204 0 "" "gitlab-runner 19.1.1 (19-1-stable; go1.26.3; linux/amd64)" -
127.0.0.1 - - [05/Jul/2026:08:54:11 +0000] "GET /help HTTP/1.1" 200 31721 "" "curl/8.20.0-DEV" -
172.18.0.3 - - [05/Jul/2026:08:54:11 +0000] "POST /api/v4/jobs/request HTTP/1.1" 204 0 "" "gitlab-runner 19.1.1 (19-1-stable; go1.26.3; linux/amd64)" -
172.18.0.3 - - [05/Jul/2026:08:54:14 +0000] "POST /api/v4/jobs/request HTTP/1.1" 204 0 "" "gitlab-runner 19.1.1 (19-1-stable; go1.26.3; linux/amd64)" -
172.18.0.3 - - [05/Jul/2026:08:54:17 +0000] "POST /api/v4/jobs/request HTTP/1.1" 204 0 "" "gitlab-runner 19.1.1 (19-1-stable; go1.26.3; linux/amd64)" -
172.18.0.3 - - [05/Jul/2026:08:54:20 +0000] "POST /api/v4/jobs/request HTTP/1.1" 204 0 "" "gitlab-runner 19.1.1 (19-1-stable; go1.26.3; linux/amd64)" -
172.18.0.3 - - [05/Jul/2026:08:54:23 +0000] "POST /api/v4/jobs/request HTTP/1.1" 204 0 "" "gitlab-runner 19.1.1 (19-1-stable; go1.26.3; linux/amd64)" -
172.18.0.3 - - [05/Jul/2026:08:54:26 +0000] "POST /api/v4/jobs/request HTTP/1.1" 204 0 "" "gitlab-runner 19.1.1 (19-1-stable; go1.26.3; linux/amd64)" -
172.18.0.3 - - [05/Jul/2026:08:54:29 +0000] "POST /api/v4/jobs/request HTTP/1.1" 204 0 "" "gitlab-runner 19.1.1 (19-1-stable; go1.26.3; linux/amd64)" -
172.18.0.3 - - [05/Jul/2026:08:54:32 +0000] "POST /api/v4/jobs/request HTTP/1.1" 204 0 "" "gitlab-runner 19.1.1 (19-1-stable; go1.26.3; linux/amd64)" -
127.0.0.1 - - [05/Jul/2026:08:54:34 +0000] "GET /api/v4/internal/kubernetes/receptive_agents HTTP/1.1" 200 13 "" "gitlab-kas/v19.1.1/v19.1.1" -
172.18.0.3 - - [05/Jul/2026:08:54:35 +0000] "POST /api/v4/jobs/request HTTP/1.1" 204 0 "" "gitlab-runner 19.1.1 (19-1-stable; go1.26.3; linux/amd64)" -
172.18.0.3 - - [05/Jul/2026:08:54:38 +0000] "POST /api/v4/jobs/request HTTP/1.1" 204 0 "" "gitlab-runner 19.1.1 (19-1-stable; go1.26.3; linux/amd64)" -
172.18.0.3 - - [05/Jul/2026:08:54:41 +0000] "POST /api/v4/jobs/request HTTP/1.1" 204 0 "" "gitlab-runner 19.1.1 (19-1-stable; go1.26.3; linux/amd64)" -
172.18.0.3 - - [05/Jul/2026:08:54:44 +0000] "POST /api/v4/jobs/request HTTP/1.1" 204 0 "" "gitlab-runner 19.1.1 (19-1-stable; go1.26.3; linux/amd64)" -
172.18.0.3 - - [05/Jul/2026:08:54:47 +0000] "POST /api/v4/jobs/request HTTP/1.1" 204 0 "" "gitlab-runner 19.1.1 (19-1-stable; go1.26.3; linux/amd64)" -
172.18.0.3 - - [05/Jul/2026:08:54:50 +0000] "POST /api/v4/jobs/request HTTP/1.1" 204 0 "" "gitlab-runner 19.1.1 (19-1-stable; go1.26.3; linux/amd64)" -
172.18.0.3 - - [05/Jul/2026:08:54:53 +0000] "POST /api/v4/jobs/request HTTP/1.1" 204 0 "" "gitlab-runner 19.1.1 (19-1-stable; go1.26.3; linux/amd64)" -
172.18.0.3 - - [05/Jul/2026:08:54:56 +0000] "POST /api/v4/jobs/request HTTP/1.1" 204 0 "" "gitlab-runner 19.1.1 (19-1-stable; go1.26.3; linux/amd64)" -
172.18.0.3 - - [05/Jul/2026:08:54:59 +0000] "POST /api/v4/jobs/request HTTP/1.1" 204 0 "" "gitlab-runner 19.1.1 (19-1-stable; go1.26.3; linux/amd64)" -
172.18.0.3 - - [05/Jul/2026:08:55:02 +0000] "POST /api/v4/jobs/request HTTP/1.1" 204 0 "" "gitlab-runner 19.1.1 (19-1-stable; go1.26.3; linux/amd64)" -
172.18.0.3 - - [05/Jul/2026:08:55:05 +0000] "POST /api/v4/jobs/request HTTP/1.1" 204 0 "" "gitlab-runner 19.1.1 (19-1-stable; go1.26.3; linux/amd64)" -
172.18.0.3 - - [05/Jul/2026:08:55:08 +0000] "POST /api/v4/jobs/request HTTP/1.1" 204 0 "" "gitlab-runner 19.1.1 (19-1-stable; go1.26.3; linux/amd64)" -
172.18.0.3 - - [05/Jul/2026:08:55:11 +0000] "POST /api/v4/jobs/request HTTP/1.1" 204 0 "" "gitlab-runner 19.1.1 (19-1-stable; go1.26.3; linux/amd64)" -
127.0.0.1 - - [05/Jul/2026:08:55:11 +0000] "GET /help HTTP/1.1" 200 31721 "" "curl/8.20.0-DEV" -
172.18.0.3 - - [05/Jul/2026:08:55:14 +0000] "POST /api/v4/jobs/request HTTP/1.1" 204 0 "" "gitlab-runner 19.1.1 (19-1-stable; go1.26.3; linux/amd64)" -
172.18.0.3 - - [05/Jul/2026:08:55:17 +0000] "POST /api/v4/jobs/request HTTP/1.1" 204 0 "" "gitlab-runner 19.1.1 (19-1-stable; go1.26.3; linux/amd64)" -
172.18.0.3 - - [05/Jul/2026:08:55:20 +0000] "POST /api/v4/jobs/request HTTP/1.1" 204 0 "" "gitlab-runner 19.1.1 (19-1-stable; go1.26.3; linux/amd64)" -
172.18.0.3 - - [05/Jul/2026:08:55:23 +0000] "POST /api/v4/jobs/request HTTP/1.1" 204 0 "" "gitlab-runner 19.1.1 (19-1-stable; go1.26.3; linux/amd64)" -
172.18.0.1 - - [05/Jul/2026:08:55:25 +0000] "GET /admin/runners HTTP/1.1" 200 12154 "https://humble-space-system-4jr4x79qg4652q5xx-8080.app.github.dev/admin/gitlab_duo" "Mozilla/5.0 (X11; Linux x86_64) AppleWebKit/537.36 (KHTML, like Gecko) Chrome/148.0.0.0 Safari/537.36" 3.48
172.18.0.3 - - [05/Jul/2026:08:55:26 +0000] "POST /api/v4/jobs/request HTTP/1.1" 204 0 "" "gitlab-runner 19.1.1 (19-1-stable; go1.26.3; linux/amd64)" -
172.18.0.1 - - [05/Jul/2026:08:55:26 +0000] "POST /api/graphql HTTP/1.1" 200 713 "https://humble-space-system-4jr4x79qg4652q5xx-8080.app.github.dev/admin/runners" "Mozilla/5.0 (X11; Linux x86_64) AppleWebKit/537.36 (KHTML, like Gecko) Chrome/148.0.0.0 Safari/537.36" 1.91
172.18.0.1 - - [05/Jul/2026:08:55:26 +0000] "POST /api/graphql HTTP/1.1" 200 66 "https://humble-space-system-4jr4x79qg4652q5xx-8080.app.github.dev/admin/runners" "Mozilla/5.0 (X11; Linux x86_64) AppleWebKit/537.36 (KHTML, like Gecko) Chrome/148.0.0.0 Safari/537.36" -
172.18.0.1 - - [05/Jul/2026:08:55:26 +0000] "POST /api/graphql HTTP/1.1" 200 66 "https://humble-space-system-4jr4x79qg4652q5xx-8080.app.github.dev/admin/runners" "Mozilla/5.0 (X11; Linux x86_64) AppleWebKit/537.36 (KHTML, like Gecko) Chrome/148.0.0.0 Safari/537.36" -
172.18.0.1 - - [05/Jul/2026:08:55:26 +0000] "POST /api/graphql HTTP/1.1" 200 66 "https://humble-space-system-4jr4x79qg4652q5xx-8080.app.github.dev/admin/runners" "Mozilla/5.0 (X11; Linux x86_64) AppleWebKit/537.36 (KHTML, like Gecko) Chrome/148.0.0.0 Safari/537.36" -
172.18.0.1 - - [05/Jul/2026:08:55:26 +0000] "POST /api/graphql HTTP/1.1" 200 66 "https://humble-space-system-4jr4x79qg4652q5xx-8080.app.github.dev/admin/runners" "Mozilla/5.0 (X11; Linux x86_64) AppleWebKit/537.36 (KHTML, like Gecko) Chrome/148.0.0.0 Safari/537.36" -
172.18.0.1 - - [05/Jul/2026:08:55:27 +0000] "POST /api/graphql HTTP/1.1" 200 66 "https://humble-space-system-4jr4x79qg4652q5xx-8080.app.github.dev/admin/runners" "Mozilla/5.0 (X11; Linux x86_64) AppleWebKit/537.36 (KHTML, like Gecko) Chrome/148.0.0.0 Safari/537.36" -
172.18.0.1 - - [05/Jul/2026:08:55:27 +0000] "POST /api/graphql HTTP/1.1" 200 94 "https://humble-space-system-4jr4x79qg4652q5xx-8080.app.github.dev/admin/runners" "Mozilla/5.0 (X11; Linux x86_64) AppleWebKit/537.36 (KHTML, like Gecko) Chrome/148.0.0.0 Safari/537.36" -
172.18.0.1 - - [05/Jul/2026:08:55:27 +0000] "POST /api/graphql HTTP/1.1" 200 66 "https://humble-space-system-4jr4x79qg4652q5xx-8080.app.github.dev/admin/runners" "Mozilla/5.0 (X11; Linux x86_64) AppleWebKit/537.36 (KHTML, like Gecko) Chrome/148.0.0.0 Safari/537.36" -
172.18.0.1 - - [05/Jul/2026:08:55:27 +0000] "POST /api/graphql HTTP/1.1" 200 66 "https://humble-space-system-4jr4x79qg4652q5xx-8080.app.github.dev/admin/runners" "Mozilla/5.0 (X11; Linux x86_64) AppleWebKit/537.36 (KHTML, like Gecko) Chrome/148.0.0.0 Safari/537.36" -
172.18.0.1 - - [05/Jul/2026:08:55:27 +0000] "POST /api/graphql HTTP/1.1" 200 66 "https://humble-space-system-4jr4x79qg4652q5xx-8080.app.github.dev/admin/runners" "Mozilla/5.0 (X11; Linux x86_64) AppleWebKit/537.36 (KHTML, like Gecko) Chrome/148.0.0.0 Safari/537.36" -
172.18.0.1 - - [05/Jul/2026:08:55:27 +0000] "GET /-/manifest.json HTTP/1.1" 200 396 "https://humble-space-system-4jr4x79qg4652q5xx-8080.app.github.dev/admin/runners" "Mozilla/5.0 (X11; Linux x86_64) AppleWebKit/537.36 (KHTML, like Gecko) Chrome/148.0.0.0 Safari/537.36" 1.87
172.18.0.1 - - [05/Jul/2026:08:55:27 +0000] "POST /api/graphql HTTP/1.1" 200 66 "https://humble-space-system-4jr4x79qg4652q5xx-8080.app.github.dev/admin/runners" "Mozilla/5.0 (X11; Linux x86_64) AppleWebKit/537.36 (KHTML, like Gecko) Chrome/148.0.0.0 Safari/537.36" -
172.18.0.1 - - [05/Jul/2026:08:55:27 +0000] "POST /api/v4/usage_data/track_event HTTP/1.1" 200 3 "https://humble-space-system-4jr4x79qg4652q5xx-8080.app.github.dev/admin/runners" "Mozilla/5.0 (X11; Linux x86_64) AppleWebKit/537.36 (KHTML, like Gecko) Chrome/148.0.0.0 Safari/537.36" -
172.18.0.3 - - [05/Jul/2026:08:55:29 +0000] "POST /api/v4/jobs/request HTTP/1.1" 204 0 "" "gitlab-runner 19.1.1 (19-1-stable; go1.26.3; linux/amd64)" -
172.18.0.1 - - [05/Jul/2026:08:55:30 +0000] "GET /admin/subscription HTTP/1.1" 200 12075 "https://humble-space-system-4jr4x79qg4652q5xx-8080.app.github.dev/admin/runners" "Mozilla/5.0 (X11; Linux x86_64) AppleWebKit/537.36 (KHTML, like Gecko) Chrome/148.0.0.0 Safari/537.36" 3.48
172.18.0.1 - - [05/Jul/2026:08:55:31 +0000] "POST /api/graphql HTTP/1.1" 200 266 "https://humble-space-system-4jr4x79qg4652q5xx-8080.app.github.dev/admin/subscription" "Mozilla/5.0 (X11; Linux x86_64) AppleWebKit/537.36 (KHTML, like Gecko) Chrome/148.0.0.0 Safari/537.36" 1.53
172.18.0.1 - - [05/Jul/2026:08:55:31 +0000] "POST /api/graphql HTTP/1.1" 200 100 "https://humble-space-system-4jr4x79qg4652q5xx-8080.app.github.dev/admin/subscription" "Mozilla/5.0 (X11; Linux x86_64) AppleWebKit/537.36 (KHTML, like Gecko) Chrome/148.0.0.0 Safari/537.36" -
172.18.0.1 - - [05/Jul/2026:08:55:31 +0000] "POST /api/graphql HTTP/1.1" 200 315 "https://humble-space-system-4jr4x79qg4652q5xx-8080.app.github.dev/admin/subscription" "Mozilla/5.0 (X11; Linux x86_64) AppleWebKit/537.36 (KHTML, like Gecko) Chrome/148.0.0.0 Safari/537.36" 1.54
172.18.0.1 - - [05/Jul/2026:08:55:31 +0000] "POST /api/v4/usage_data/track_event HTTP/1.1" 200 3 "https://humble-space-system-4jr4x79qg4652q5xx-8080.app.github.dev/admin/subscription" "Mozilla/5.0 (X11; Linux x86_64) AppleWebKit/537.36 (KHTML, like Gecko) Chrome/148.0.0.0 Safari/537.36" -
172.18.0.1 - - [05/Jul/2026:08:55:31 +0000] "GET /-/manifest.json HTTP/1.1" 200 396 "https://humble-space-system-4jr4x79qg4652q5xx-8080.app.github.dev/admin/subscription" "Mozilla/5.0 (X11; Linux x86_64) AppleWebKit/537.36 (KHTML, like Gecko) Chrome/148.0.0.0 Safari/537.36" 1.87
172.18.0.3 - - [05/Jul/2026:08:55:32 +0000] "POST /api/v4/jobs/request HTTP/1.1" 204 0 "" "gitlab-runner 19.1.1 (19-1-stable; go1.26.3; linux/amd64)" -
127.0.0.1 - - [05/Jul/2026:08:55:34 +0000] "GET /api/v4/internal/kubernetes/receptive_agents HTTP/1.1" 200 13 "" "gitlab-kas/v19.1.1/v19.1.1" -
172.18.0.3 - - [05/Jul/2026:08:55:35 +0000] "POST /api/v4/jobs/request HTTP/1.1" 204 0 "" "gitlab-runner 19.1.1 (19-1-stable; go1.26.3; linux/amd64)" -
172.18.0.1 - - [05/Jul/2026:08:55:36 +0000] "GET /admin/gitlab_duo HTTP/1.1" 200 12281 "https://humble-space-system-4jr4x79qg4652q5xx-8080.app.github.dev/admin/subscription" "Mozilla/5.0 (X11; Linux x86_64) AppleWebKit/537.36 (KHTML, like Gecko) Chrome/148.0.0.0 Safari/537.36" 3.51
172.18.0.1 - - [05/Jul/2026:08:55:37 +0000] "POST /api/graphql HTTP/1.1" 200 180 "https://humble-space-system-4jr4x79qg4652q5xx-8080.app.github.dev/admin/gitlab_duo" "Mozilla/5.0 (X11; Linux x86_64) AppleWebKit/537.36 (KHTML, like Gecko) Chrome/148.0.0.0 Safari/537.36" -
172.18.0.1 - - [05/Jul/2026:08:55:37 +0000] "POST /api/graphql HTTP/1.1" 200 315 "https://humble-space-system-4jr4x79qg4652q5xx-8080.app.github.dev/admin/gitlab_duo" "Mozilla/5.0 (X11; Linux x86_64) AppleWebKit/537.36 (KHTML, like Gecko) Chrome/148.0.0.0 Safari/537.36" 1.54
172.18.0.1 - - [05/Jul/2026:08:55:37 +0000] "POST /api/graphql HTTP/1.1" 200 234 "https://humble-space-system-4jr4x79qg4652q5xx-8080.app.github.dev/admin/gitlab_duo" "Mozilla/5.0 (X11; Linux x86_64) AppleWebKit/537.36 (KHTML, like Gecko) Chrome/148.0.0.0 Safari/537.36" -
172.18.0.1 - - [05/Jul/2026:08:55:37 +0000] "GET /-/manifest.json HTTP/1.1" 200 396 "https://humble-space-system-4jr4x79qg4652q5xx-8080.app.github.dev/admin/gitlab_duo" "Mozilla/5.0 (X11; Linux x86_64) AppleWebKit/537.36 (KHTML, like Gecko) Chrome/148.0.0.0 Safari/537.36" 1.87
172.18.0.3 - - [05/Jul/2026:08:55:38 +0000] "POST /api/v4/jobs/request HTTP/1.1" 204 0 "" "gitlab-runner 19.1.1 (19-1-stable; go1.26.3; linux/amd64)" -
172.18.0.1 - - [05/Jul/2026:08:55:40 +0000] "POST /api/graphql HTTP/1.1" 200 6342 "https://humble-space-system-4jr4x79qg4652q5xx-8080.app.github.dev/admin/gitlab_duo" "Mozilla/5.0 (X11; Linux x86_64) AppleWebKit/537.36 (KHTML, like Gecko) Chrome/148.0.0.0 Safari/537.36" 5.23
172.18.0.3 - - [05/Jul/2026:08:55:41 +0000] "POST /api/v4/jobs/request HTTP/1.1" 204 0 "" "gitlab-runner 19.1.1 (19-1-stable; go1.26.3; linux/amd64)" -
172.18.0.3 - - [05/Jul/2026:08:55:44 +0000] "POST /api/v4/jobs/request HTTP/1.1" 204 0 "" "gitlab-runner 19.1.1 (19-1-stable; go1.26.3; linux/amd64)" -
172.18.0.3 - - [05/Jul/2026:08:55:47 +0000] "POST /api/v4/jobs/request HTTP/1.1" 204 0 "" "gitlab-runner 19.1.1 (19-1-stable; go1.26.3; linux/amd64)" -
172.18.0.3 - - [05/Jul/2026:08:55:50 +0000] "POST /api/v4/jobs/request HTTP/1.1" 204 0 "" "gitlab-runner 19.1.1 (19-1-stable; go1.26.3; linux/amd64)" -
172.18.0.3 - - [05/Jul/2026:08:55:53 +0000] "POST /api/v4/jobs/request HTTP/1.1" 204 0 "" "gitlab-runner 19.1.1 (19-1-stable; go1.26.3; linux/amd64)" -
172.18.0.3 - - [05/Jul/2026:08:55:56 +0000] "POST /api/v4/jobs/request HTTP/1.1" 204 0 "" "gitlab-runner 19.1.1 (19-1-stable; go1.26.3; linux/amd64)" -
172.18.0.1 - - [05/Jul/2026:08:55:56 +0000] "POST /api/graphql HTTP/1.1" 200 6342 "https://humble-space-system-4jr4x79qg4652q5xx-8080.app.github.dev/admin/gitlab_duo" "Mozilla/5.0 (X11; Linux x86_64) AppleWebKit/537.36 (KHTML, like Gecko) Chrome/148.0.0.0 Safari/537.36" 5.23
172.18.0.3 - - [05/Jul/2026:08:55:59 +0000] "POST /api/v4/jobs/request HTTP/1.1" 204 0 "" "gitlab-runner 19.1.1 (19-1-stable; go1.26.3; linux/amd64)" -
172.18.0.3 - - [05/Jul/2026:08:56:02 +0000] "POST /api/v4/jobs/request HTTP/1.1" 204 0 "" "gitlab-runner 19.1.1 (19-1-stable; go1.26.3; linux/amd64)" -
172.18.0.3 - - [05/Jul/2026:08:56:05 +0000] "POST /api/v4/jobs/request HTTP/1.1" 204 0 "" "gitlab-runner 19.1.1 (19-1-stable; go1.26.3; linux/amd64)" -
172.18.0.3 - - [05/Jul/2026:08:56:08 +0000] "POST /api/v4/jobs/request HTTP/1.1" 204 0 "" "gitlab-runner 19.1.1 (19-1-stable; go1.26.3; linux/amd64)" -
172.18.0.3 - - [05/Jul/2026:08:56:11 +0000] "POST /api/v4/jobs/request HTTP/1.1" 204 0 "" "gitlab-runner 19.1.1 (19-1-stable; go1.26.3; linux/amd64)" -
127.0.0.1 - - [05/Jul/2026:08:56:11 +0000] "GET /help HTTP/1.1" 200 31721 "" "curl/8.20.0-DEV" -
172.18.0.3 - - [05/Jul/2026:08:56:14 +0000] "POST /api/v4/jobs/request HTTP/1.1" 204 0 "" "gitlab-runner 19.1.1 (19-1-stable; go1.26.3; linux/amd64)" -
172.18.0.3 - - [05/Jul/2026:08:56:17 +0000] "POST /api/v4/jobs/request HTTP/1.1" 204 0 "" "gitlab-runner 19.1.1 (19-1-stable; go1.26.3; linux/amd64)" -
172.18.0.3 - - [05/Jul/2026:08:56:20 +0000] "POST /api/v4/jobs/request HTTP/1.1" 204 0 "" "gitlab-runner 19.1.1 (19-1-stable; go1.26.3; linux/amd64)" -
172.18.0.3 - - [05/Jul/2026:08:56:23 +0000] "POST /api/v4/jobs/request HTTP/1.1" 204 0 "" "gitlab-runner 19.1.1 (19-1-stable; go1.26.3; linux/amd64)" -
172.18.0.3 - - [05/Jul/2026:08:56:26 +0000] "POST /api/v4/jobs/request HTTP/1.1" 204 0 "" "gitlab-runner 19.1.1 (19-1-stable; go1.26.3; linux/amd64)" -
172.18.0.3 - - [05/Jul/2026:08:56:29 +0000] "POST /api/v4/jobs/request HTTP/1.1" 204 0 "" "gitlab-runner 19.1.1 (19-1-stable; go1.26.3; linux/amd64)" -
172.18.0.3 - - [05/Jul/2026:08:56:32 +0000] "POST /api/v4/jobs/request HTTP/1.1" 204 0 "" "gitlab-runner 19.1.1 (19-1-stable; go1.26.3; linux/amd64)" -
127.0.0.1 - - [05/Jul/2026:08:56:34 +0000] "GET /api/v4/internal/kubernetes/receptive_agents HTTP/1.1" 200 13 "" "gitlab-kas/v19.1.1/v19.1.1" -
172.18.0.3 - - [05/Jul/2026:08:56:35 +0000] "POST /api/v4/jobs/request HTTP/1.1" 204 0 "" "gitlab-runner 19.1.1 (19-1-stable; go1.26.3; linux/amd64)" -
172.18.0.3 - - [05/Jul/2026:08:56:38 +0000] "POST /api/v4/jobs/request HTTP/1.1" 204 0 "" "gitlab-runner 19.1.1 (19-1-stable; go1.26.3; linux/amd64)" -
172.18.0.3 - - [05/Jul/2026:08:56:41 +0000] "POST /api/v4/jobs/request HTTP/1.1" 204 0 "" "gitlab-runner 19.1.1 (19-1-stable; go1.26.3; linux/amd64)" -
172.18.0.3 - - [05/Jul/2026:08:56:44 +0000] "POST /api/v4/jobs/request HTTP/1.1" 204 0 "" "gitlab-runner 19.1.1 (19-1-stable; go1.26.3; linux/amd64)" -
172.18.0.3 - - [05/Jul/2026:08:56:47 +0000] "POST /api/v4/jobs/request HTTP/1.1" 204 0 "" "gitlab-runner 19.1.1 (19-1-stable; go1.26.3; linux/amd64)" -
172.18.0.3 - - [05/Jul/2026:08:56:50 +0000] "POST /api/v4/jobs/request HTTP/1.1" 204 0 "" "gitlab-runner 19.1.1 (19-1-stable; go1.26.3; linux/amd64)" -
172.18.0.3 - - [05/Jul/2026:08:56:53 +0000] "POST /api/v4/jobs/request HTTP/1.1" 204 0 "" "gitlab-runner 19.1.1 (19-1-stable; go1.26.3; linux/amd64)" -
172.18.0.3 - - [05/Jul/2026:08:56:56 +0000] "POST /api/v4/jobs/request HTTP/1.1" 204 0 "" "gitlab-runner 19.1.1 (19-1-stable; go1.26.3; linux/amd64)" -
172.18.0.3 - - [05/Jul/2026:08:56:59 +0000] "POST /api/v4/jobs/request HTTP/1.1" 204 0 "" "gitlab-runner 19.1.1 (19-1-stable; go1.26.3; linux/amd64)" -
172.18.0.3 - - [05/Jul/2026:08:57:02 +0000] "POST /api/v4/jobs/request HTTP/1.1" 204 0 "" "gitlab-runner 19.1.1 (19-1-stable; go1.26.3; linux/amd64)" -
172.18.0.3 - - [05/Jul/2026:08:57:05 +0000] "POST /api/v4/jobs/request HTTP/1.1" 204 0 "" "gitlab-runner 19.1.1 (19-1-stable; go1.26.3; linux/amd64)" -
172.18.0.3 - - [05/Jul/2026:08:57:08 +0000] "POST /api/v4/jobs/request HTTP/1.1" 204 0 "" "gitlab-runner 19.1.1 (19-1-stable; go1.26.3; linux/amd64)" -
172.18.0.3 - - [05/Jul/2026:08:57:11 +0000] "POST /api/v4/jobs/request HTTP/1.1" 204 0 "" "gitlab-runner 19.1.1 (19-1-stable; go1.26.3; linux/amd64)" -
127.0.0.1 - - [05/Jul/2026:08:57:11 +0000] "GET /help HTTP/1.1" 200 31721 "" "curl/8.20.0-DEV" -
172.18.0.3 - - [05/Jul/2026:08:57:14 +0000] "POST /api/v4/jobs/request HTTP/1.1" 204 0 "" "gitlab-runner 19.1.1 (19-1-stable; go1.26.3; linux/amd64)" -
172.18.0.3 - - [05/Jul/2026:08:57:17 +0000] "POST /api/v4/jobs/request HTTP/1.1" 204 0 "" "gitlab-runner 19.1.1 (19-1-stable; go1.26.3; linux/amd64)" -
172.18.0.3 - - [05/Jul/2026:08:57:20 +0000] "POST /api/v4/jobs/request HTTP/1.1" 204 0 "" "gitlab-runner 19.1.1 (19-1-stable; go1.26.3; linux/amd64)" -
172.18.0.3 - - [05/Jul/2026:08:57:23 +0000] "POST /api/v4/jobs/request HTTP/1.1" 204 0 "" "gitlab-runner 19.1.1 (19-1-stable; go1.26.3; linux/amd64)" -
172.18.0.3 - - [05/Jul/2026:08:57:26 +0000] "POST /api/v4/jobs/request HTTP/1.1" 204 0 "" "gitlab-runner 19.1.1 (19-1-stable; go1.26.3; linux/amd64)" -
172.18.0.3 - - [05/Jul/2026:08:57:29 +0000] "POST /api/v4/jobs/request HTTP/1.1" 204 0 "" "gitlab-runner 19.1.1 (19-1-stable; go1.26.3; linux/amd64)" -
172.18.0.3 - - [05/Jul/2026:08:57:32 +0000] "POST /api/v4/jobs/request HTTP/1.1" 204 0 "" "gitlab-runner 19.1.1 (19-1-stable; go1.26.3; linux/amd64)" -
127.0.0.1 - - [05/Jul/2026:08:57:34 +0000] "GET /api/v4/internal/kubernetes/receptive_agents HTTP/1.1" 200 13 "" "gitlab-kas/v19.1.1/v19.1.1" -
172.18.0.3 - - [05/Jul/2026:08:57:35 +0000] "POST /api/v4/jobs/request HTTP/1.1" 204 0 "" "gitlab-runner 19.1.1 (19-1-stable; go1.26.3; linux/amd64)" -
172.18.0.3 - - [05/Jul/2026:08:57:38 +0000] "POST /api/v4/jobs/request HTTP/1.1" 204 0 "" "gitlab-runner 19.1.1 (19-1-stable; go1.26.3; linux/amd64)" -
172.18.0.3 - - [05/Jul/2026:08:57:41 +0000] "POST /api/v4/jobs/request HTTP/1.1" 204 0 "" "gitlab-runner 19.1.1 (19-1-stable; go1.26.3; linux/amd64)" -
172.18.0.3 - - [05/Jul/2026:08:57:44 +0000] "POST /api/v4/jobs/request HTTP/1.1" 204 0 "" "gitlab-runner 19.1.1 (19-1-stable; go1.26.3; linux/amd64)" -
172.18.0.3 - - [05/Jul/2026:08:57:47 +0000] "POST /api/v4/jobs/request HTTP/1.1" 204 0 "" "gitlab-runner 19.1.1 (19-1-stable; go1.26.3; linux/amd64)" -
172.18.0.3 - - [05/Jul/2026:08:57:50 +0000] "POST /api/v4/jobs/request HTTP/1.1" 204 0 "" "gitlab-runner 19.1.1 (19-1-stable; go1.26.3; linux/amd64)" -
172.18.0.3 - - [05/Jul/2026:08:57:53 +0000] "POST /api/v4/jobs/request HTTP/1.1" 204 0 "" "gitlab-runner 19.1.1 (19-1-stable; go1.26.3; linux/amd64)" -
172.18.0.3 - - [05/Jul/2026:08:57:56 +0000] "POST /api/v4/jobs/request HTTP/1.1" 204 0 "" "gitlab-runner 19.1.1 (19-1-stable; go1.26.3; linux/amd64)" -
172.18.0.3 - - [05/Jul/2026:08:57:59 +0000] "POST /api/v4/jobs/request HTTP/1.1" 204 0 "" "gitlab-runner 19.1.1 (19-1-stable; go1.26.3; linux/amd64)" -
172.18.0.3 - - [05/Jul/2026:08:58:02 +0000] "POST /api/v4/jobs/request HTTP/1.1" 204 0 "" "gitlab-runner 19.1.1 (19-1-stable; go1.26.3; linux/amd64)" -
172.18.0.3 - - [05/Jul/2026:08:58:05 +0000] "POST /api/v4/jobs/request HTTP/1.1" 204 0 "" "gitlab-runner 19.1.1 (19-1-stable; go1.26.3; linux/amd64)" -
172.18.0.3 - - [05/Jul/2026:08:58:08 +0000] "POST /api/v4/jobs/request HTTP/1.1" 204 0 "" "gitlab-runner 19.1.1 (19-1-stable; go1.26.3; linux/amd64)" -
172.18.0.3 - - [05/Jul/2026:08:58:11 +0000] "POST /api/v4/jobs/request HTTP/1.1" 204 0 "" "gitlab-runner 19.1.1 (19-1-stable; go1.26.3; linux/amd64)" -
127.0.0.1 - - [05/Jul/2026:08:58:11 +0000] "GET /help HTTP/1.1" 200 31721 "" "curl/8.20.0-DEV" -
172.18.0.3 - - [05/Jul/2026:08:58:14 +0000] "POST /api/v4/jobs/request HTTP/1.1" 204 0 "" "gitlab-runner 19.1.1 (19-1-stable; go1.26.3; linux/amd64)" -
172.18.0.3 - - [05/Jul/2026:08:58:17 +0000] "POST /api/v4/jobs/request HTTP/1.1" 204 0 "" "gitlab-runner 19.1.1 (19-1-stable; go1.26.3; linux/amd64)" -
