127.0.0.1 - - [05/Jul/2026:09:07:55 +0000] "GET /api/v4/internal/kubernetes/receptive_agents HTTP/1.1" 502 35 "" "gitlab-kas/v19.1.1/v19.1.1" -
172.18.0.2 - - [05/Jul/2026:09:07:56 +0000] "POST /api/v4/jobs/request HTTP/1.1" 502 35 "" "gitlab-runner 19.1.1 (19-1-stable; go1.26.3; linux/amd64)" -
172.18.0.2 - - [05/Jul/2026:09:07:56 +0000] "POST /api/v4/jobs/request HTTP/1.1" 502 35 "" "gitlab-runner 19.1.1 (19-1-stable; go1.26.3; linux/amd64)" -
172.18.0.2 - - [05/Jul/2026:09:07:56 +0000] "POST /api/v4/jobs/request HTTP/1.1" 502 35 "" "gitlab-runner 19.1.1 (19-1-stable; go1.26.3; linux/amd64)" -
172.18.0.2 - - [05/Jul/2026:09:07:56 +0000] "POST /api/v4/jobs/request HTTP/1.1" 502 35 "" "gitlab-runner 19.1.1 (19-1-stable; go1.26.3; linux/amd64)" -
172.18.0.2 - - [05/Jul/2026:09:07:57 +0000] "POST /api/v4/jobs/request HTTP/1.1" 502 35 "" "gitlab-runner 19.1.1 (19-1-stable; go1.26.3; linux/amd64)" -
172.18.0.2 - - [05/Jul/2026:09:07:59 +0000] "POST /api/v4/jobs/request HTTP/1.1" 502 35 "" "gitlab-runner 19.1.1 (19-1-stable; go1.26.3; linux/amd64)" -
172.18.0.2 - - [05/Jul/2026:09:07:59 +0000] "POST /api/v4/jobs/request HTTP/1.1" 502 35 "" "gitlab-runner 19.1.1 (19-1-stable; go1.26.3; linux/amd64)" -
172.18.0.2 - - [05/Jul/2026:09:07:59 +0000] "POST /api/v4/jobs/request HTTP/1.1" 502 35 "" "gitlab-runner 19.1.1 (19-1-stable; go1.26.3; linux/amd64)" -
172.18.0.2 - - [05/Jul/2026:09:07:59 +0000] "POST /api/v4/jobs/request HTTP/1.1" 502 35 "" "gitlab-runner 19.1.1 (19-1-stable; go1.26.3; linux/amd64)" -
172.18.0.2 - - [05/Jul/2026:09:08:00 +0000] "POST /api/v4/jobs/request HTTP/1.1" 502 35 "" "gitlab-runner 19.1.1 (19-1-stable; go1.26.3; linux/amd64)" -
172.18.0.2 - - [05/Jul/2026:09:08:02 +0000] "POST /api/v4/jobs/request HTTP/1.1" 502 35 "" "gitlab-runner 19.1.1 (19-1-stable; go1.26.3; linux/amd64)" -
172.18.0.2 - - [05/Jul/2026:09:08:02 +0000] "POST /api/v4/jobs/request HTTP/1.1" 502 35 "" "gitlab-runner 19.1.1 (19-1-stable; go1.26.3; linux/amd64)" -
172.18.0.2 - - [05/Jul/2026:09:08:02 +0000] "POST /api/v4/jobs/request HTTP/1.1" 502 35 "" "gitlab-runner 19.1.1 (19-1-stable; go1.26.3; linux/amd64)" -
172.18.0.2 - - [05/Jul/2026:09:08:02 +0000] "POST /api/v4/jobs/request HTTP/1.1" 502 35 "" "gitlab-runner 19.1.1 (19-1-stable; go1.26.3; linux/amd64)" -
172.18.0.2 - - [05/Jul/2026:09:08:02 +0000] "POST /api/v4/jobs/request HTTP/1.1" 502 35 "" "gitlab-runner 19.1.1 (19-1-stable; go1.26.3; linux/amd64)" -
172.18.0.2 - - [05/Jul/2026:09:08:05 +0000] "POST /api/v4/jobs/request HTTP/1.1" 502 35 "" "gitlab-runner 19.1.1 (19-1-stable; go1.26.3; linux/amd64)" -
172.18.0.2 - - [05/Jul/2026:09:08:05 +0000] "POST /api/v4/jobs/request HTTP/1.1" 502 35 "" "gitlab-runner 19.1.1 (19-1-stable; go1.26.3; linux/amd64)" -
172.18.0.2 - - [05/Jul/2026:09:08:05 +0000] "POST /api/v4/jobs/request HTTP/1.1" 502 35 "" "gitlab-runner 19.1.1 (19-1-stable; go1.26.3; linux/amd64)" -
172.18.0.2 - - [05/Jul/2026:09:08:05 +0000] "POST /api/v4/jobs/request HTTP/1.1" 502 35 "" "gitlab-runner 19.1.1 (19-1-stable; go1.26.3; linux/amd64)" -
172.18.0.2 - - [05/Jul/2026:09:08:06 +0000] "POST /api/v4/jobs/request HTTP/1.1" 502 35 "" "gitlab-runner 19.1.1 (19-1-stable; go1.26.3; linux/amd64)" -
172.18.0.2 - - [05/Jul/2026:09:08:08 +0000] "POST /api/v4/jobs/request HTTP/1.1" 502 35 "" "gitlab-runner 19.1.1 (19-1-stable; go1.26.3; linux/amd64)" -
172.18.0.2 - - [05/Jul/2026:09:08:08 +0000] "POST /api/v4/jobs/request HTTP/1.1" 502 35 "" "gitlab-runner 19.1.1 (19-1-stable; go1.26.3; linux/amd64)" -
172.18.0.2 - - [05/Jul/2026:09:08:08 +0000] "POST /api/v4/jobs/request HTTP/1.1" 502 35 "" "gitlab-runner 19.1.1 (19-1-stable; go1.26.3; linux/amd64)" -
172.18.0.2 - - [05/Jul/2026:09:08:08 +0000] "POST /api/v4/jobs/request HTTP/1.1" 502 35 "" "gitlab-runner 19.1.1 (19-1-stable; go1.26.3; linux/amd64)" -
172.18.0.2 - - [05/Jul/2026:09:08:09 +0000] "POST /api/v4/jobs/request HTTP/1.1" 502 35 "" "gitlab-runner 19.1.1 (19-1-stable; go1.26.3; linux/amd64)" -
172.18.0.2 - - [05/Jul/2026:09:08:11 +0000] "POST /api/v4/jobs/request HTTP/1.1" 502 35 "" "gitlab-runner 19.1.1 (19-1-stable; go1.26.3; linux/amd64)" -
172.18.0.2 - - [05/Jul/2026:09:08:11 +0000] "POST /api/v4/jobs/request HTTP/1.1" 502 35 "" "gitlab-runner 19.1.1 (19-1-stable; go1.26.3; linux/amd64)" -
172.18.0.2 - - [05/Jul/2026:09:08:11 +0000] "POST /api/v4/jobs/request HTTP/1.1" 502 35 "" "gitlab-runner 19.1.1 (19-1-stable; go1.26.3; linux/amd64)" -
172.18.0.2 - - [05/Jul/2026:09:08:11 +0000] "POST /api/v4/jobs/request HTTP/1.1" 502 35 "" "gitlab-runner 19.1.1 (19-1-stable; go1.26.3; linux/amd64)" -
172.18.0.2 - - [05/Jul/2026:09:08:12 +0000] "POST /api/v4/jobs/request HTTP/1.1" 502 35 "" "gitlab-runner 19.1.1 (19-1-stable; go1.26.3; linux/amd64)" -
172.18.0.2 - - [05/Jul/2026:09:08:14 +0000] "POST /api/v4/jobs/request HTTP/1.1" 502 35 "" "gitlab-runner 19.1.1 (19-1-stable; go1.26.3; linux/amd64)" -
172.18.0.2 - - [05/Jul/2026:09:08:14 +0000] "POST /api/v4/jobs/request HTTP/1.1" 502 35 "" "gitlab-runner 19.1.1 (19-1-stable; go1.26.3; linux/amd64)" -
172.18.0.2 - - [05/Jul/2026:09:08:14 +0000] "POST /api/v4/jobs/request HTTP/1.1" 502 35 "" "gitlab-runner 19.1.1 (19-1-stable; go1.26.3; linux/amd64)" -
172.18.0.2 - - [05/Jul/2026:09:08:14 +0000] "POST /api/v4/jobs/request HTTP/1.1" 502 35 "" "gitlab-runner 19.1.1 (19-1-stable; go1.26.3; linux/amd64)" -
172.18.0.2 - - [05/Jul/2026:09:08:15 +0000] "POST /api/v4/jobs/request HTTP/1.1" 502 35 "" "gitlab-runner 19.1.1 (19-1-stable; go1.26.3; linux/amd64)" -
172.18.0.2 - - [05/Jul/2026:09:08:17 +0000] "POST /api/v4/jobs/request HTTP/1.1" 502 35 "" "gitlab-runner 19.1.1 (19-1-stable; go1.26.3; linux/amd64)" -
172.18.0.2 - - [05/Jul/2026:09:08:17 +0000] "POST /api/v4/jobs/request HTTP/1.1" 502 35 "" "gitlab-runner 19.1.1 (19-1-stable; go1.26.3; linux/amd64)" -
172.18.0.2 - - [05/Jul/2026:09:08:17 +0000] "POST /api/v4/jobs/request HTTP/1.1" 502 35 "" "gitlab-runner 19.1.1 (19-1-stable; go1.26.3; linux/amd64)" -
172.18.0.2 - - [05/Jul/2026:09:08:17 +0000] "POST /api/v4/jobs/request HTTP/1.1" 502 35 "" "gitlab-runner 19.1.1 (19-1-stable; go1.26.3; linux/amd64)" -
172.18.0.2 - - [05/Jul/2026:09:08:18 +0000] "POST /api/v4/jobs/request HTTP/1.1" 502 35 "" "gitlab-runner 19.1.1 (19-1-stable; go1.26.3; linux/amd64)" -
172.18.0.2 - - [05/Jul/2026:09:08:20 +0000] "POST /api/v4/jobs/request HTTP/1.1" 502 35 "" "gitlab-runner 19.1.1 (19-1-stable; go1.26.3; linux/amd64)" -
172.18.0.2 - - [05/Jul/2026:09:08:20 +0000] "POST /api/v4/jobs/request HTTP/1.1" 502 35 "" "gitlab-runner 19.1.1 (19-1-stable; go1.26.3; linux/amd64)" -
172.18.0.2 - - [05/Jul/2026:09:08:20 +0000] "POST /api/v4/jobs/request HTTP/1.1" 502 35 "" "gitlab-runner 19.1.1 (19-1-stable; go1.26.3; linux/amd64)" -
172.18.0.2 - - [05/Jul/2026:09:08:20 +0000] "POST /api/v4/jobs/request HTTP/1.1" 502 35 "" "gitlab-runner 19.1.1 (19-1-stable; go1.26.3; linux/amd64)" -
172.18.0.2 - - [05/Jul/2026:09:08:21 +0000] "POST /api/v4/jobs/request HTTP/1.1" 502 35 "" "gitlab-runner 19.1.1 (19-1-stable; go1.26.3; linux/amd64)" -
172.18.0.2 - - [05/Jul/2026:09:08:23 +0000] "POST /api/v4/jobs/request HTTP/1.1" 502 35 "" "gitlab-runner 19.1.1 (19-1-stable; go1.26.3; linux/amd64)" -
172.18.0.2 - - [05/Jul/2026:09:08:23 +0000] "POST /api/v4/jobs/request HTTP/1.1" 502 35 "" "gitlab-runner 19.1.1 (19-1-stable; go1.26.3; linux/amd64)" -
172.18.0.2 - - [05/Jul/2026:09:08:23 +0000] "POST /api/v4/jobs/request HTTP/1.1" 502 35 "" "gitlab-runner 19.1.1 (19-1-stable; go1.26.3; linux/amd64)" -
172.18.0.2 - - [05/Jul/2026:09:08:23 +0000] "POST /api/v4/jobs/request HTTP/1.1" 502 35 "" "gitlab-runner 19.1.1 (19-1-stable; go1.26.3; linux/amd64)" -
172.18.0.2 - - [05/Jul/2026:09:08:24 +0000] "POST /api/v4/jobs/request HTTP/1.1" 502 35 "" "gitlab-runner 19.1.1 (19-1-stable; go1.26.3; linux/amd64)" -
172.18.0.2 - - [05/Jul/2026:09:08:26 +0000] "POST /api/v4/jobs/request HTTP/1.1" 502 35 "" "gitlab-runner 19.1.1 (19-1-stable; go1.26.3; linux/amd64)" -
172.18.0.2 - - [05/Jul/2026:09:08:26 +0000] "POST /api/v4/jobs/request HTTP/1.1" 502 35 "" "gitlab-runner 19.1.1 (19-1-stable; go1.26.3; linux/amd64)" -
172.18.0.2 - - [05/Jul/2026:09:08:26 +0000] "POST /api/v4/jobs/request HTTP/1.1" 502 35 "" "gitlab-runner 19.1.1 (19-1-stable; go1.26.3; linux/amd64)" -
172.18.0.2 - - [05/Jul/2026:09:08:26 +0000] "POST /api/v4/jobs/request HTTP/1.1" 502 35 "" "gitlab-runner 19.1.1 (19-1-stable; go1.26.3; linux/amd64)" -
172.18.0.2 - - [05/Jul/2026:09:08:27 +0000] "POST /api/v4/jobs/request HTTP/1.1" 502 35 "" "gitlab-runner 19.1.1 (19-1-stable; go1.26.3; linux/amd64)" -
172.18.0.2 - - [05/Jul/2026:09:08:29 +0000] "POST /api/v4/jobs/request HTTP/1.1" 502 35 "" "gitlab-runner 19.1.1 (19-1-stable; go1.26.3; linux/amd64)" -
172.18.0.2 - - [05/Jul/2026:09:08:29 +0000] "POST /api/v4/jobs/request HTTP/1.1" 502 35 "" "gitlab-runner 19.1.1 (19-1-stable; go1.26.3; linux/amd64)" -
172.18.0.2 - - [05/Jul/2026:09:08:29 +0000] "POST /api/v4/jobs/request HTTP/1.1" 502 35 "" "gitlab-runner 19.1.1 (19-1-stable; go1.26.3; linux/amd64)" -
172.18.0.2 - - [05/Jul/2026:09:08:29 +0000] "POST /api/v4/jobs/request HTTP/1.1" 502 35 "" "gitlab-runner 19.1.1 (19-1-stable; go1.26.3; linux/amd64)" -
172.18.0.2 - - [05/Jul/2026:09:08:29 +0000] "POST /api/v4/jobs/request HTTP/1.1" 502 35 "" "gitlab-runner 19.1.1 (19-1-stable; go1.26.3; linux/amd64)" -
172.18.0.2 - - [05/Jul/2026:09:08:32 +0000] "POST /api/v4/jobs/request HTTP/1.1" 502 35 "" "gitlab-runner 19.1.1 (19-1-stable; go1.26.3; linux/amd64)" -
172.18.0.2 - - [05/Jul/2026:09:08:32 +0000] "POST /api/v4/jobs/request HTTP/1.1" 502 35 "" "gitlab-runner 19.1.1 (19-1-stable; go1.26.3; linux/amd64)" -
172.18.0.2 - - [05/Jul/2026:09:08:32 +0000] "POST /api/v4/jobs/request HTTP/1.1" 502 35 "" "gitlab-runner 19.1.1 (19-1-stable; go1.26.3; linux/amd64)" -
172.18.0.2 - - [05/Jul/2026:09:08:32 +0000] "POST /api/v4/jobs/request HTTP/1.1" 502 35 "" "gitlab-runner 19.1.1 (19-1-stable; go1.26.3; linux/amd64)" -
172.18.0.2 - - [05/Jul/2026:09:08:33 +0000] "POST /api/v4/jobs/request HTTP/1.1" 502 35 "" "gitlab-runner 19.1.1 (19-1-stable; go1.26.3; linux/amd64)" -
127.0.0.1 - - [05/Jul/2026:09:08:34 +0000] "GET /help HTTP/1.1" 502 2026 "" "curl/8.20.0-DEV" -
172.18.0.2 - - [05/Jul/2026:09:08:35 +0000] "POST /api/v4/jobs/request HTTP/1.1" 502 35 "" "gitlab-runner 19.1.1 (19-1-stable; go1.26.3; linux/amd64)" -
172.18.0.2 - - [05/Jul/2026:09:08:35 +0000] "POST /api/v4/jobs/request HTTP/1.1" 502 35 "" "gitlab-runner 19.1.1 (19-1-stable; go1.26.3; linux/amd64)" -
172.18.0.2 - - [05/Jul/2026:09:08:35 +0000] "POST /api/v4/jobs/request HTTP/1.1" 502 35 "" "gitlab-runner 19.1.1 (19-1-stable; go1.26.3; linux/amd64)" -
172.18.0.2 - - [05/Jul/2026:09:08:35 +0000] "POST /api/v4/jobs/request HTTP/1.1" 502 35 "" "gitlab-runner 19.1.1 (19-1-stable; go1.26.3; linux/amd64)" -
172.18.0.2 - - [05/Jul/2026:09:08:36 +0000] "POST /api/v4/jobs/request HTTP/1.1" 502 35 "" "gitlab-runner 19.1.1 (19-1-stable; go1.26.3; linux/amd64)" -
172.18.0.2 - - [05/Jul/2026:09:08:38 +0000] "POST /api/v4/jobs/request HTTP/1.1" 502 35 "" "gitlab-runner 19.1.1 (19-1-stable; go1.26.3; linux/amd64)" -
172.18.0.2 - - [05/Jul/2026:09:08:38 +0000] "POST /api/v4/jobs/request HTTP/1.1" 502 35 "" "gitlab-runner 19.1.1 (19-1-stable; go1.26.3; linux/amd64)" -
172.18.0.2 - - [05/Jul/2026:09:08:38 +0000] "POST /api/v4/jobs/request HTTP/1.1" 502 35 "" "gitlab-runner 19.1.1 (19-1-stable; go1.26.3; linux/amd64)" -
172.18.0.2 - - [05/Jul/2026:09:08:38 +0000] "POST /api/v4/jobs/request HTTP/1.1" 502 35 "" "gitlab-runner 19.1.1 (19-1-stable; go1.26.3; linux/amd64)" -
172.18.0.2 - - [05/Jul/2026:09:08:39 +0000] "POST /api/v4/jobs/request HTTP/1.1" 502 35 "" "gitlab-runner 19.1.1 (19-1-stable; go1.26.3; linux/amd64)" -
172.18.0.2 - - [05/Jul/2026:09:08:41 +0000] "POST /api/v4/jobs/request HTTP/1.1" 502 35 "" "gitlab-runner 19.1.1 (19-1-stable; go1.26.3; linux/amd64)" -
127.0.0.1 - - [05/Jul/2026:09:08:41 +0000] "GET /api/v4/internal/kubernetes/receptive_agents HTTP/1.1" 502 35 "" "gitlab-kas/v19.1.1/v19.1.1" -
172.18.0.2 - - [05/Jul/2026:09:08:41 +0000] "POST /api/v4/jobs/request HTTP/1.1" 502 35 "" "gitlab-runner 19.1.1 (19-1-stable; go1.26.3; linux/amd64)" -
127.0.0.1 - - [05/Jul/2026:09:08:41 +0000] "GET /api/v4/internal/kubernetes/receptive_agents HTTP/1.1" 502 35 "" "gitlab-kas/v19.1.1/v19.1.1" -
172.18.0.2 - - [05/Jul/2026:09:08:41 +0000] "POST /api/v4/jobs/request HTTP/1.1" 502 35 "" "gitlab-runner 19.1.1 (19-1-stable; go1.26.3; linux/amd64)" -
127.0.0.1 - - [05/Jul/2026:09:08:41 +0000] "GET /api/v4/internal/kubernetes/receptive_agents HTTP/1.1" 502 35 "" "gitlab-kas/v19.1.1/v19.1.1" -
172.18.0.2 - - [05/Jul/2026:09:08:41 +0000] "POST /api/v4/jobs/request HTTP/1.1" 502 35 "" "gitlab-runner 19.1.1 (19-1-stable; go1.26.3; linux/amd64)" -
127.0.0.1 - - [05/Jul/2026:09:08:42 +0000] "GET /api/v4/internal/kubernetes/receptive_agents HTTP/1.1" 502 35 "" "gitlab-kas/v19.1.1/v19.1.1" -
172.18.0.2 - - [05/Jul/2026:09:08:42 +0000] "POST /api/v4/jobs/request HTTP/1.1" 502 35 "" "gitlab-runner 19.1.1 (19-1-stable; go1.26.3; linux/amd64)" -
127.0.0.1 - - [05/Jul/2026:09:08:42 +0000] "GET /api/v4/internal/kubernetes/receptive_agents HTTP/1.1" 502 35 "" "gitlab-kas/v19.1.1/v19.1.1" -
172.18.0.2 - - [05/Jul/2026:09:08:44 +0000] "POST /api/v4/jobs/request HTTP/1.1" 502 35 "" "gitlab-runner 19.1.1 (19-1-stable; go1.26.3; linux/amd64)" -
172.18.0.2 - - [05/Jul/2026:09:08:44 +0000] "POST /api/v4/jobs/request HTTP/1.1" 502 35 "" "gitlab-runner 19.1.1 (19-1-stable; go1.26.3; linux/amd64)" -
172.18.0.2 - - [05/Jul/2026:09:08:44 +0000] "POST /api/v4/jobs/request HTTP/1.1" 502 35 "" "gitlab-runner 19.1.1 (19-1-stable; go1.26.3; linux/amd64)" -
172.18.0.2 - - [05/Jul/2026:09:08:44 +0000] "POST /api/v4/jobs/request HTTP/1.1" 502 35 "" "gitlab-runner 19.1.1 (19-1-stable; go1.26.3; linux/amd64)" -
172.18.0.2 - - [05/Jul/2026:09:08:45 +0000] "POST /api/v4/jobs/request HTTP/1.1" 502 35 "" "gitlab-runner 19.1.1 (19-1-stable; go1.26.3; linux/amd64)" -
172.18.0.2 - - [05/Jul/2026:09:08:47 +0000] "POST /api/v4/jobs/request HTTP/1.1" 502 35 "" "gitlab-runner 19.1.1 (19-1-stable; go1.26.3; linux/amd64)" -
172.18.0.2 - - [05/Jul/2026:09:08:47 +0000] "POST /api/v4/jobs/request HTTP/1.1" 502 35 "" "gitlab-runner 19.1.1 (19-1-stable; go1.26.3; linux/amd64)" -
172.18.0.2 - - [05/Jul/2026:09:08:47 +0000] "POST /api/v4/jobs/request HTTP/1.1" 502 35 "" "gitlab-runner 19.1.1 (19-1-stable; go1.26.3; linux/amd64)" -
172.18.0.2 - - [05/Jul/2026:09:08:47 +0000] "POST /api/v4/jobs/request HTTP/1.1" 502 35 "" "gitlab-runner 19.1.1 (19-1-stable; go1.26.3; linux/amd64)" -
172.18.0.2 - - [05/Jul/2026:09:08:48 +0000] "POST /api/v4/jobs/request HTTP/1.1" 502 35 "" "gitlab-runner 19.1.1 (19-1-stable; go1.26.3; linux/amd64)" -
172.18.0.2 - - [05/Jul/2026:09:08:50 +0000] "POST /api/v4/jobs/request HTTP/1.1" 502 35 "" "gitlab-runner 19.1.1 (19-1-stable; go1.26.3; linux/amd64)" -
172.18.0.2 - - [05/Jul/2026:09:08:50 +0000] "POST /api/v4/jobs/request HTTP/1.1" 502 35 "" "gitlab-runner 19.1.1 (19-1-stable; go1.26.3; linux/amd64)" -
172.18.0.2 - - [05/Jul/2026:09:08:50 +0000] "POST /api/v4/jobs/request HTTP/1.1" 502 35 "" "gitlab-runner 19.1.1 (19-1-stable; go1.26.3; linux/amd64)" -
172.18.0.2 - - [05/Jul/2026:09:08:50 +0000] "POST /api/v4/jobs/request HTTP/1.1" 502 35 "" "gitlab-runner 19.1.1 (19-1-stable; go1.26.3; linux/amd64)" -
172.18.0.2 - - [05/Jul/2026:09:08:51 +0000] "POST /api/v4/jobs/request HTTP/1.1" 502 35 "" "gitlab-runner 19.1.1 (19-1-stable; go1.26.3; linux/amd64)" -
172.18.0.2 - - [05/Jul/2026:09:08:53 +0000] "POST /api/v4/jobs/request HTTP/1.1" 502 35 "" "gitlab-runner 19.1.1 (19-1-stable; go1.26.3; linux/amd64)" -
172.18.0.2 - - [05/Jul/2026:09:08:53 +0000] "POST /api/v4/jobs/request HTTP/1.1" 502 35 "" "gitlab-runner 19.1.1 (19-1-stable; go1.26.3; linux/amd64)" -
172.18.0.2 - - [05/Jul/2026:09:08:53 +0000] "POST /api/v4/jobs/request HTTP/1.1" 502 35 "" "gitlab-runner 19.1.1 (19-1-stable; go1.26.3; linux/amd64)" -
172.18.0.2 - - [05/Jul/2026:09:08:55 +0000] "POST /api/v4/jobs/request HTTP/1.1" 204 0 "" "gitlab-runner 19.1.1 (19-1-stable; go1.26.3; linux/amd64)" -
172.18.0.2 - - [05/Jul/2026:09:08:56 +0000] "POST /api/v4/jobs/request HTTP/1.1" 204 0 "" "gitlab-runner 19.1.1 (19-1-stable; go1.26.3; linux/amd64)" -
172.18.0.2 - - [05/Jul/2026:09:08:59 +0000] "POST /api/v4/jobs/request HTTP/1.1" 204 0 "" "gitlab-runner 19.1.1 (19-1-stable; go1.26.3; linux/amd64)" -
172.18.0.2 - - [05/Jul/2026:09:09:02 +0000] "POST /api/v4/jobs/request HTTP/1.1" 204 0 "" "gitlab-runner 19.1.1 (19-1-stable; go1.26.3; linux/amd64)" -
172.18.0.2 - - [05/Jul/2026:09:09:05 +0000] "POST /api/v4/jobs/request HTTP/1.1" 204 0 "" "gitlab-runner 19.1.1 (19-1-stable; go1.26.3; linux/amd64)" -
172.18.0.2 - - [05/Jul/2026:09:09:08 +0000] "POST /api/v4/jobs/request HTTP/1.1" 204 0 "" "gitlab-runner 19.1.1 (19-1-stable; go1.26.3; linux/amd64)" -
172.18.0.2 - - [05/Jul/2026:09:09:11 +0000] "POST /api/v4/jobs/request HTTP/1.1" 204 0 "" "gitlab-runner 19.1.1 (19-1-stable; go1.26.3; linux/amd64)" -
172.18.0.2 - - [05/Jul/2026:09:09:14 +0000] "POST /api/v4/jobs/request HTTP/1.1" 204 0 "" "gitlab-runner 19.1.1 (19-1-stable; go1.26.3; linux/amd64)" -
172.18.0.2 - - [05/Jul/2026:09:09:17 +0000] "POST /api/v4/jobs/request HTTP/1.1" 204 0 "" "gitlab-runner 19.1.1 (19-1-stable; go1.26.3; linux/amd64)" -
172.18.0.2 - - [05/Jul/2026:09:09:20 +0000] "POST /api/v4/jobs/request HTTP/1.1" 204 0 "" "gitlab-runner 19.1.1 (19-1-stable; go1.26.3; linux/amd64)" -
172.18.0.2 - - [05/Jul/2026:09:09:23 +0000] "POST /api/v4/jobs/request HTTP/1.1" 204 0 "" "gitlab-runner 19.1.1 (19-1-stable; go1.26.3; linux/amd64)" -
172.18.0.2 - - [05/Jul/2026:09:09:26 +0000] "POST /api/v4/jobs/request HTTP/1.1" 204 0 "" "gitlab-runner 19.1.1 (19-1-stable; go1.26.3; linux/amd64)" -
172.18.0.2 - - [05/Jul/2026:09:09:29 +0000] "POST /api/v4/jobs/request HTTP/1.1" 204 0 "" "gitlab-runner 19.1.1 (19-1-stable; go1.26.3; linux/amd64)" -
172.18.0.2 - - [05/Jul/2026:09:09:32 +0000] "POST /api/v4/jobs/request HTTP/1.1" 204 0 "" "gitlab-runner 19.1.1 (19-1-stable; go1.26.3; linux/amd64)" -
172.18.0.2 - - [05/Jul/2026:09:09:35 +0000] "POST /api/v4/jobs/request HTTP/1.1" 204 0 "" "gitlab-runner 19.1.1 (19-1-stable; go1.26.3; linux/amd64)" -
127.0.0.1 - - [05/Jul/2026:09:09:37 +0000] "GET /help HTTP/1.1" 200 31721 "" "curl/8.20.0-DEV" -
172.18.0.2 - - [05/Jul/2026:09:09:38 +0000] "POST /api/v4/jobs/request HTTP/1.1" 204 0 "" "gitlab-runner 19.1.1 (19-1-stable; go1.26.3; linux/amd64)" -
172.18.0.2 - - [05/Jul/2026:09:09:41 +0000] "POST /api/v4/jobs/request HTTP/1.1" 204 0 "" "gitlab-runner 19.1.1 (19-1-stable; go1.26.3; linux/amd64)" -
172.18.0.2 - - [05/Jul/2026:09:09:44 +0000] "POST /api/v4/jobs/request HTTP/1.1" 204 0 "" "gitlab-runner 19.1.1 (19-1-stable; go1.26.3; linux/amd64)" -
172.18.0.2 - - [05/Jul/2026:09:09:47 +0000] "POST /api/v4/jobs/request HTTP/1.1" 204 0 "" "gitlab-runner 19.1.1 (19-1-stable; go1.26.3; linux/amd64)" -
172.18.0.2 - - [05/Jul/2026:09:09:50 +0000] "POST /api/v4/jobs/request HTTP/1.1" 204 0 "" "gitlab-runner 19.1.1 (19-1-stable; go1.26.3; linux/amd64)" -
172.18.0.2 - - [05/Jul/2026:09:09:53 +0000] "POST /api/v4/jobs/request HTTP/1.1" 204 0 "" "gitlab-runner 19.1.1 (19-1-stable; go1.26.3; linux/amd64)" -
172.18.0.2 - - [05/Jul/2026:09:09:56 +0000] "POST /api/v4/jobs/request HTTP/1.1" 204 0 "" "gitlab-runner 19.1.1 (19-1-stable; go1.26.3; linux/amd64)" -
172.18.0.2 - - [05/Jul/2026:09:09:59 +0000] "POST /api/v4/jobs/request HTTP/1.1" 204 0 "" "gitlab-runner 19.1.1 (19-1-stable; go1.26.3; linux/amd64)" -
172.18.0.2 - - [05/Jul/2026:09:10:02 +0000] "POST /api/v4/jobs/request HTTP/1.1" 204 0 "" "gitlab-runner 19.1.1 (19-1-stable; go1.26.3; linux/amd64)" -
172.18.0.2 - - [05/Jul/2026:09:10:05 +0000] "POST /api/v4/jobs/request HTTP/1.1" 204 0 "" "gitlab-runner 19.1.1 (19-1-stable; go1.26.3; linux/amd64)" -
172.18.0.2 - - [05/Jul/2026:09:10:08 +0000] "POST /api/v4/jobs/request HTTP/1.1" 204 0 "" "gitlab-runner 19.1.1 (19-1-stable; go1.26.3; linux/amd64)" -
172.18.0.2 - - [05/Jul/2026:09:10:11 +0000] "POST /api/v4/jobs/request HTTP/1.1" 204 0 "" "gitlab-runner 19.1.1 (19-1-stable; go1.26.3; linux/amd64)" -
172.18.0.2 - - [05/Jul/2026:09:10:14 +0000] "POST /api/v4/jobs/request HTTP/1.1" 204 0 "" "gitlab-runner 19.1.1 (19-1-stable; go1.26.3; linux/amd64)" -
172.18.0.2 - - [05/Jul/2026:09:10:17 +0000] "POST /api/v4/jobs/request HTTP/1.1" 204 0 "" "gitlab-runner 19.1.1 (19-1-stable; go1.26.3; linux/amd64)" -
172.18.0.2 - - [05/Jul/2026:09:10:20 +0000] "POST /api/v4/jobs/request HTTP/1.1" 204 0 "" "gitlab-runner 19.1.1 (19-1-stable; go1.26.3; linux/amd64)" -
172.18.0.2 - - [05/Jul/2026:09:10:23 +0000] "POST /api/v4/jobs/request HTTP/1.1" 204 0 "" "gitlab-runner 19.1.1 (19-1-stable; go1.26.3; linux/amd64)" -
172.18.0.2 - - [05/Jul/2026:09:10:26 +0000] "POST /api/v4/jobs/request HTTP/1.1" 204 0 "" "gitlab-runner 19.1.1 (19-1-stable; go1.26.3; linux/amd64)" -
172.18.0.2 - - [05/Jul/2026:09:10:29 +0000] "POST /api/v4/jobs/request HTTP/1.1" 204 0 "" "gitlab-runner 19.1.1 (19-1-stable; go1.26.3; linux/amd64)" -
172.18.0.2 - - [05/Jul/2026:09:10:32 +0000] "POST /api/v4/jobs/request HTTP/1.1" 204 0 "" "gitlab-runner 19.1.1 (19-1-stable; go1.26.3; linux/amd64)" -
172.18.0.2 - - [05/Jul/2026:09:10:35 +0000] "POST /api/v4/jobs/request HTTP/1.1" 204 0 "" "gitlab-runner 19.1.1 (19-1-stable; go1.26.3; linux/amd64)" -
127.0.0.1 - - [05/Jul/2026:09:10:37 +0000] "GET /help HTTP/1.1" 200 31721 "" "curl/8.20.0-DEV" -
172.18.0.2 - - [05/Jul/2026:09:10:38 +0000] "POST /api/v4/jobs/request HTTP/1.1" 204 0 "" "gitlab-runner 19.1.1 (19-1-stable; go1.26.3; linux/amd64)" -
172.18.0.2 - - [05/Jul/2026:09:10:41 +0000] "POST /api/v4/jobs/request HTTP/1.1" 204 0 "" "gitlab-runner 19.1.1 (19-1-stable; go1.26.3; linux/amd64)" -
172.18.0.2 - - [05/Jul/2026:09:10:44 +0000] "POST /api/v4/jobs/request HTTP/1.1" 204 0 "" "gitlab-runner 19.1.1 (19-1-stable; go1.26.3; linux/amd64)" -
172.18.0.2 - - [05/Jul/2026:09:10:47 +0000] "POST /api/v4/jobs/request HTTP/1.1" 204 0 "" "gitlab-runner 19.1.1 (19-1-stable; go1.26.3; linux/amd64)" -
172.18.0.2 - - [05/Jul/2026:09:10:50 +0000] "POST /api/v4/jobs/request HTTP/1.1" 204 0 "" "gitlab-runner 19.1.1 (19-1-stable; go1.26.3; linux/amd64)" -
127.0.0.1 - - [05/Jul/2026:09:10:52 +0000] "GET /api/v4/internal/kubernetes/receptive_agents HTTP/1.1" 200 13 "" "gitlab-kas/v19.1.1/v19.1.1" -
172.18.0.2 - - [05/Jul/2026:09:10:53 +0000] "POST /api/v4/jobs/request HTTP/1.1" 204 0 "" "gitlab-runner 19.1.1 (19-1-stable; go1.26.3; linux/amd64)" -
172.18.0.2 - - [05/Jul/2026:09:10:56 +0000] "POST /api/v4/jobs/request HTTP/1.1" 204 0 "" "gitlab-runner 19.1.1 (19-1-stable; go1.26.3; linux/amd64)" -
172.18.0.2 - - [05/Jul/2026:09:10:59 +0000] "POST /api/v4/jobs/request HTTP/1.1" 204 0 "" "gitlab-runner 19.1.1 (19-1-stable; go1.26.3; linux/amd64)" -
172.18.0.2 - - [05/Jul/2026:09:11:02 +0000] "POST /api/v4/jobs/request HTTP/1.1" 204 0 "" "gitlab-runner 19.1.1 (19-1-stable; go1.26.3; linux/amd64)" -
172.18.0.2 - - [05/Jul/2026:09:11:05 +0000] "POST /api/v4/jobs/request HTTP/1.1" 204 0 "" "gitlab-runner 19.1.1 (19-1-stable; go1.26.3; linux/amd64)" -
172.18.0.2 - - [05/Jul/2026:09:11:08 +0000] "POST /api/v4/jobs/request HTTP/1.1" 204 0 "" "gitlab-runner 19.1.1 (19-1-stable; go1.26.3; linux/amd64)" -
172.18.0.2 - - [05/Jul/2026:09:11:11 +0000] "POST /api/v4/jobs/request HTTP/1.1" 204 0 "" "gitlab-runner 19.1.1 (19-1-stable; go1.26.3; linux/amd64)" -
172.18.0.2 - - [05/Jul/2026:09:11:14 +0000] "POST /api/v4/jobs/request HTTP/1.1" 204 0 "" "gitlab-runner 19.1.1 (19-1-stable; go1.26.3; linux/amd64)" -
172.18.0.2 - - [05/Jul/2026:09:11:17 +0000] "POST /api/v4/jobs/request HTTP/1.1" 204 0 "" "gitlab-runner 19.1.1 (19-1-stable; go1.26.3; linux/amd64)" -
172.18.0.2 - - [05/Jul/2026:09:11:20 +0000] "POST /api/v4/jobs/request HTTP/1.1" 204 0 "" "gitlab-runner 19.1.1 (19-1-stable; go1.26.3; linux/amd64)" -
172.18.0.2 - - [05/Jul/2026:09:11:23 +0000] "POST /api/v4/jobs/request HTTP/1.1" 204 0 "" "gitlab-runner 19.1.1 (19-1-stable; go1.26.3; linux/amd64)" -
172.18.0.2 - - [05/Jul/2026:09:11:26 +0000] "POST /api/v4/jobs/request HTTP/1.1" 204 0 "" "gitlab-runner 19.1.1 (19-1-stable; go1.26.3; linux/amd64)" -
172.18.0.2 - - [05/Jul/2026:09:11:29 +0000] "POST /api/v4/jobs/request HTTP/1.1" 204 0 "" "gitlab-runner 19.1.1 (19-1-stable; go1.26.3; linux/amd64)" -
172.18.0.2 - - [05/Jul/2026:09:11:32 +0000] "POST /api/v4/jobs/request HTTP/1.1" 204 0 "" "gitlab-runner 19.1.1 (19-1-stable; go1.26.3; linux/amd64)" -
172.18.0.2 - - [05/Jul/2026:09:11:35 +0000] "POST /api/v4/jobs/request HTTP/1.1" 204 0 "" "gitlab-runner 19.1.1 (19-1-stable; go1.26.3; linux/amd64)" -
127.0.0.1 - - [05/Jul/2026:09:11:37 +0000] "GET /help HTTP/1.1" 200 31721 "" "curl/8.20.0-DEV" -
172.18.0.2 - - [05/Jul/2026:09:11:38 +0000] "POST /api/v4/jobs/request HTTP/1.1" 204 0 "" "gitlab-runner 19.1.1 (19-1-stable; go1.26.3; linux/amd64)" -
172.18.0.2 - - [05/Jul/2026:09:11:41 +0000] "POST /api/v4/jobs/request HTTP/1.1" 204 0 "" "gitlab-runner 19.1.1 (19-1-stable; go1.26.3; linux/amd64)" -
172.18.0.2 - - [05/Jul/2026:09:11:44 +0000] "POST /api/v4/jobs/request HTTP/1.1" 204 0 "" "gitlab-runner 19.1.1 (19-1-stable; go1.26.3; linux/amd64)" -
172.18.0.2 - - [05/Jul/2026:09:11:47 +0000] "POST /api/v4/jobs/request HTTP/1.1" 204 0 "" "gitlab-runner 19.1.1 (19-1-stable; go1.26.3; linux/amd64)" -
172.18.0.2 - - [05/Jul/2026:09:11:50 +0000] "POST /api/v4/jobs/request HTTP/1.1" 204 0 "" "gitlab-runner 19.1.1 (19-1-stable; go1.26.3; linux/amd64)" -
127.0.0.1 - - [05/Jul/2026:09:11:52 +0000] "GET /api/v4/internal/kubernetes/receptive_agents HTTP/1.1" 200 13 "" "gitlab-kas/v19.1.1/v19.1.1" -
172.18.0.2 - - [05/Jul/2026:09:11:53 +0000] "POST /api/v4/jobs/request HTTP/1.1" 204 0 "" "gitlab-runner 19.1.1 (19-1-stable; go1.26.3; linux/amd64)" -
172.18.0.2 - - [05/Jul/2026:09:11:56 +0000] "POST /api/v4/jobs/request HTTP/1.1" 204 0 "" "gitlab-runner 19.1.1 (19-1-stable; go1.26.3; linux/amd64)" -
172.18.0.2 - - [05/Jul/2026:09:11:59 +0000] "POST /api/v4/jobs/request HTTP/1.1" 204 0 "" "gitlab-runner 19.1.1 (19-1-stable; go1.26.3; linux/amd64)" -
172.18.0.2 - - [05/Jul/2026:09:12:02 +0000] "POST /api/v4/jobs/request HTTP/1.1" 204 0 "" "gitlab-runner 19.1.1 (19-1-stable; go1.26.3; linux/amd64)" -
172.18.0.2 - - [05/Jul/2026:09:12:05 +0000] "POST /api/v4/jobs/request HTTP/1.1" 204 0 "" "gitlab-runner 19.1.1 (19-1-stable; go1.26.3; linux/amd64)" -
172.18.0.2 - - [05/Jul/2026:09:12:08 +0000] "POST /api/v4/jobs/request HTTP/1.1" 204 0 "" "gitlab-runner 19.1.1 (19-1-stable; go1.26.3; linux/amd64)" -
172.18.0.2 - - [05/Jul/2026:09:12:11 +0000] "POST /api/v4/jobs/request HTTP/1.1" 204 0 "" "gitlab-runner 19.1.1 (19-1-stable; go1.26.3; linux/amd64)" -
172.18.0.2 - - [05/Jul/2026:09:12:14 +0000] "POST /api/v4/jobs/request HTTP/1.1" 204 0 "" "gitlab-runner 19.1.1 (19-1-stable; go1.26.3; linux/amd64)" -
172.18.0.2 - - [05/Jul/2026:09:12:17 +0000] "POST /api/v4/jobs/request HTTP/1.1" 204 0 "" "gitlab-runner 19.1.1 (19-1-stable; go1.26.3; linux/amd64)" -
172.18.0.2 - - [05/Jul/2026:09:12:20 +0000] "POST /api/v4/jobs/request HTTP/1.1" 204 0 "" "gitlab-runner 19.1.1 (19-1-stable; go1.26.3; linux/amd64)" -
172.18.0.2 - - [05/Jul/2026:09:12:23 +0000] "POST /api/v4/jobs/request HTTP/1.1" 204 0 "" "gitlab-runner 19.1.1 (19-1-stable; go1.26.3; linux/amd64)" -
172.18.0.2 - - [05/Jul/2026:09:12:26 +0000] "POST /api/v4/jobs/request HTTP/1.1" 204 0 "" "gitlab-runner 19.1.1 (19-1-stable; go1.26.3; linux/amd64)" -
172.18.0.2 - - [05/Jul/2026:09:12:29 +0000] "POST /api/v4/jobs/request HTTP/1.1" 204 0 "" "gitlab-runner 19.1.1 (19-1-stable; go1.26.3; linux/amd64)" -
172.18.0.2 - - [05/Jul/2026:09:12:32 +0000] "POST /api/v4/jobs/request HTTP/1.1" 204 0 "" "gitlab-runner 19.1.1 (19-1-stable; go1.26.3; linux/amd64)" -
172.18.0.2 - - [05/Jul/2026:09:12:35 +0000] "POST /api/v4/jobs/request HTTP/1.1" 204 0 "" "gitlab-runner 19.1.1 (19-1-stable; go1.26.3; linux/amd64)" -
127.0.0.1 - - [05/Jul/2026:09:12:37 +0000] "GET /help HTTP/1.1" 200 31721 "" "curl/8.20.0-DEV" -
172.18.0.2 - - [05/Jul/2026:09:12:38 +0000] "POST /api/v4/jobs/request HTTP/1.1" 204 0 "" "gitlab-runner 19.1.1 (19-1-stable; go1.26.3; linux/amd64)" -
172.18.0.2 - - [05/Jul/2026:09:12:41 +0000] "POST /api/v4/jobs/request HTTP/1.1" 204 0 "" "gitlab-runner 19.1.1 (19-1-stable; go1.26.3; linux/amd64)" -
172.18.0.2 - - [05/Jul/2026:09:12:44 +0000] "POST /api/v4/jobs/request HTTP/1.1" 204 0 "" "gitlab-runner 19.1.1 (19-1-stable; go1.26.3; linux/amd64)" -
172.18.0.2 - - [05/Jul/2026:09:12:47 +0000] "POST /api/v4/jobs/request HTTP/1.1" 204 0 "" "gitlab-runner 19.1.1 (19-1-stable; go1.26.3; linux/amd64)" -
172.18.0.2 - - [05/Jul/2026:09:12:50 +0000] "POST /api/v4/jobs/request HTTP/1.1" 204 0 "" "gitlab-runner 19.1.1 (19-1-stable; go1.26.3; linux/amd64)" -
127.0.0.1 - - [05/Jul/2026:09:12:53 +0000] "GET /api/v4/internal/kubernetes/receptive_agents HTTP/1.1" 200 13 "" "gitlab-kas/v19.1.1/v19.1.1" -
172.18.0.2 - - [05/Jul/2026:09:12:53 +0000] "POST /api/v4/jobs/request HTTP/1.1" 204 0 "" "gitlab-runner 19.1.1 (19-1-stable; go1.26.3; linux/amd64)" -
172.18.0.2 - - [05/Jul/2026:09:12:56 +0000] "POST /api/v4/jobs/request HTTP/1.1" 204 0 "" "gitlab-runner 19.1.1 (19-1-stable; go1.26.3; linux/amd64)" -
172.18.0.2 - - [05/Jul/2026:09:12:59 +0000] "POST /api/v4/jobs/request HTTP/1.1" 204 0 "" "gitlab-runner 19.1.1 (19-1-stable; go1.26.3; linux/amd64)" -
172.18.0.2 - - [05/Jul/2026:09:13:02 +0000] "POST /api/v4/jobs/request HTTP/1.1" 204 0 "" "gitlab-runner 19.1.1 (19-1-stable; go1.26.3; linux/amd64)" -
172.18.0.2 - - [05/Jul/2026:09:13:05 +0000] "POST /api/v4/jobs/request HTTP/1.1" 204 0 "" "gitlab-runner 19.1.1 (19-1-stable; go1.26.3; linux/amd64)" -
172.18.0.2 - - [05/Jul/2026:09:13:08 +0000] "POST /api/v4/jobs/request HTTP/1.1" 204 0 "" "gitlab-runner 19.1.1 (19-1-stable; go1.26.3; linux/amd64)" -
172.18.0.2 - - [05/Jul/2026:09:13:11 +0000] "POST /api/v4/jobs/request HTTP/1.1" 204 0 "" "gitlab-runner 19.1.1 (19-1-stable; go1.26.3; linux/amd64)" -
172.18.0.2 - - [05/Jul/2026:09:13:14 +0000] "POST /api/v4/jobs/request HTTP/1.1" 204 0 "" "gitlab-runner 19.1.1 (19-1-stable; go1.26.3; linux/amd64)" -
172.18.0.2 - - [05/Jul/2026:09:13:17 +0000] "POST /api/v4/jobs/request HTTP/1.1" 204 0 "" "gitlab-runner 19.1.1 (19-1-stable; go1.26.3; linux/amd64)" -
172.18.0.2 - - [05/Jul/2026:09:13:20 +0000] "POST /api/v4/jobs/request HTTP/1.1" 204 0 "" "gitlab-runner 19.1.1 (19-1-stable; go1.26.3; linux/amd64)" -
172.18.0.2 - - [05/Jul/2026:09:13:23 +0000] "POST /api/v4/jobs/request HTTP/1.1" 204 0 "" "gitlab-runner 19.1.1 (19-1-stable; go1.26.3; linux/amd64)" -
172.18.0.2 - - [05/Jul/2026:09:13:26 +0000] "POST /api/v4/jobs/request HTTP/1.1" 204 0 "" "gitlab-runner 19.1.1 (19-1-stable; go1.26.3; linux/amd64)" -
172.18.0.2 - - [05/Jul/2026:09:13:29 +0000] "POST /api/v4/jobs/request HTTP/1.1" 204 0 "" "gitlab-runner 19.1.1 (19-1-stable; go1.26.3; linux/amd64)" -
172.18.0.2 - - [05/Jul/2026:09:13:32 +0000] "POST /api/v4/jobs/request HTTP/1.1" 204 0 "" "gitlab-runner 19.1.1 (19-1-stable; go1.26.3; linux/amd64)" -
172.18.0.2 - - [05/Jul/2026:09:13:35 +0000] "POST /api/v4/jobs/request HTTP/1.1" 204 0 "" "gitlab-runner 19.1.1 (19-1-stable; go1.26.3; linux/amd64)" -
172.18.0.2 - - [05/Jul/2026:09:13:38 +0000] "POST /api/v4/jobs/request HTTP/1.1" 204 0 "" "gitlab-runner 19.1.1 (19-1-stable; go1.26.3; linux/amd64)" -
127.0.0.1 - - [05/Jul/2026:09:13:39 +0000] "GET /help HTTP/1.1" 200 31721 "" "curl/8.20.0-DEV" -
172.18.0.2 - - [05/Jul/2026:09:13:41 +0000] "POST /api/v4/jobs/request HTTP/1.1" 204 0 "" "gitlab-runner 19.1.1 (19-1-stable; go1.26.3; linux/amd64)" -
172.18.0.2 - - [05/Jul/2026:09:13:44 +0000] "POST /api/v4/jobs/request HTTP/1.1" 204 0 "" "gitlab-runner 19.1.1 (19-1-stable; go1.26.3; linux/amd64)" -
172.18.0.2 - - [05/Jul/2026:09:13:47 +0000] "POST /api/v4/jobs/request HTTP/1.1" 204 0 "" "gitlab-runner 19.1.1 (19-1-stable; go1.26.3; linux/amd64)" -
172.18.0.2 - - [05/Jul/2026:09:13:50 +0000] "POST /api/v4/jobs/request HTTP/1.1" 204 0 "" "gitlab-runner 19.1.1 (19-1-stable; go1.26.3; linux/amd64)" -
127.0.0.1 - - [05/Jul/2026:09:13:53 +0000] "GET /api/v4/internal/kubernetes/receptive_agents HTTP/1.1" 200 13 "" "gitlab-kas/v19.1.1/v19.1.1" -
172.18.0.2 - - [05/Jul/2026:09:13:53 +0000] "POST /api/v4/jobs/request HTTP/1.1" 204 0 "" "gitlab-runner 19.1.1 (19-1-stable; go1.26.3; linux/amd64)" -
172.18.0.2 - - [05/Jul/2026:09:13:56 +0000] "POST /api/v4/jobs/request HTTP/1.1" 204 0 "" "gitlab-runner 19.1.1 (19-1-stable; go1.26.3; linux/amd64)" -
172.18.0.2 - - [05/Jul/2026:09:13:59 +0000] "POST /api/v4/jobs/request HTTP/1.1" 204 0 "" "gitlab-runner 19.1.1 (19-1-stable; go1.26.3; linux/amd64)" -
172.18.0.2 - - [05/Jul/2026:09:14:02 +0000] "POST /api/v4/jobs/request HTTP/1.1" 204 0 "" "gitlab-runner 19.1.1 (19-1-stable; go1.26.3; linux/amd64)" -
172.18.0.2 - - [05/Jul/2026:09:14:05 +0000] "POST /api/v4/jobs/request HTTP/1.1" 204 0 "" "gitlab-runner 19.1.1 (19-1-stable; go1.26.3; linux/amd64)" -
172.18.0.2 - - [05/Jul/2026:09:14:08 +0000] "POST /api/v4/jobs/request HTTP/1.1" 204 0 "" "gitlab-runner 19.1.1 (19-1-stable; go1.26.3; linux/amd64)" -
172.18.0.2 - - [05/Jul/2026:09:14:11 +0000] "POST /api/v4/jobs/request HTTP/1.1" 204 0 "" "gitlab-runner 19.1.1 (19-1-stable; go1.26.3; linux/amd64)" -
172.18.0.2 - - [05/Jul/2026:09:14:14 +0000] "POST /api/v4/jobs/request HTTP/1.1" 204 0 "" "gitlab-runner 19.1.1 (19-1-stable; go1.26.3; linux/amd64)" -
172.18.0.2 - - [05/Jul/2026:09:14:17 +0000] "POST /api/v4/jobs/request HTTP/1.1" 204 0 "" "gitlab-runner 19.1.1 (19-1-stable; go1.26.3; linux/amd64)" -
172.18.0.2 - - [05/Jul/2026:09:14:20 +0000] "POST /api/v4/jobs/request HTTP/1.1" 204 0 "" "gitlab-runner 19.1.1 (19-1-stable; go1.26.3; linux/amd64)" -
172.18.0.2 - - [05/Jul/2026:09:14:23 +0000] "POST /api/v4/jobs/request HTTP/1.1" 204 0 "" "gitlab-runner 19.1.1 (19-1-stable; go1.26.3; linux/amd64)" -
172.18.0.2 - - [05/Jul/2026:09:14:26 +0000] "POST /api/v4/jobs/request HTTP/1.1" 204 0 "" "gitlab-runner 19.1.1 (19-1-stable; go1.26.3; linux/amd64)" -
172.18.0.2 - - [05/Jul/2026:09:14:29 +0000] "POST /api/v4/jobs/request HTTP/1.1" 204 0 "" "gitlab-runner 19.1.1 (19-1-stable; go1.26.3; linux/amd64)" -
172.18.0.2 - - [05/Jul/2026:09:14:32 +0000] "POST /api/v4/jobs/request HTTP/1.1" 204 0 "" "gitlab-runner 19.1.1 (19-1-stable; go1.26.3; linux/amd64)" -
172.18.0.2 - - [05/Jul/2026:09:14:35 +0000] "POST /api/v4/jobs/request HTTP/1.1" 204 0 "" "gitlab-runner 19.1.1 (19-1-stable; go1.26.3; linux/amd64)" -
172.18.0.2 - - [05/Jul/2026:09:14:38 +0000] "POST /api/v4/jobs/request HTTP/1.1" 204 0 "" "gitlab-runner 19.1.1 (19-1-stable; go1.26.3; linux/amd64)" -
127.0.0.1 - - [05/Jul/2026:09:14:41 +0000] "GET /help HTTP/1.1" 200 31721 "" "curl/8.20.0-DEV" -
172.18.0.2 - - [05/Jul/2026:09:14:41 +0000] "POST /api/v4/jobs/request HTTP/1.1" 204 0 "" "gitlab-runner 19.1.1 (19-1-stable; go1.26.3; linux/amd64)" -
172.18.0.2 - - [05/Jul/2026:09:14:44 +0000] "POST /api/v4/jobs/request HTTP/1.1" 204 0 "" "gitlab-runner 19.1.1 (19-1-stable; go1.26.3; linux/amd64)" -
172.18.0.2 - - [05/Jul/2026:09:14:47 +0000] "POST /api/v4/jobs/request HTTP/1.1" 204 0 "" "gitlab-runner 19.1.1 (19-1-stable; go1.26.3; linux/amd64)" -
172.18.0.2 - - [05/Jul/2026:09:14:50 +0000] "POST /api/v4/jobs/request HTTP/1.1" 204 0 "" "gitlab-runner 19.1.1 (19-1-stable; go1.26.3; linux/amd64)" -
127.0.0.1 - - [05/Jul/2026:09:14:53 +0000] "GET /api/v4/internal/kubernetes/receptive_agents HTTP/1.1" 200 13 "" "gitlab-kas/v19.1.1/v19.1.1" -
172.18.0.2 - - [05/Jul/2026:09:14:53 +0000] "POST /api/v4/jobs/request HTTP/1.1" 204 0 "" "gitlab-runner 19.1.1 (19-1-stable; go1.26.3; linux/amd64)" -
172.18.0.2 - - [05/Jul/2026:09:14:56 +0000] "POST /api/v4/jobs/request HTTP/1.1" 204 0 "" "gitlab-runner 19.1.1 (19-1-stable; go1.26.3; linux/amd64)" -
172.18.0.2 - - [05/Jul/2026:09:14:59 +0000] "POST /api/v4/jobs/request HTTP/1.1" 204 0 "" "gitlab-runner 19.1.1 (19-1-stable; go1.26.3; linux/amd64)" -
172.18.0.2 - - [05/Jul/2026:09:15:02 +0000] "POST /api/v4/jobs/request HTTP/1.1" 204 0 "" "gitlab-runner 19.1.1 (19-1-stable; go1.26.3; linux/amd64)" -
172.18.0.2 - - [05/Jul/2026:09:15:05 +0000] "POST /api/v4/jobs/request HTTP/1.1" 204 0 "" "gitlab-runner 19.1.1 (19-1-stable; go1.26.3; linux/amd64)" -
172.18.0.2 - - [05/Jul/2026:09:15:08 +0000] "POST /api/v4/jobs/request HTTP/1.1" 204 0 "" "gitlab-runner 19.1.1 (19-1-stable; go1.26.3; linux/amd64)" -
172.18.0.2 - - [05/Jul/2026:09:15:11 +0000] "POST /api/v4/jobs/request HTTP/1.1" 204 0 "" "gitlab-runner 19.1.1 (19-1-stable; go1.26.3; linux/amd64)" -
172.18.0.2 - - [05/Jul/2026:09:15:14 +0000] "POST /api/v4/jobs/request HTTP/1.1" 204 0 "" "gitlab-runner 19.1.1 (19-1-stable; go1.26.3; linux/amd64)" -
172.18.0.2 - - [05/Jul/2026:09:15:17 +0000] "POST /api/v4/jobs/request HTTP/1.1" 204 0 "" "gitlab-runner 19.1.1 (19-1-stable; go1.26.3; linux/amd64)" -
172.18.0.2 - - [05/Jul/2026:09:15:20 +0000] "POST /api/v4/jobs/request HTTP/1.1" 204 0 "" "gitlab-runner 19.1.1 (19-1-stable; go1.26.3; linux/amd64)" -
172.18.0.2 - - [05/Jul/2026:09:15:23 +0000] "POST /api/v4/jobs/request HTTP/1.1" 204 0 "" "gitlab-runner 19.1.1 (19-1-stable; go1.26.3; linux/amd64)" -
172.18.0.2 - - [05/Jul/2026:09:15:26 +0000] "POST /api/v4/jobs/request HTTP/1.1" 204 0 "" "gitlab-runner 19.1.1 (19-1-stable; go1.26.3; linux/amd64)" -
172.18.0.2 - - [05/Jul/2026:09:15:29 +0000] "POST /api/v4/jobs/request HTTP/1.1" 204 0 "" "gitlab-runner 19.1.1 (19-1-stable; go1.26.3; linux/amd64)" -
172.18.0.2 - - [05/Jul/2026:09:15:32 +0000] "POST /api/v4/jobs/request HTTP/1.1" 204 0 "" "gitlab-runner 19.1.1 (19-1-stable; go1.26.3; linux/amd64)" -
172.18.0.2 - - [05/Jul/2026:09:15:35 +0000] "POST /api/v4/jobs/request HTTP/1.1" 204 0 "" "gitlab-runner 19.1.1 (19-1-stable; go1.26.3; linux/amd64)" -
172.18.0.2 - - [05/Jul/2026:09:15:38 +0000] "POST /api/v4/jobs/request HTTP/1.1" 204 0 "" "gitlab-runner 19.1.1 (19-1-stable; go1.26.3; linux/amd64)" -
127.0.0.1 - - [05/Jul/2026:09:15:41 +0000] "GET /help HTTP/1.1" 200 31721 "" "curl/8.20.0-DEV" -
172.18.0.2 - - [05/Jul/2026:09:15:41 +0000] "POST /api/v4/jobs/request HTTP/1.1" 204 0 "" "gitlab-runner 19.1.1 (19-1-stable; go1.26.3; linux/amd64)" -
172.18.0.2 - - [05/Jul/2026:09:15:44 +0000] "POST /api/v4/jobs/request HTTP/1.1" 204 0 "" "gitlab-runner 19.1.1 (19-1-stable; go1.26.3; linux/amd64)" -
172.18.0.2 - - [05/Jul/2026:09:15:47 +0000] "POST /api/v4/jobs/request HTTP/1.1" 204 0 "" "gitlab-runner 19.1.1 (19-1-stable; go1.26.3; linux/amd64)" -
172.18.0.2 - - [05/Jul/2026:09:15:50 +0000] "POST /api/v4/jobs/request HTTP/1.1" 204 0 "" "gitlab-runner 19.1.1 (19-1-stable; go1.26.3; linux/amd64)" -
127.0.0.1 - - [05/Jul/2026:09:15:53 +0000] "GET /api/v4/internal/kubernetes/receptive_agents HTTP/1.1" 200 13 "" "gitlab-kas/v19.1.1/v19.1.1" -
172.18.0.2 - - [05/Jul/2026:09:15:53 +0000] "POST /api/v4/jobs/request HTTP/1.1" 204 0 "" "gitlab-runner 19.1.1 (19-1-stable; go1.26.3; linux/amd64)" -
172.18.0.2 - - [05/Jul/2026:09:15:56 +0000] "POST /api/v4/jobs/request HTTP/1.1" 204 0 "" "gitlab-runner 19.1.1 (19-1-stable; go1.26.3; linux/amd64)" -
172.18.0.2 - - [05/Jul/2026:09:15:59 +0000] "POST /api/v4/jobs/request HTTP/1.1" 204 0 "" "gitlab-runner 19.1.1 (19-1-stable; go1.26.3; linux/amd64)" -
172.18.0.2 - - [05/Jul/2026:09:16:02 +0000] "POST /api/v4/jobs/request HTTP/1.1" 204 0 "" "gitlab-runner 19.1.1 (19-1-stable; go1.26.3; linux/amd64)" -
172.18.0.2 - - [05/Jul/2026:09:16:05 +0000] "POST /api/v4/jobs/request HTTP/1.1" 204 0 "" "gitlab-runner 19.1.1 (19-1-stable; go1.26.3; linux/amd64)" -
172.18.0.2 - - [05/Jul/2026:09:16:08 +0000] "POST /api/v4/jobs/request HTTP/1.1" 204 0 "" "gitlab-runner 19.1.1 (19-1-stable; go1.26.3; linux/amd64)" -
172.18.0.2 - - [05/Jul/2026:09:16:11 +0000] "POST /api/v4/jobs/request HTTP/1.1" 204 0 "" "gitlab-runner 19.1.1 (19-1-stable; go1.26.3; linux/amd64)" -
172.18.0.2 - - [05/Jul/2026:09:16:14 +0000] "POST /api/v4/jobs/request HTTP/1.1" 204 0 "" "gitlab-runner 19.1.1 (19-1-stable; go1.26.3; linux/amd64)" -
172.18.0.2 - - [05/Jul/2026:09:16:17 +0000] "POST /api/v4/jobs/request HTTP/1.1" 204 0 "" "gitlab-runner 19.1.1 (19-1-stable; go1.26.3; linux/amd64)" -
172.18.0.2 - - [05/Jul/2026:09:16:20 +0000] "POST /api/v4/jobs/request HTTP/1.1" 204 0 "" "gitlab-runner 19.1.1 (19-1-stable; go1.26.3; linux/amd64)" -
172.18.0.2 - - [05/Jul/2026:09:16:23 +0000] "POST /api/v4/jobs/request HTTP/1.1" 204 0 "" "gitlab-runner 19.1.1 (19-1-stable; go1.26.3; linux/amd64)" -
172.18.0.2 - - [05/Jul/2026:09:16:26 +0000] "POST /api/v4/jobs/request HTTP/1.1" 204 0 "" "gitlab-runner 19.1.1 (19-1-stable; go1.26.3; linux/amd64)" -
172.18.0.2 - - [05/Jul/2026:09:16:29 +0000] "POST /api/v4/jobs/request HTTP/1.1" 204 0 "" "gitlab-runner 19.1.1 (19-1-stable; go1.26.3; linux/amd64)" -
172.18.0.2 - - [05/Jul/2026:09:16:32 +0000] "POST /api/v4/jobs/request HTTP/1.1" 204 0 "" "gitlab-runner 19.1.1 (19-1-stable; go1.26.3; linux/amd64)" -
172.18.0.2 - - [05/Jul/2026:09:16:35 +0000] "POST /api/v4/jobs/request HTTP/1.1" 204 0 "" "gitlab-runner 19.1.1 (19-1-stable; go1.26.3; linux/amd64)" -
172.18.0.2 - - [05/Jul/2026:09:16:38 +0000] "POST /api/v4/jobs/request HTTP/1.1" 204 0 "" "gitlab-runner 19.1.1 (19-1-stable; go1.26.3; linux/amd64)" -
127.0.0.1 - - [05/Jul/2026:09:16:41 +0000] "GET /help HTTP/1.1" 200 31721 "" "curl/8.20.0-DEV" -
172.18.0.2 - - [05/Jul/2026:09:16:41 +0000] "POST /api/v4/jobs/request HTTP/1.1" 204 0 "" "gitlab-runner 19.1.1 (19-1-stable; go1.26.3; linux/amd64)" -
172.18.0.2 - - [05/Jul/2026:09:16:44 +0000] "POST /api/v4/jobs/request HTTP/1.1" 204 0 "" "gitlab-runner 19.1.1 (19-1-stable; go1.26.3; linux/amd64)" -
172.18.0.2 - - [05/Jul/2026:09:16:47 +0000] "POST /api/v4/jobs/request HTTP/1.1" 204 0 "" "gitlab-runner 19.1.1 (19-1-stable; go1.26.3; linux/amd64)" -
172.18.0.2 - - [05/Jul/2026:09:16:50 +0000] "POST /api/v4/jobs/request HTTP/1.1" 204 0 "" "gitlab-runner 19.1.1 (19-1-stable; go1.26.3; linux/amd64)" -
172.18.0.2 - - [05/Jul/2026:09:16:51 +0000] "POST /api/v4/runners/verify HTTP/1.1" 200 100 "" "gitlab-runner 19.1.1 (19-1-stable; go1.26.3; linux/amd64)" -
127.0.0.1 - - [05/Jul/2026:09:16:53 +0000] "GET /api/v4/internal/kubernetes/receptive_agents HTTP/1.1" 200 13 "" "gitlab-kas/v19.1.1/v19.1.1" -
172.18.0.2 - - [05/Jul/2026:09:16:53 +0000] "POST /api/v4/jobs/request HTTP/1.1" 204 0 "" "gitlab-runner 19.1.1 (19-1-stable; go1.26.3; linux/amd64)" -
172.18.0.2 - - [05/Jul/2026:09:16:56 +0000] "POST /api/v4/jobs/request HTTP/1.1" 204 0 "" "gitlab-runner 19.1.1 (19-1-stable; go1.26.3; linux/amd64)" -
172.18.0.2 - - [05/Jul/2026:09:16:59 +0000] "POST /api/v4/jobs/request HTTP/1.1" 204 0 "" "gitlab-runner 19.1.1 (19-1-stable; go1.26.3; linux/amd64)" -
172.18.0.2 - - [05/Jul/2026:09:17:02 +0000] "POST /api/v4/jobs/request HTTP/1.1" 204 0 "" "gitlab-runner 19.1.1 (19-1-stable; go1.26.3; linux/amd64)" -
172.18.0.2 - - [05/Jul/2026:09:17:05 +0000] "POST /api/v4/jobs/request HTTP/1.1" 204 0 "" "gitlab-runner 19.1.1 (19-1-stable; go1.26.3; linux/amd64)" -
172.18.0.2 - - [05/Jul/2026:09:17:08 +0000] "POST /api/v4/jobs/request HTTP/1.1" 204 0 "" "gitlab-runner 19.1.1 (19-1-stable; go1.26.3; linux/amd64)" -
172.18.0.2 - - [05/Jul/2026:09:17:11 +0000] "POST /api/v4/jobs/request HTTP/1.1" 204 0 "" "gitlab-runner 19.1.1 (19-1-stable; go1.26.3; linux/amd64)" -
172.18.0.2 - - [05/Jul/2026:09:17:14 +0000] "POST /api/v4/jobs/request HTTP/1.1" 204 0 "" "gitlab-runner 19.1.1 (19-1-stable; go1.26.3; linux/amd64)" -
172.18.0.2 - - [05/Jul/2026:09:17:17 +0000] "POST /api/v4/jobs/request HTTP/1.1" 204 0 "" "gitlab-runner 19.1.1 (19-1-stable; go1.26.3; linux/amd64)" -
172.18.0.2 - - [05/Jul/2026:09:17:20 +0000] "POST /api/v4/jobs/request HTTP/1.1" 204 0 "" "gitlab-runner 19.1.1 (19-1-stable; go1.26.3; linux/amd64)" -
172.18.0.2 - - [05/Jul/2026:09:17:23 +0000] "POST /api/v4/jobs/request HTTP/1.1" 204 0 "" "gitlab-runner 19.1.1 (19-1-stable; go1.26.3; linux/amd64)" -
172.18.0.1 - - [05/Jul/2026:09:17:25 +0000] "GET / HTTP/1.1" 302 150 "https://humble-space-system-4jr4x79qg4652q5xx-8080.app.github.dev/" "Mozilla/5.0 (X11; Linux x86_64) AppleWebKit/537.36 (KHTML, like Gecko) Chrome/148.0.0.0 Safari/537.36" -
172.18.0.2 - - [05/Jul/2026:09:17:26 +0000] "POST /api/v4/jobs/request HTTP/1.1" 204 0 "" "gitlab-runner 19.1.1 (19-1-stable; go1.26.3; linux/amd64)" -
172.18.0.1 - - [05/Jul/2026:09:17:28 +0000] "GET /dashboard/projects HTTP/1.1" 200 11662 "https://humble-space-system-4jr4x79qg4652q5xx-8080.app.github.dev/" "Mozilla/5.0 (X11; Linux x86_64) AppleWebKit/537.36 (KHTML, like Gecko) Chrome/148.0.0.0 Safari/537.36" 3.32
172.18.0.2 - - [05/Jul/2026:09:17:29 +0000] "POST /api/v4/jobs/request HTTP/1.1" 204 0 "" "gitlab-runner 19.1.1 (19-1-stable; go1.26.3; linux/amd64)" -
172.18.0.1 - - [05/Jul/2026:09:17:29 +0000] "GET /-/manifest.json HTTP/1.1" 200 396 "https://humble-space-system-4jr4x79qg4652q5xx-8080.app.github.dev/dashboard/projects" "Mozilla/5.0 (X11; Linux x86_64) AppleWebKit/537.36 (KHTML, like Gecko) Chrome/148.0.0.0 Safari/537.36" 1.87
172.18.0.2 - - [05/Jul/2026:09:17:32 +0000] "POST /api/v4/jobs/request HTTP/1.1" 204 0 "" "gitlab-runner 19.1.1 (19-1-stable; go1.26.3; linux/amd64)" -
172.18.0.2 - - [05/Jul/2026:09:17:35 +0000] "POST /api/v4/jobs/request HTTP/1.1" 204 0 "" "gitlab-runner 19.1.1 (19-1-stable; go1.26.3; linux/amd64)" -
172.18.0.2 - - [05/Jul/2026:09:17:38 +0000] "POST /api/v4/jobs/request HTTP/1.1" 204 0 "" "gitlab-runner 19.1.1 (19-1-stable; go1.26.3; linux/amd64)" -
172.18.0.1 - - [05/Jul/2026:09:17:40 +0000] "GET /admin HTTP/1.1" 200 14885 "https://humble-space-system-4jr4x79qg4652q5xx-8080.app.github.dev/dashboard/projects" "Mozilla/5.0 (X11; Linux x86_64) AppleWebKit/537.36 (KHTML, like Gecko) Chrome/148.0.0.0 Safari/537.36" 4.07
127.0.0.1 - - [05/Jul/2026:09:17:41 +0000] "GET /help HTTP/1.1" 200 31721 "" "curl/8.20.0-DEV" -
172.18.0.2 - - [05/Jul/2026:09:17:41 +0000] "POST /api/v4/jobs/request HTTP/1.1" 204 0 "" "gitlab-runner 19.1.1 (19-1-stable; go1.26.3; linux/amd64)" -
172.18.0.1 - - [05/Jul/2026:09:17:41 +0000] "GET /api/v4/application/statistics HTTP/1.1" 304 0 "https://humble-space-system-4jr4x79qg4652q5xx-8080.app.github.dev/admin" "Mozilla/5.0 (X11; Linux x86_64) AppleWebKit/537.36 (KHTML, like Gecko) Chrome/148.0.0.0 Safari/537.36" -
172.18.0.1 - - [05/Jul/2026:09:17:41 +0000] "GET /-/manifest.json HTTP/1.1" 200 396 "https://humble-space-system-4jr4x79qg4652q5xx-8080.app.github.dev/admin" "Mozilla/5.0 (X11; Linux x86_64) AppleWebKit/537.36 (KHTML, like Gecko) Chrome/148.0.0.0 Safari/537.36" 1.87
172.18.0.1 - - [05/Jul/2026:09:17:42 +0000] "POST /api/v4/usage_data/track_event HTTP/1.1" 200 3 "https://humble-space-system-4jr4x79qg4652q5xx-8080.app.github.dev/admin" "Mozilla/5.0 (X11; Linux x86_64) AppleWebKit/537.36 (KHTML, like Gecko) Chrome/148.0.0.0 Safari/537.36" -
172.18.0.2 - - [05/Jul/2026:09:17:44 +0000] "POST /api/v4/jobs/request HTTP/1.1" 204 0 "" "gitlab-runner 19.1.1 (19-1-stable; go1.26.3; linux/amd64)" -
172.18.0.2 - - [05/Jul/2026:09:17:47 +0000] "POST /api/v4/jobs/request HTTP/1.1" 204 0 "" "gitlab-runner 19.1.1 (19-1-stable; go1.26.3; linux/amd64)" -
172.18.0.2 - - [05/Jul/2026:09:17:50 +0000] "POST /api/v4/jobs/request HTTP/1.1" 204 0 "" "gitlab-runner 19.1.1 (19-1-stable; go1.26.3; linux/amd64)" -
127.0.0.1 - - [05/Jul/2026:09:17:53 +0000] "GET /api/v4/internal/kubernetes/receptive_agents HTTP/1.1" 200 13 "" "gitlab-kas/v19.1.1/v19.1.1" -
172.18.0.2 - - [05/Jul/2026:09:17:53 +0000] "POST /api/v4/jobs/request HTTP/1.1" 204 0 "" "gitlab-runner 19.1.1 (19-1-stable; go1.26.3; linux/amd64)" -
172.18.0.2 - - [05/Jul/2026:09:17:56 +0000] "POST /api/v4/jobs/request HTTP/1.1" 204 0 "" "gitlab-runner 19.1.1 (19-1-stable; go1.26.3; linux/amd64)" -
172.18.0.2 - - [05/Jul/2026:09:17:59 +0000] "POST /api/v4/jobs/request HTTP/1.1" 204 0 "" "gitlab-runner 19.1.1 (19-1-stable; go1.26.3; linux/amd64)" -
172.18.0.2 - - [05/Jul/2026:09:18:02 +0000] "POST /api/v4/jobs/request HTTP/1.1" 204 0 "" "gitlab-runner 19.1.1 (19-1-stable; go1.26.3; linux/amd64)" -
172.18.0.2 - - [05/Jul/2026:09:18:05 +0000] "POST /api/v4/jobs/request HTTP/1.1" 204 0 "" "gitlab-runner 19.1.1 (19-1-stable; go1.26.3; linux/amd64)" -
172.18.0.2 - - [05/Jul/2026:09:18:08 +0000] "POST /api/v4/jobs/request HTTP/1.1" 204 0 "" "gitlab-runner 19.1.1 (19-1-stable; go1.26.3; linux/amd64)" -
172.18.0.2 - - [05/Jul/2026:09:18:11 +0000] "POST /api/v4/jobs/request HTTP/1.1" 204 0 "" "gitlab-runner 19.1.1 (19-1-stable; go1.26.3; linux/amd64)" -
172.18.0.2 - - [05/Jul/2026:09:18:14 +0000] "POST /api/v4/jobs/request HTTP/1.1" 204 0 "" "gitlab-runner 19.1.1 (19-1-stable; go1.26.3; linux/amd64)" -
172.18.0.1 - - [05/Jul/2026:09:18:16 +0000] "GET /admin/gitlab_duo HTTP/1.1" 200 12285 "https://humble-space-system-4jr4x79qg4652q5xx-8080.app.github.dev/admin" "Mozilla/5.0 (X11; Linux x86_64) AppleWebKit/537.36 (KHTML, like Gecko) Chrome/148.0.0.0 Safari/537.36" 3.50
172.18.0.1 - - [05/Jul/2026:09:18:16 +0000] "POST /api/graphql HTTP/1.1" 200 180 "https://humble-space-system-4jr4x79qg4652q5xx-8080.app.github.dev/admin/gitlab_duo" "Mozilla/5.0 (X11; Linux x86_64) AppleWebKit/537.36 (KHTML, like Gecko) Chrome/148.0.0.0 Safari/537.36" -
172.18.0.1 - - [05/Jul/2026:09:18:16 +0000] "POST /api/graphql HTTP/1.1" 200 315 "https://humble-space-system-4jr4x79qg4652q5xx-8080.app.github.dev/admin/gitlab_duo" "Mozilla/5.0 (X11; Linux x86_64) AppleWebKit/537.36 (KHTML, like Gecko) Chrome/148.0.0.0 Safari/537.36" 1.54
172.18.0.1 - - [05/Jul/2026:09:18:16 +0000] "GET /-/manifest.json HTTP/1.1" 200 396 "https://humble-space-system-4jr4x79qg4652q5xx-8080.app.github.dev/admin/gitlab_duo" "Mozilla/5.0 (X11; Linux x86_64) AppleWebKit/537.36 (KHTML, like Gecko) Chrome/148.0.0.0 Safari/537.36" 1.87
172.18.0.2 - - [05/Jul/2026:09:18:17 +0000] "POST /api/v4/jobs/request HTTP/1.1" 204 0 "" "gitlab-runner 19.1.1 (19-1-stable; go1.26.3; linux/amd64)" -
