172.18.0.1 - - [05/Jul/2026:09:18:18 +0000] "POST /api/graphql HTTP/1.1" 200 234 "https://humble-space-system-4jr4x79qg4652q5xx-8080.app.github.dev/admin/gitlab_duo" "Mozilla/5.0 (X11; Linux x86_64) AppleWebKit/537.36 (KHTML, like Gecko) Chrome/148.0.0.0 Safari/537.36" -
172.18.0.2 - - [05/Jul/2026:09:18:20 +0000] "POST /api/v4/jobs/request HTTP/1.1" 204 0 "" "gitlab-runner 19.1.1 (19-1-stable; go1.26.3; linux/amd64)" -
172.18.0.1 - - [05/Jul/2026:09:18:21 +0000] "POST /api/graphql HTTP/1.1" 200 6342 "https://humble-space-system-4jr4x79qg4652q5xx-8080.app.github.dev/admin/gitlab_duo" "Mozilla/5.0 (X11; Linux x86_64) AppleWebKit/537.36 (KHTML, like Gecko) Chrome/148.0.0.0 Safari/537.36" 5.23
172.18.0.2 - - [05/Jul/2026:09:18:23 +0000] "POST /api/v4/jobs/request HTTP/1.1" 204 0 "" "gitlab-runner 19.1.1 (19-1-stable; go1.26.3; linux/amd64)" -
172.18.0.2 - - [05/Jul/2026:09:18:26 +0000] "POST /api/v4/jobs/request HTTP/1.1" 204 0 "" "gitlab-runner 19.1.1 (19-1-stable; go1.26.3; linux/amd64)" -
172.18.0.2 - - [05/Jul/2026:09:18:29 +0000] "POST /api/v4/jobs/request HTTP/1.1" 204 0 "" "gitlab-runner 19.1.1 (19-1-stable; go1.26.3; linux/amd64)" -
172.18.0.2 - - [05/Jul/2026:09:18:32 +0000] "POST /api/v4/jobs/request HTTP/1.1" 204 0 "" "gitlab-runner 19.1.1 (19-1-stable; go1.26.3; linux/amd64)" -
172.18.0.1 - - [05/Jul/2026:09:18:35 +0000] "POST /api/graphql HTTP/1.1" 200 6342 "https://humble-space-system-4jr4x79qg4652q5xx-8080.app.github.dev/admin/gitlab_duo" "Mozilla/5.0 (X11; Linux x86_64) AppleWebKit/537.36 (KHTML, like Gecko) Chrome/148.0.0.0 Safari/537.36" 5.23
172.18.0.2 - - [05/Jul/2026:09:18:35 +0000] "POST /api/v4/jobs/request HTTP/1.1" 204 0 "" "gitlab-runner 19.1.1 (19-1-stable; go1.26.3; linux/amd64)" -
172.18.0.2 - - [05/Jul/2026:09:18:38 +0000] "POST /api/v4/jobs/request HTTP/1.1" 204 0 "" "gitlab-runner 19.1.1 (19-1-stable; go1.26.3; linux/amd64)" -
172.18.0.2 - - [05/Jul/2026:09:18:41 +0000] "POST /api/v4/jobs/request HTTP/1.1" 204 0 "" "gitlab-runner 19.1.1 (19-1-stable; go1.26.3; linux/amd64)" -
127.0.0.1 - - [05/Jul/2026:09:18:41 +0000] "GET /help HTTP/1.1" 200 31721 "" "curl/8.20.0-DEV" -
172.18.0.2 - - [05/Jul/2026:09:18:44 +0000] "POST /api/v4/jobs/request HTTP/1.1" 204 0 "" "gitlab-runner 19.1.1 (19-1-stable; go1.26.3; linux/amd64)" -
172.18.0.2 - - [05/Jul/2026:09:18:47 +0000] "POST /api/v4/jobs/request HTTP/1.1" 204 0 "" "gitlab-runner 19.1.1 (19-1-stable; go1.26.3; linux/amd64)" -
172.18.0.2 - - [05/Jul/2026:09:18:50 +0000] "POST /api/v4/jobs/request HTTP/1.1" 204 0 "" "gitlab-runner 19.1.1 (19-1-stable; go1.26.3; linux/amd64)" -
127.0.0.1 - - [05/Jul/2026:09:18:53 +0000] "GET /api/v4/internal/kubernetes/receptive_agents HTTP/1.1" 200 13 "" "gitlab-kas/v19.1.1/v19.1.1" -
172.18.0.2 - - [05/Jul/2026:09:18:53 +0000] "POST /api/v4/jobs/request HTTP/1.1" 204 0 "" "gitlab-runner 19.1.1 (19-1-stable; go1.26.3; linux/amd64)" -
172.18.0.2 - - [05/Jul/2026:09:18:56 +0000] "POST /api/v4/jobs/request HTTP/1.1" 204 0 "" "gitlab-runner 19.1.1 (19-1-stable; go1.26.3; linux/amd64)" -
172.18.0.2 - - [05/Jul/2026:09:18:59 +0000] "POST /api/v4/jobs/request HTTP/1.1" 204 0 "" "gitlab-runner 19.1.1 (19-1-stable; go1.26.3; linux/amd64)" -
172.18.0.2 - - [05/Jul/2026:09:19:02 +0000] "POST /api/v4/jobs/request HTTP/1.1" 204 0 "" "gitlab-runner 19.1.1 (19-1-stable; go1.26.3; linux/amd64)" -
172.18.0.2 - - [05/Jul/2026:09:19:05 +0000] "POST /api/v4/jobs/request HTTP/1.1" 204 0 "" "gitlab-runner 19.1.1 (19-1-stable; go1.26.3; linux/amd64)" -
172.18.0.2 - - [05/Jul/2026:09:19:08 +0000] "POST /api/v4/jobs/request HTTP/1.1" 204 0 "" "gitlab-runner 19.1.1 (19-1-stable; go1.26.3; linux/amd64)" -
172.18.0.2 - - [05/Jul/2026:09:19:11 +0000] "POST /api/v4/jobs/request HTTP/1.1" 204 0 "" "gitlab-runner 19.1.1 (19-1-stable; go1.26.3; linux/amd64)" -
172.18.0.2 - - [05/Jul/2026:09:19:14 +0000] "POST /api/v4/jobs/request HTTP/1.1" 204 0 "" "gitlab-runner 19.1.1 (19-1-stable; go1.26.3; linux/amd64)" -
172.18.0.2 - - [05/Jul/2026:09:19:17 +0000] "POST /api/v4/jobs/request HTTP/1.1" 204 0 "" "gitlab-runner 19.1.1 (19-1-stable; go1.26.3; linux/amd64)" -
172.18.0.2 - - [05/Jul/2026:09:19:20 +0000] "POST /api/v4/jobs/request HTTP/1.1" 204 0 "" "gitlab-runner 19.1.1 (19-1-stable; go1.26.3; linux/amd64)" -
172.18.0.2 - - [05/Jul/2026:09:19:23 +0000] "POST /api/v4/jobs/request HTTP/1.1" 204 0 "" "gitlab-runner 19.1.1 (19-1-stable; go1.26.3; linux/amd64)" -
172.18.0.2 - - [05/Jul/2026:09:19:26 +0000] "POST /api/v4/jobs/request HTTP/1.1" 204 0 "" "gitlab-runner 19.1.1 (19-1-stable; go1.26.3; linux/amd64)" -
172.18.0.2 - - [05/Jul/2026:09:19:29 +0000] "POST /api/v4/jobs/request HTTP/1.1" 204 0 "" "gitlab-runner 19.1.1 (19-1-stable; go1.26.3; linux/amd64)" -
172.18.0.2 - - [05/Jul/2026:09:19:32 +0000] "POST /api/v4/jobs/request HTTP/1.1" 204 0 "" "gitlab-runner 19.1.1 (19-1-stable; go1.26.3; linux/amd64)" -
172.18.0.2 - - [05/Jul/2026:09:19:35 +0000] "POST /api/v4/jobs/request HTTP/1.1" 204 0 "" "gitlab-runner 19.1.1 (19-1-stable; go1.26.3; linux/amd64)" -
172.18.0.2 - - [05/Jul/2026:09:19:38 +0000] "POST /api/v4/jobs/request HTTP/1.1" 204 0 "" "gitlab-runner 19.1.1 (19-1-stable; go1.26.3; linux/amd64)" -
172.18.0.2 - - [05/Jul/2026:09:19:41 +0000] "POST /api/v4/jobs/request HTTP/1.1" 204 0 "" "gitlab-runner 19.1.1 (19-1-stable; go1.26.3; linux/amd64)" -
127.0.0.1 - - [05/Jul/2026:09:19:41 +0000] "GET /help HTTP/1.1" 200 31721 "" "curl/8.20.0-DEV" -
172.18.0.2 - - [05/Jul/2026:09:19:44 +0000] "POST /api/v4/jobs/request HTTP/1.1" 204 0 "" "gitlab-runner 19.1.1 (19-1-stable; go1.26.3; linux/amd64)" -
172.18.0.2 - - [05/Jul/2026:09:19:47 +0000] "POST /api/v4/jobs/request HTTP/1.1" 204 0 "" "gitlab-runner 19.1.1 (19-1-stable; go1.26.3; linux/amd64)" -
172.18.0.2 - - [05/Jul/2026:09:19:50 +0000] "POST /api/v4/jobs/request HTTP/1.1" 204 0 "" "gitlab-runner 19.1.1 (19-1-stable; go1.26.3; linux/amd64)" -
127.0.0.1 - - [05/Jul/2026:09:19:53 +0000] "GET /api/v4/internal/kubernetes/receptive_agents HTTP/1.1" 200 13 "" "gitlab-kas/v19.1.1/v19.1.1" -
172.18.0.2 - - [05/Jul/2026:09:19:53 +0000] "POST /api/v4/jobs/request HTTP/1.1" 204 0 "" "gitlab-runner 19.1.1 (19-1-stable; go1.26.3; linux/amd64)" -
172.18.0.2 - - [05/Jul/2026:09:19:56 +0000] "POST /api/v4/jobs/request HTTP/1.1" 204 0 "" "gitlab-runner 19.1.1 (19-1-stable; go1.26.3; linux/amd64)" -
172.18.0.2 - - [05/Jul/2026:09:19:59 +0000] "POST /api/v4/jobs/request HTTP/1.1" 204 0 "" "gitlab-runner 19.1.1 (19-1-stable; go1.26.3; linux/amd64)" -
172.18.0.2 - - [05/Jul/2026:09:20:02 +0000] "POST /api/v4/jobs/request HTTP/1.1" 204 0 "" "gitlab-runner 19.1.1 (19-1-stable; go1.26.3; linux/amd64)" -
172.18.0.2 - - [05/Jul/2026:09:20:05 +0000] "POST /api/v4/jobs/request HTTP/1.1" 204 0 "" "gitlab-runner 19.1.1 (19-1-stable; go1.26.3; linux/amd64)" -
172.18.0.2 - - [05/Jul/2026:09:20:08 +0000] "POST /api/v4/jobs/request HTTP/1.1" 204 0 "" "gitlab-runner 19.1.1 (19-1-stable; go1.26.3; linux/amd64)" -
172.18.0.2 - - [05/Jul/2026:09:20:11 +0000] "POST /api/v4/jobs/request HTTP/1.1" 204 0 "" "gitlab-runner 19.1.1 (19-1-stable; go1.26.3; linux/amd64)" -
172.18.0.2 - - [05/Jul/2026:09:20:14 +0000] "POST /api/v4/jobs/request HTTP/1.1" 204 0 "" "gitlab-runner 19.1.1 (19-1-stable; go1.26.3; linux/amd64)" -
172.18.0.2 - - [05/Jul/2026:09:20:17 +0000] "POST /api/v4/jobs/request HTTP/1.1" 204 0 "" "gitlab-runner 19.1.1 (19-1-stable; go1.26.3; linux/amd64)" -
172.18.0.2 - - [05/Jul/2026:09:20:20 +0000] "POST /api/v4/jobs/request HTTP/1.1" 204 0 "" "gitlab-runner 19.1.1 (19-1-stable; go1.26.3; linux/amd64)" -
172.18.0.2 - - [05/Jul/2026:09:20:23 +0000] "POST /api/v4/jobs/request HTTP/1.1" 204 0 "" "gitlab-runner 19.1.1 (19-1-stable; go1.26.3; linux/amd64)" -
172.18.0.2 - - [05/Jul/2026:09:20:26 +0000] "POST /api/v4/jobs/request HTTP/1.1" 204 0 "" "gitlab-runner 19.1.1 (19-1-stable; go1.26.3; linux/amd64)" -
172.18.0.2 - - [05/Jul/2026:09:20:29 +0000] "POST /api/v4/jobs/request HTTP/1.1" 204 0 "" "gitlab-runner 19.1.1 (19-1-stable; go1.26.3; linux/amd64)" -
172.18.0.2 - - [05/Jul/2026:09:20:32 +0000] "POST /api/v4/jobs/request HTTP/1.1" 204 0 "" "gitlab-runner 19.1.1 (19-1-stable; go1.26.3; linux/amd64)" -
172.18.0.2 - - [05/Jul/2026:09:20:35 +0000] "POST /api/v4/jobs/request HTTP/1.1" 204 0 "" "gitlab-runner 19.1.1 (19-1-stable; go1.26.3; linux/amd64)" -
172.18.0.2 - - [05/Jul/2026:09:20:38 +0000] "POST /api/v4/jobs/request HTTP/1.1" 204 0 "" "gitlab-runner 19.1.1 (19-1-stable; go1.26.3; linux/amd64)" -
172.18.0.2 - - [05/Jul/2026:09:20:41 +0000] "POST /api/v4/jobs/request HTTP/1.1" 204 0 "" "gitlab-runner 19.1.1 (19-1-stable; go1.26.3; linux/amd64)" -
127.0.0.1 - - [05/Jul/2026:09:20:41 +0000] "GET /help HTTP/1.1" 200 31721 "" "curl/8.20.0-DEV" -
172.18.0.1 - - [05/Jul/2026:09:20:42 +0000] "GET /admin HTTP/1.1" 200 14881 "https://humble-space-system-4jr4x79qg4652q5xx-8080.app.github.dev/admin/gitlab_duo" "Mozilla/5.0 (X11; Linux x86_64) AppleWebKit/537.36 (KHTML, like Gecko) Chrome/148.0.0.0 Safari/537.36" 4.08
172.18.0.1 - - [05/Jul/2026:09:20:44 +0000] "GET /api/v4/application/statistics HTTP/1.1" 304 0 "https://humble-space-system-4jr4x79qg4652q5xx-8080.app.github.dev/admin" "Mozilla/5.0 (X11; Linux x86_64) AppleWebKit/537.36 (KHTML, like Gecko) Chrome/148.0.0.0 Safari/537.36" -
172.18.0.1 - - [05/Jul/2026:09:20:44 +0000] "GET /-/manifest.json HTTP/1.1" 200 396 "https://humble-space-system-4jr4x79qg4652q5xx-8080.app.github.dev/admin" "Mozilla/5.0 (X11; Linux x86_64) AppleWebKit/537.36 (KHTML, like Gecko) Chrome/148.0.0.0 Safari/537.36" 1.87
172.18.0.1 - - [05/Jul/2026:09:20:44 +0000] "POST /api/v4/usage_data/track_event HTTP/1.1" 200 3 "https://humble-space-system-4jr4x79qg4652q5xx-8080.app.github.dev/admin" "Mozilla/5.0 (X11; Linux x86_64) AppleWebKit/537.36 (KHTML, like Gecko) Chrome/148.0.0.0 Safari/537.36" -
172.18.0.2 - - [05/Jul/2026:09:20:44 +0000] "POST /api/v4/jobs/request HTTP/1.1" 204 0 "" "gitlab-runner 19.1.1 (19-1-stable; go1.26.3; linux/amd64)" -
172.18.0.1 - - [05/Jul/2026:09:20:47 +0000] "GET /admin/runners HTTP/1.1" 200 12153 "https://humble-space-system-4jr4x79qg4652q5xx-8080.app.github.dev/admin" "Mozilla/5.0 (X11; Linux x86_64) AppleWebKit/537.36 (KHTML, like Gecko) Chrome/148.0.0.0 Safari/537.36" 3.48
172.18.0.2 - - [05/Jul/2026:09:20:47 +0000] "POST /api/v4/jobs/request HTTP/1.1" 204 0 "" "gitlab-runner 19.1.1 (19-1-stable; go1.26.3; linux/amd64)" -
172.18.0.1 - - [05/Jul/2026:09:20:48 +0000] "POST /api/graphql HTTP/1.1" 200 714 "https://humble-space-system-4jr4x79qg4652q5xx-8080.app.github.dev/admin/runners" "Mozilla/5.0 (X11; Linux x86_64) AppleWebKit/537.36 (KHTML, like Gecko) Chrome/148.0.0.0 Safari/537.36" 1.91
172.18.0.1 - - [05/Jul/2026:09:20:48 +0000] "POST /api/graphql HTTP/1.1" 200 66 "https://humble-space-system-4jr4x79qg4652q5xx-8080.app.github.dev/admin/runners" "Mozilla/5.0 (X11; Linux x86_64) AppleWebKit/537.36 (KHTML, like Gecko) Chrome/148.0.0.0 Safari/537.36" -
172.18.0.1 - - [05/Jul/2026:09:20:48 +0000] "POST /api/graphql HTTP/1.1" 200 66 "https://humble-space-system-4jr4x79qg4652q5xx-8080.app.github.dev/admin/runners" "Mozilla/5.0 (X11; Linux x86_64) AppleWebKit/537.36 (KHTML, like Gecko) Chrome/148.0.0.0 Safari/537.36" -
172.18.0.1 - - [05/Jul/2026:09:20:48 +0000] "POST /api/graphql HTTP/1.1" 200 66 "https://humble-space-system-4jr4x79qg4652q5xx-8080.app.github.dev/admin/runners" "Mozilla/5.0 (X11; Linux x86_64) AppleWebKit/537.36 (KHTML, like Gecko) Chrome/148.0.0.0 Safari/537.36" -
172.18.0.1 - - [05/Jul/2026:09:20:48 +0000] "POST /api/graphql HTTP/1.1" 200 66 "https://humble-space-system-4jr4x79qg4652q5xx-8080.app.github.dev/admin/runners" "Mozilla/5.0 (X11; Linux x86_64) AppleWebKit/537.36 (KHTML, like Gecko) Chrome/148.0.0.0 Safari/537.36" -
172.18.0.1 - - [05/Jul/2026:09:20:48 +0000] "POST /api/graphql HTTP/1.1" 200 66 "https://humble-space-system-4jr4x79qg4652q5xx-8080.app.github.dev/admin/runners" "Mozilla/5.0 (X11; Linux x86_64) AppleWebKit/537.36 (KHTML, like Gecko) Chrome/148.0.0.0 Safari/537.36" -
172.18.0.1 - - [05/Jul/2026:09:20:48 +0000] "GET /-/manifest.json HTTP/1.1" 200 396 "https://humble-space-system-4jr4x79qg4652q5xx-8080.app.github.dev/admin/runners" "Mozilla/5.0 (X11; Linux x86_64) AppleWebKit/537.36 (KHTML, like Gecko) Chrome/148.0.0.0 Safari/537.36" 1.87
172.18.0.1 - - [05/Jul/2026:09:20:48 +0000] "POST /api/graphql HTTP/1.1" 200 66 "https://humble-space-system-4jr4x79qg4652q5xx-8080.app.github.dev/admin/runners" "Mozilla/5.0 (X11; Linux x86_64) AppleWebKit/537.36 (KHTML, like Gecko) Chrome/148.0.0.0 Safari/537.36" -
172.18.0.1 - - [05/Jul/2026:09:20:49 +0000] "POST /api/graphql HTTP/1.1" 200 94 "https://humble-space-system-4jr4x79qg4652q5xx-8080.app.github.dev/admin/runners" "Mozilla/5.0 (X11; Linux x86_64) AppleWebKit/537.36 (KHTML, like Gecko) Chrome/148.0.0.0 Safari/537.36" -
172.18.0.1 - - [05/Jul/2026:09:20:49 +0000] "POST /api/graphql HTTP/1.1" 200 66 "https://humble-space-system-4jr4x79qg4652q5xx-8080.app.github.dev/admin/runners" "Mozilla/5.0 (X11; Linux x86_64) AppleWebKit/537.36 (KHTML, like Gecko) Chrome/148.0.0.0 Safari/537.36" -
172.18.0.1 - - [05/Jul/2026:09:20:49 +0000] "POST /api/graphql HTTP/1.1" 200 66 "https://humble-space-system-4jr4x79qg4652q5xx-8080.app.github.dev/admin/runners" "Mozilla/5.0 (X11; Linux x86_64) AppleWebKit/537.36 (KHTML, like Gecko) Chrome/148.0.0.0 Safari/537.36" -
172.18.0.1 - - [05/Jul/2026:09:20:49 +0000] "POST /api/graphql HTTP/1.1" 200 66 "https://humble-space-system-4jr4x79qg4652q5xx-8080.app.github.dev/admin/runners" "Mozilla/5.0 (X11; Linux x86_64) AppleWebKit/537.36 (KHTML, like Gecko) Chrome/148.0.0.0 Safari/537.36" -
172.18.0.1 - - [05/Jul/2026:09:20:49 +0000] "POST /api/v4/usage_data/track_event HTTP/1.1" 200 3 "https://humble-space-system-4jr4x79qg4652q5xx-8080.app.github.dev/admin/runners" "Mozilla/5.0 (X11; Linux x86_64) AppleWebKit/537.36 (KHTML, like Gecko) Chrome/148.0.0.0 Safari/537.36" -
172.18.0.2 - - [05/Jul/2026:09:20:50 +0000] "POST /api/v4/jobs/request HTTP/1.1" 204 0 "" "gitlab-runner 19.1.1 (19-1-stable; go1.26.3; linux/amd64)" -
127.0.0.1 - - [05/Jul/2026:09:20:53 +0000] "GET /api/v4/internal/kubernetes/receptive_agents HTTP/1.1" 200 13 "" "gitlab-kas/v19.1.1/v19.1.1" -
172.18.0.2 - - [05/Jul/2026:09:20:53 +0000] "POST /api/v4/jobs/request HTTP/1.1" 204 0 "" "gitlab-runner 19.1.1 (19-1-stable; go1.26.3; linux/amd64)" -
172.18.0.2 - - [05/Jul/2026:09:20:56 +0000] "POST /api/v4/jobs/request HTTP/1.1" 204 0 "" "gitlab-runner 19.1.1 (19-1-stable; go1.26.3; linux/amd64)" -
172.18.0.2 - - [05/Jul/2026:09:20:59 +0000] "POST /api/v4/jobs/request HTTP/1.1" 204 0 "" "gitlab-runner 19.1.1 (19-1-stable; go1.26.3; linux/amd64)" -
172.18.0.2 - - [05/Jul/2026:09:21:02 +0000] "POST /api/v4/jobs/request HTTP/1.1" 204 0 "" "gitlab-runner 19.1.1 (19-1-stable; go1.26.3; linux/amd64)" -
172.18.0.2 - - [05/Jul/2026:09:21:05 +0000] "POST /api/v4/jobs/request HTTP/1.1" 204 0 "" "gitlab-runner 19.1.1 (19-1-stable; go1.26.3; linux/amd64)" -
172.18.0.2 - - [05/Jul/2026:09:21:08 +0000] "POST /api/v4/jobs/request HTTP/1.1" 204 0 "" "gitlab-runner 19.1.1 (19-1-stable; go1.26.3; linux/amd64)" -
172.18.0.2 - - [05/Jul/2026:09:21:11 +0000] "POST /api/v4/jobs/request HTTP/1.1" 204 0 "" "gitlab-runner 19.1.1 (19-1-stable; go1.26.3; linux/amd64)" -
172.18.0.2 - - [05/Jul/2026:09:21:14 +0000] "POST /api/v4/jobs/request HTTP/1.1" 204 0 "" "gitlab-runner 19.1.1 (19-1-stable; go1.26.3; linux/amd64)" -
172.18.0.2 - - [05/Jul/2026:09:21:17 +0000] "POST /api/v4/jobs/request HTTP/1.1" 204 0 "" "gitlab-runner 19.1.1 (19-1-stable; go1.26.3; linux/amd64)" -
172.18.0.2 - - [05/Jul/2026:09:21:20 +0000] "POST /api/v4/jobs/request HTTP/1.1" 204 0 "" "gitlab-runner 19.1.1 (19-1-stable; go1.26.3; linux/amd64)" -
172.18.0.2 - - [05/Jul/2026:09:21:23 +0000] "POST /api/v4/jobs/request HTTP/1.1" 204 0 "" "gitlab-runner 19.1.1 (19-1-stable; go1.26.3; linux/amd64)" -
172.18.0.2 - - [05/Jul/2026:09:21:26 +0000] "POST /api/v4/jobs/request HTTP/1.1" 204 0 "" "gitlab-runner 19.1.1 (19-1-stable; go1.26.3; linux/amd64)" -
172.18.0.2 - - [05/Jul/2026:09:21:29 +0000] "POST /api/v4/jobs/request HTTP/1.1" 204 0 "" "gitlab-runner 19.1.1 (19-1-stable; go1.26.3; linux/amd64)" -
172.18.0.2 - - [05/Jul/2026:09:21:32 +0000] "POST /api/v4/jobs/request HTTP/1.1" 204 0 "" "gitlab-runner 19.1.1 (19-1-stable; go1.26.3; linux/amd64)" -
172.18.0.2 - - [05/Jul/2026:09:21:35 +0000] "POST /api/v4/jobs/request HTTP/1.1" 204 0 "" "gitlab-runner 19.1.1 (19-1-stable; go1.26.3; linux/amd64)" -
172.18.0.2 - - [05/Jul/2026:09:21:38 +0000] "POST /api/v4/jobs/request HTTP/1.1" 204 0 "" "gitlab-runner 19.1.1 (19-1-stable; go1.26.3; linux/amd64)" -
172.18.0.2 - - [05/Jul/2026:09:21:41 +0000] "POST /api/v4/jobs/request HTTP/1.1" 204 0 "" "gitlab-runner 19.1.1 (19-1-stable; go1.26.3; linux/amd64)" -
127.0.0.1 - - [05/Jul/2026:09:21:42 +0000] "GET /help HTTP/1.1" 200 31721 "" "curl/8.20.0-DEV" -
172.18.0.2 - - [05/Jul/2026:09:21:44 +0000] "POST /api/v4/jobs/request HTTP/1.1" 204 0 "" "gitlab-runner 19.1.1 (19-1-stable; go1.26.3; linux/amd64)" -
172.18.0.2 - - [05/Jul/2026:09:21:47 +0000] "POST /api/v4/jobs/request HTTP/1.1" 204 0 "" "gitlab-runner 19.1.1 (19-1-stable; go1.26.3; linux/amd64)" -
172.18.0.2 - - [05/Jul/2026:09:21:50 +0000] "POST /api/v4/jobs/request HTTP/1.1" 204 0 "" "gitlab-runner 19.1.1 (19-1-stable; go1.26.3; linux/amd64)" -
127.0.0.1 - - [05/Jul/2026:09:21:53 +0000] "GET /api/v4/internal/kubernetes/receptive_agents HTTP/1.1" 200 13 "" "gitlab-kas/v19.1.1/v19.1.1" -
172.18.0.2 - - [05/Jul/2026:09:21:53 +0000] "POST /api/v4/jobs/request HTTP/1.1" 204 0 "" "gitlab-runner 19.1.1 (19-1-stable; go1.26.3; linux/amd64)" -
172.18.0.2 - - [05/Jul/2026:09:21:56 +0000] "POST /api/v4/jobs/request HTTP/1.1" 204 0 "" "gitlab-runner 19.1.1 (19-1-stable; go1.26.3; linux/amd64)" -
172.18.0.2 - - [05/Jul/2026:09:21:59 +0000] "POST /api/v4/jobs/request HTTP/1.1" 204 0 "" "gitlab-runner 19.1.1 (19-1-stable; go1.26.3; linux/amd64)" -
172.18.0.2 - - [05/Jul/2026:09:22:02 +0000] "POST /api/v4/jobs/request HTTP/1.1" 204 0 "" "gitlab-runner 19.1.1 (19-1-stable; go1.26.3; linux/amd64)" -
172.18.0.2 - - [05/Jul/2026:09:22:05 +0000] "POST /api/v4/jobs/request HTTP/1.1" 204 0 "" "gitlab-runner 19.1.1 (19-1-stable; go1.26.3; linux/amd64)" -
172.18.0.2 - - [05/Jul/2026:09:22:08 +0000] "POST /api/v4/jobs/request HTTP/1.1" 204 0 "" "gitlab-runner 19.1.1 (19-1-stable; go1.26.3; linux/amd64)" -
172.18.0.2 - - [05/Jul/2026:09:22:11 +0000] "POST /api/v4/jobs/request HTTP/1.1" 204 0 "" "gitlab-runner 19.1.1 (19-1-stable; go1.26.3; linux/amd64)" -
172.18.0.2 - - [05/Jul/2026:09:22:14 +0000] "POST /api/v4/jobs/request HTTP/1.1" 204 0 "" "gitlab-runner 19.1.1 (19-1-stable; go1.26.3; linux/amd64)" -
172.18.0.2 - - [05/Jul/2026:09:22:17 +0000] "POST /api/v4/jobs/request HTTP/1.1" 204 0 "" "gitlab-runner 19.1.1 (19-1-stable; go1.26.3; linux/amd64)" -
172.18.0.2 - - [05/Jul/2026:09:22:20 +0000] "POST /api/v4/jobs/request HTTP/1.1" 204 0 "" "gitlab-runner 19.1.1 (19-1-stable; go1.26.3; linux/amd64)" -
172.18.0.2 - - [05/Jul/2026:09:22:23 +0000] "POST /api/v4/jobs/request HTTP/1.1" 204 0 "" "gitlab-runner 19.1.1 (19-1-stable; go1.26.3; linux/amd64)" -
172.18.0.2 - - [05/Jul/2026:09:22:26 +0000] "POST /api/v4/jobs/request HTTP/1.1" 204 0 "" "gitlab-runner 19.1.1 (19-1-stable; go1.26.3; linux/amd64)" -
172.18.0.2 - - [05/Jul/2026:09:22:29 +0000] "POST /api/v4/jobs/request HTTP/1.1" 204 0 "" "gitlab-runner 19.1.1 (19-1-stable; go1.26.3; linux/amd64)" -
172.18.0.2 - - [05/Jul/2026:09:22:32 +0000] "POST /api/v4/jobs/request HTTP/1.1" 204 0 "" "gitlab-runner 19.1.1 (19-1-stable; go1.26.3; linux/amd64)" -
172.18.0.2 - - [05/Jul/2026:09:22:35 +0000] "POST /api/v4/jobs/request HTTP/1.1" 204 0 "" "gitlab-runner 19.1.1 (19-1-stable; go1.26.3; linux/amd64)" -
172.18.0.2 - - [05/Jul/2026:09:22:38 +0000] "POST /api/v4/jobs/request HTTP/1.1" 204 0 "" "gitlab-runner 19.1.1 (19-1-stable; go1.26.3; linux/amd64)" -
172.18.0.2 - - [05/Jul/2026:09:22:41 +0000] "POST /api/v4/jobs/request HTTP/1.1" 204 0 "" "gitlab-runner 19.1.1 (19-1-stable; go1.26.3; linux/amd64)" -
127.0.0.1 - - [05/Jul/2026:09:22:42 +0000] "GET /help HTTP/1.1" 200 31721 "" "curl/8.20.0-DEV" -
172.18.0.2 - - [05/Jul/2026:09:22:44 +0000] "POST /api/v4/jobs/request HTTP/1.1" 204 0 "" "gitlab-runner 19.1.1 (19-1-stable; go1.26.3; linux/amd64)" -
172.18.0.2 - - [05/Jul/2026:09:22:47 +0000] "POST /api/v4/jobs/request HTTP/1.1" 204 0 "" "gitlab-runner 19.1.1 (19-1-stable; go1.26.3; linux/amd64)" -
172.18.0.2 - - [05/Jul/2026:09:22:50 +0000] "POST /api/v4/jobs/request HTTP/1.1" 204 0 "" "gitlab-runner 19.1.1 (19-1-stable; go1.26.3; linux/amd64)" -
127.0.0.1 - - [05/Jul/2026:09:22:53 +0000] "GET /api/v4/internal/kubernetes/receptive_agents HTTP/1.1" 200 13 "" "gitlab-kas/v19.1.1/v19.1.1" -
172.18.0.2 - - [05/Jul/2026:09:22:53 +0000] "POST /api/v4/jobs/request HTTP/1.1" 204 0 "" "gitlab-runner 19.1.1 (19-1-stable; go1.26.3; linux/amd64)" -
172.18.0.2 - - [05/Jul/2026:09:22:56 +0000] "POST /api/v4/jobs/request HTTP/1.1" 204 0 "" "gitlab-runner 19.1.1 (19-1-stable; go1.26.3; linux/amd64)" -
172.18.0.2 - - [05/Jul/2026:09:22:59 +0000] "POST /api/v4/jobs/request HTTP/1.1" 204 0 "" "gitlab-runner 19.1.1 (19-1-stable; go1.26.3; linux/amd64)" -
172.18.0.2 - - [05/Jul/2026:09:23:02 +0000] "POST /api/v4/jobs/request HTTP/1.1" 204 0 "" "gitlab-runner 19.1.1 (19-1-stable; go1.26.3; linux/amd64)" -
172.18.0.2 - - [05/Jul/2026:09:23:05 +0000] "POST /api/v4/jobs/request HTTP/1.1" 204 0 "" "gitlab-runner 19.1.1 (19-1-stable; go1.26.3; linux/amd64)" -
172.18.0.2 - - [05/Jul/2026:09:23:08 +0000] "POST /api/v4/jobs/request HTTP/1.1" 204 0 "" "gitlab-runner 19.1.1 (19-1-stable; go1.26.3; linux/amd64)" -
172.18.0.2 - - [05/Jul/2026:09:23:11 +0000] "POST /api/v4/jobs/request HTTP/1.1" 204 0 "" "gitlab-runner 19.1.1 (19-1-stable; go1.26.3; linux/amd64)" -
172.18.0.2 - - [05/Jul/2026:09:23:14 +0000] "POST /api/v4/jobs/request HTTP/1.1" 204 0 "" "gitlab-runner 19.1.1 (19-1-stable; go1.26.3; linux/amd64)" -
172.18.0.2 - - [05/Jul/2026:09:23:17 +0000] "POST /api/v4/jobs/request HTTP/1.1" 204 0 "" "gitlab-runner 19.1.1 (19-1-stable; go1.26.3; linux/amd64)" -
172.18.0.2 - - [05/Jul/2026:09:23:20 +0000] "POST /api/v4/jobs/request HTTP/1.1" 204 0 "" "gitlab-runner 19.1.1 (19-1-stable; go1.26.3; linux/amd64)" -
172.18.0.2 - - [05/Jul/2026:09:23:23 +0000] "POST /api/v4/jobs/request HTTP/1.1" 204 0 "" "gitlab-runner 19.1.1 (19-1-stable; go1.26.3; linux/amd64)" -
172.18.0.2 - - [05/Jul/2026:09:23:26 +0000] "POST /api/v4/jobs/request HTTP/1.1" 204 0 "" "gitlab-runner 19.1.1 (19-1-stable; go1.26.3; linux/amd64)" -
172.18.0.2 - - [05/Jul/2026:09:23:29 +0000] "POST /api/v4/jobs/request HTTP/1.1" 204 0 "" "gitlab-runner 19.1.1 (19-1-stable; go1.26.3; linux/amd64)" -
172.18.0.2 - - [05/Jul/2026:09:23:32 +0000] "POST /api/v4/jobs/request HTTP/1.1" 204 0 "" "gitlab-runner 19.1.1 (19-1-stable; go1.26.3; linux/amd64)" -
172.18.0.2 - - [05/Jul/2026:09:23:35 +0000] "POST /api/v4/jobs/request HTTP/1.1" 204 0 "" "gitlab-runner 19.1.1 (19-1-stable; go1.26.3; linux/amd64)" -
172.18.0.2 - - [05/Jul/2026:09:23:38 +0000] "POST /api/v4/jobs/request HTTP/1.1" 204 0 "" "gitlab-runner 19.1.1 (19-1-stable; go1.26.3; linux/amd64)" -
172.18.0.2 - - [05/Jul/2026:09:23:41 +0000] "POST /api/v4/jobs/request HTTP/1.1" 204 0 "" "gitlab-runner 19.1.1 (19-1-stable; go1.26.3; linux/amd64)" -
127.0.0.1 - - [05/Jul/2026:09:23:42 +0000] "GET /help HTTP/1.1" 200 31721 "" "curl/8.20.0-DEV" -
172.18.0.2 - - [05/Jul/2026:09:23:44 +0000] "POST /api/v4/jobs/request HTTP/1.1" 204 0 "" "gitlab-runner 19.1.1 (19-1-stable; go1.26.3; linux/amd64)" -
172.18.0.2 - - [05/Jul/2026:09:23:47 +0000] "POST /api/v4/jobs/request HTTP/1.1" 204 0 "" "gitlab-runner 19.1.1 (19-1-stable; go1.26.3; linux/amd64)" -
172.18.0.2 - - [05/Jul/2026:09:23:50 +0000] "POST /api/v4/jobs/request HTTP/1.1" 204 0 "" "gitlab-runner 19.1.1 (19-1-stable; go1.26.3; linux/amd64)" -
127.0.0.1 - - [05/Jul/2026:09:23:53 +0000] "GET /api/v4/internal/kubernetes/receptive_agents HTTP/1.1" 200 13 "" "gitlab-kas/v19.1.1/v19.1.1" -
172.18.0.2 - - [05/Jul/2026:09:23:53 +0000] "POST /api/v4/jobs/request HTTP/1.1" 204 0 "" "gitlab-runner 19.1.1 (19-1-stable; go1.26.3; linux/amd64)" -
172.18.0.2 - - [05/Jul/2026:09:23:56 +0000] "POST /api/v4/jobs/request HTTP/1.1" 204 0 "" "gitlab-runner 19.1.1 (19-1-stable; go1.26.3; linux/amd64)" -
172.18.0.2 - - [05/Jul/2026:09:23:59 +0000] "POST /api/v4/jobs/request HTTP/1.1" 204 0 "" "gitlab-runner 19.1.1 (19-1-stable; go1.26.3; linux/amd64)" -
172.18.0.2 - - [05/Jul/2026:09:24:02 +0000] "POST /api/v4/jobs/request HTTP/1.1" 204 0 "" "gitlab-runner 19.1.1 (19-1-stable; go1.26.3; linux/amd64)" -
172.18.0.2 - - [05/Jul/2026:09:24:05 +0000] "POST /api/v4/jobs/request HTTP/1.1" 204 0 "" "gitlab-runner 19.1.1 (19-1-stable; go1.26.3; linux/amd64)" -
172.18.0.2 - - [05/Jul/2026:09:24:08 +0000] "POST /api/v4/jobs/request HTTP/1.1" 204 0 "" "gitlab-runner 19.1.1 (19-1-stable; go1.26.3; linux/amd64)" -
172.18.0.2 - - [05/Jul/2026:09:24:11 +0000] "POST /api/v4/jobs/request HTTP/1.1" 204 0 "" "gitlab-runner 19.1.1 (19-1-stable; go1.26.3; linux/amd64)" -
172.18.0.2 - - [05/Jul/2026:09:24:14 +0000] "POST /api/v4/jobs/request HTTP/1.1" 204 0 "" "gitlab-runner 19.1.1 (19-1-stable; go1.26.3; linux/amd64)" -
172.18.0.2 - - [05/Jul/2026:09:24:17 +0000] "POST /api/v4/jobs/request HTTP/1.1" 204 0 "" "gitlab-runner 19.1.1 (19-1-stable; go1.26.3; linux/amd64)" -
172.18.0.2 - - [05/Jul/2026:09:24:20 +0000] "POST /api/v4/jobs/request HTTP/1.1" 204 0 "" "gitlab-runner 19.1.1 (19-1-stable; go1.26.3; linux/amd64)" -
172.18.0.2 - - [05/Jul/2026:09:24:23 +0000] "POST /api/v4/jobs/request HTTP/1.1" 204 0 "" "gitlab-runner 19.1.1 (19-1-stable; go1.26.3; linux/amd64)" -
172.18.0.2 - - [05/Jul/2026:09:24:26 +0000] "POST /api/v4/jobs/request HTTP/1.1" 204 0 "" "gitlab-runner 19.1.1 (19-1-stable; go1.26.3; linux/amd64)" -
172.18.0.2 - - [05/Jul/2026:09:24:29 +0000] "POST /api/v4/jobs/request HTTP/1.1" 204 0 "" "gitlab-runner 19.1.1 (19-1-stable; go1.26.3; linux/amd64)" -
172.18.0.2 - - [05/Jul/2026:09:24:32 +0000] "POST /api/v4/jobs/request HTTP/1.1" 204 0 "" "gitlab-runner 19.1.1 (19-1-stable; go1.26.3; linux/amd64)" -
172.18.0.2 - - [05/Jul/2026:09:24:35 +0000] "POST /api/v4/jobs/request HTTP/1.1" 204 0 "" "gitlab-runner 19.1.1 (19-1-stable; go1.26.3; linux/amd64)" -
172.18.0.2 - - [05/Jul/2026:09:24:38 +0000] "POST /api/v4/jobs/request HTTP/1.1" 204 0 "" "gitlab-runner 19.1.1 (19-1-stable; go1.26.3; linux/amd64)" -
172.18.0.2 - - [05/Jul/2026:09:24:41 +0000] "POST /api/v4/jobs/request HTTP/1.1" 204 0 "" "gitlab-runner 19.1.1 (19-1-stable; go1.26.3; linux/amd64)" -
127.0.0.1 - - [05/Jul/2026:09:24:42 +0000] "GET /help HTTP/1.1" 200 31721 "" "curl/8.20.0-DEV" -
172.18.0.2 - - [05/Jul/2026:09:24:44 +0000] "POST /api/v4/jobs/request HTTP/1.1" 204 0 "" "gitlab-runner 19.1.1 (19-1-stable; go1.26.3; linux/amd64)" -
172.18.0.2 - - [05/Jul/2026:09:24:47 +0000] "POST /api/v4/jobs/request HTTP/1.1" 204 0 "" "gitlab-runner 19.1.1 (19-1-stable; go1.26.3; linux/amd64)" -
172.18.0.2 - - [05/Jul/2026:09:24:50 +0000] "POST /api/v4/jobs/request HTTP/1.1" 204 0 "" "gitlab-runner 19.1.1 (19-1-stable; go1.26.3; linux/amd64)" -
127.0.0.1 - - [05/Jul/2026:09:24:53 +0000] "GET /api/v4/internal/kubernetes/receptive_agents HTTP/1.1" 200 13 "" "gitlab-kas/v19.1.1/v19.1.1" -
172.18.0.2 - - [05/Jul/2026:09:24:53 +0000] "POST /api/v4/jobs/request HTTP/1.1" 204 0 "" "gitlab-runner 19.1.1 (19-1-stable; go1.26.3; linux/amd64)" -
172.18.0.2 - - [05/Jul/2026:09:24:56 +0000] "POST /api/v4/jobs/request HTTP/1.1" 204 0 "" "gitlab-runner 19.1.1 (19-1-stable; go1.26.3; linux/amd64)" -
172.18.0.2 - - [05/Jul/2026:09:24:59 +0000] "POST /api/v4/jobs/request HTTP/1.1" 204 0 "" "gitlab-runner 19.1.1 (19-1-stable; go1.26.3; linux/amd64)" -
172.18.0.2 - - [05/Jul/2026:09:25:02 +0000] "POST /api/v4/jobs/request HTTP/1.1" 204 0 "" "gitlab-runner 19.1.1 (19-1-stable; go1.26.3; linux/amd64)" -
172.18.0.2 - - [05/Jul/2026:09:25:05 +0000] "POST /api/v4/jobs/request HTTP/1.1" 204 0 "" "gitlab-runner 19.1.1 (19-1-stable; go1.26.3; linux/amd64)" -
172.18.0.2 - - [05/Jul/2026:09:25:08 +0000] "POST /api/v4/jobs/request HTTP/1.1" 204 0 "" "gitlab-runner 19.1.1 (19-1-stable; go1.26.3; linux/amd64)" -
172.18.0.2 - - [05/Jul/2026:09:25:11 +0000] "POST /api/v4/jobs/request HTTP/1.1" 204 0 "" "gitlab-runner 19.1.1 (19-1-stable; go1.26.3; linux/amd64)" -
172.18.0.2 - - [05/Jul/2026:09:25:14 +0000] "POST /api/v4/jobs/request HTTP/1.1" 204 0 "" "gitlab-runner 19.1.1 (19-1-stable; go1.26.3; linux/amd64)" -
172.18.0.2 - - [05/Jul/2026:09:25:17 +0000] "POST /api/v4/jobs/request HTTP/1.1" 204 0 "" "gitlab-runner 19.1.1 (19-1-stable; go1.26.3; linux/amd64)" -
172.18.0.2 - - [05/Jul/2026:09:25:20 +0000] "POST /api/v4/jobs/request HTTP/1.1" 204 0 "" "gitlab-runner 19.1.1 (19-1-stable; go1.26.3; linux/amd64)" -
172.18.0.2 - - [05/Jul/2026:09:25:23 +0000] "POST /api/v4/jobs/request HTTP/1.1" 204 0 "" "gitlab-runner 19.1.1 (19-1-stable; go1.26.3; linux/amd64)" -
172.18.0.2 - - [05/Jul/2026:09:25:26 +0000] "POST /api/v4/jobs/request HTTP/1.1" 204 0 "" "gitlab-runner 19.1.1 (19-1-stable; go1.26.3; linux/amd64)" -
172.18.0.2 - - [05/Jul/2026:09:25:29 +0000] "POST /api/v4/jobs/request HTTP/1.1" 204 0 "" "gitlab-runner 19.1.1 (19-1-stable; go1.26.3; linux/amd64)" -
172.18.0.2 - - [05/Jul/2026:09:25:32 +0000] "POST /api/v4/jobs/request HTTP/1.1" 204 0 "" "gitlab-runner 19.1.1 (19-1-stable; go1.26.3; linux/amd64)" -
172.18.0.2 - - [05/Jul/2026:09:25:35 +0000] "POST /api/v4/jobs/request HTTP/1.1" 204 0 "" "gitlab-runner 19.1.1 (19-1-stable; go1.26.3; linux/amd64)" -
172.18.0.2 - - [05/Jul/2026:09:25:38 +0000] "POST /api/v4/jobs/request HTTP/1.1" 204 0 "" "gitlab-runner 19.1.1 (19-1-stable; go1.26.3; linux/amd64)" -
172.18.0.2 - - [05/Jul/2026:09:25:41 +0000] "POST /api/v4/jobs/request HTTP/1.1" 204 0 "" "gitlab-runner 19.1.1 (19-1-stable; go1.26.3; linux/amd64)" -
127.0.0.1 - - [05/Jul/2026:09:25:42 +0000] "GET /help HTTP/1.1" 200 31721 "" "curl/8.20.0-DEV" -
172.18.0.2 - - [05/Jul/2026:09:25:44 +0000] "POST /api/v4/jobs/request HTTP/1.1" 204 0 "" "gitlab-runner 19.1.1 (19-1-stable; go1.26.3; linux/amd64)" -
172.18.0.2 - - [05/Jul/2026:09:25:47 +0000] "POST /api/v4/jobs/request HTTP/1.1" 204 0 "" "gitlab-runner 19.1.1 (19-1-stable; go1.26.3; linux/amd64)" -
172.18.0.2 - - [05/Jul/2026:09:25:50 +0000] "POST /api/v4/jobs/request HTTP/1.1" 204 0 "" "gitlab-runner 19.1.1 (19-1-stable; go1.26.3; linux/amd64)" -
127.0.0.1 - - [05/Jul/2026:09:25:53 +0000] "GET /api/v4/internal/kubernetes/receptive_agents HTTP/1.1" 200 13 "" "gitlab-kas/v19.1.1/v19.1.1" -
172.18.0.2 - - [05/Jul/2026:09:25:53 +0000] "POST /api/v4/jobs/request HTTP/1.1" 204 0 "" "gitlab-runner 19.1.1 (19-1-stable; go1.26.3; linux/amd64)" -
172.18.0.2 - - [05/Jul/2026:09:25:56 +0000] "POST /api/v4/jobs/request HTTP/1.1" 204 0 "" "gitlab-runner 19.1.1 (19-1-stable; go1.26.3; linux/amd64)" -
172.18.0.2 - - [05/Jul/2026:09:25:59 +0000] "POST /api/v4/jobs/request HTTP/1.1" 204 0 "" "gitlab-runner 19.1.1 (19-1-stable; go1.26.3; linux/amd64)" -
172.18.0.2 - - [05/Jul/2026:09:26:02 +0000] "POST /api/v4/jobs/request HTTP/1.1" 204 0 "" "gitlab-runner 19.1.1 (19-1-stable; go1.26.3; linux/amd64)" -
172.18.0.2 - - [05/Jul/2026:09:26:05 +0000] "POST /api/v4/jobs/request HTTP/1.1" 204 0 "" "gitlab-runner 19.1.1 (19-1-stable; go1.26.3; linux/amd64)" -
172.18.0.2 - - [05/Jul/2026:09:26:08 +0000] "POST /api/v4/jobs/request HTTP/1.1" 204 0 "" "gitlab-runner 19.1.1 (19-1-stable; go1.26.3; linux/amd64)" -
172.18.0.2 - - [05/Jul/2026:09:26:11 +0000] "POST /api/v4/jobs/request HTTP/1.1" 204 0 "" "gitlab-runner 19.1.1 (19-1-stable; go1.26.3; linux/amd64)" -
172.18.0.2 - - [05/Jul/2026:09:26:14 +0000] "POST /api/v4/jobs/request HTTP/1.1" 204 0 "" "gitlab-runner 19.1.1 (19-1-stable; go1.26.3; linux/amd64)" -
172.18.0.2 - - [05/Jul/2026:09:26:17 +0000] "POST /api/v4/jobs/request HTTP/1.1" 204 0 "" "gitlab-runner 19.1.1 (19-1-stable; go1.26.3; linux/amd64)" -
172.18.0.2 - - [05/Jul/2026:09:26:20 +0000] "POST /api/v4/jobs/request HTTP/1.1" 204 0 "" "gitlab-runner 19.1.1 (19-1-stable; go1.26.3; linux/amd64)" -
172.18.0.2 - - [05/Jul/2026:09:26:23 +0000] "POST /api/v4/jobs/request HTTP/1.1" 204 0 "" "gitlab-runner 19.1.1 (19-1-stable; go1.26.3; linux/amd64)" -
172.18.0.2 - - [05/Jul/2026:09:26:26 +0000] "POST /api/v4/jobs/request HTTP/1.1" 204 0 "" "gitlab-runner 19.1.1 (19-1-stable; go1.26.3; linux/amd64)" -
172.18.0.2 - - [05/Jul/2026:09:26:29 +0000] "POST /api/v4/jobs/request HTTP/1.1" 204 0 "" "gitlab-runner 19.1.1 (19-1-stable; go1.26.3; linux/amd64)" -
172.18.0.2 - - [05/Jul/2026:09:26:32 +0000] "POST /api/v4/jobs/request HTTP/1.1" 204 0 "" "gitlab-runner 19.1.1 (19-1-stable; go1.26.3; linux/amd64)" -
172.18.0.2 - - [05/Jul/2026:09:26:35 +0000] "POST /api/v4/jobs/request HTTP/1.1" 204 0 "" "gitlab-runner 19.1.1 (19-1-stable; go1.26.3; linux/amd64)" -
172.18.0.2 - - [05/Jul/2026:09:26:38 +0000] "POST /api/v4/jobs/request HTTP/1.1" 204 0 "" "gitlab-runner 19.1.1 (19-1-stable; go1.26.3; linux/amd64)" -
172.18.0.2 - - [05/Jul/2026:09:26:41 +0000] "POST /api/v4/jobs/request HTTP/1.1" 204 0 "" "gitlab-runner 19.1.1 (19-1-stable; go1.26.3; linux/amd64)" -
127.0.0.1 - - [05/Jul/2026:09:26:42 +0000] "GET /help HTTP/1.1" 200 31721 "" "curl/8.20.0-DEV" -
172.18.0.2 - - [05/Jul/2026:09:26:44 +0000] "POST /api/v4/jobs/request HTTP/1.1" 204 0 "" "gitlab-runner 19.1.1 (19-1-stable; go1.26.3; linux/amd64)" -
172.18.0.2 - - [05/Jul/2026:09:26:47 +0000] "POST /api/v4/jobs/request HTTP/1.1" 204 0 "" "gitlab-runner 19.1.1 (19-1-stable; go1.26.3; linux/amd64)" -
172.18.0.2 - - [05/Jul/2026:09:26:50 +0000] "POST /api/v4/jobs/request HTTP/1.1" 204 0 "" "gitlab-runner 19.1.1 (19-1-stable; go1.26.3; linux/amd64)" -
127.0.0.1 - - [05/Jul/2026:09:26:53 +0000] "GET /api/v4/internal/kubernetes/receptive_agents HTTP/1.1" 200 13 "" "gitlab-kas/v19.1.1/v19.1.1" -
172.18.0.2 - - [05/Jul/2026:09:26:53 +0000] "POST /api/v4/jobs/request HTTP/1.1" 204 0 "" "gitlab-runner 19.1.1 (19-1-stable; go1.26.3; linux/amd64)" -
172.18.0.2 - - [05/Jul/2026:09:26:56 +0000] "POST /api/v4/jobs/request HTTP/1.1" 204 0 "" "gitlab-runner 19.1.1 (19-1-stable; go1.26.3; linux/amd64)" -
172.18.0.2 - - [05/Jul/2026:09:26:59 +0000] "POST /api/v4/jobs/request HTTP/1.1" 204 0 "" "gitlab-runner 19.1.1 (19-1-stable; go1.26.3; linux/amd64)" -
172.18.0.2 - - [05/Jul/2026:09:27:02 +0000] "POST /api/v4/jobs/request HTTP/1.1" 204 0 "" "gitlab-runner 19.1.1 (19-1-stable; go1.26.3; linux/amd64)" -
172.18.0.2 - - [05/Jul/2026:09:27:05 +0000] "POST /api/v4/jobs/request HTTP/1.1" 204 0 "" "gitlab-runner 19.1.1 (19-1-stable; go1.26.3; linux/amd64)" -
172.18.0.2 - - [05/Jul/2026:09:27:08 +0000] "POST /api/v4/jobs/request HTTP/1.1" 204 0 "" "gitlab-runner 19.1.1 (19-1-stable; go1.26.3; linux/amd64)" -
172.18.0.2 - - [05/Jul/2026:09:27:11 +0000] "POST /api/v4/jobs/request HTTP/1.1" 204 0 "" "gitlab-runner 19.1.1 (19-1-stable; go1.26.3; linux/amd64)" -
172.18.0.2 - - [05/Jul/2026:09:27:14 +0000] "POST /api/v4/jobs/request HTTP/1.1" 204 0 "" "gitlab-runner 19.1.1 (19-1-stable; go1.26.3; linux/amd64)" -
172.18.0.2 - - [05/Jul/2026:09:27:17 +0000] "POST /api/v4/jobs/request HTTP/1.1" 204 0 "" "gitlab-runner 19.1.1 (19-1-stable; go1.26.3; linux/amd64)" -
172.18.0.2 - - [05/Jul/2026:09:27:20 +0000] "POST /api/v4/jobs/request HTTP/1.1" 204 0 "" "gitlab-runner 19.1.1 (19-1-stable; go1.26.3; linux/amd64)" -
172.18.0.2 - - [05/Jul/2026:09:27:23 +0000] "POST /api/v4/jobs/request HTTP/1.1" 204 0 "" "gitlab-runner 19.1.1 (19-1-stable; go1.26.3; linux/amd64)" -
172.18.0.2 - - [05/Jul/2026:09:27:26 +0000] "POST /api/v4/jobs/request HTTP/1.1" 204 0 "" "gitlab-runner 19.1.1 (19-1-stable; go1.26.3; linux/amd64)" -
172.18.0.2 - - [05/Jul/2026:09:27:29 +0000] "POST /api/v4/jobs/request HTTP/1.1" 204 0 "" "gitlab-runner 19.1.1 (19-1-stable; go1.26.3; linux/amd64)" -
172.18.0.2 - - [05/Jul/2026:09:27:32 +0000] "POST /api/v4/jobs/request HTTP/1.1" 204 0 "" "gitlab-runner 19.1.1 (19-1-stable; go1.26.3; linux/amd64)" -
172.18.0.2 - - [05/Jul/2026:09:27:35 +0000] "POST /api/v4/jobs/request HTTP/1.1" 204 0 "" "gitlab-runner 19.1.1 (19-1-stable; go1.26.3; linux/amd64)" -
172.18.0.2 - - [05/Jul/2026:09:27:38 +0000] "POST /api/v4/jobs/request HTTP/1.1" 204 0 "" "gitlab-runner 19.1.1 (19-1-stable; go1.26.3; linux/amd64)" -
172.18.0.2 - - [05/Jul/2026:09:27:41 +0000] "POST /api/v4/jobs/request HTTP/1.1" 204 0 "" "gitlab-runner 19.1.1 (19-1-stable; go1.26.3; linux/amd64)" -
127.0.0.1 - - [05/Jul/2026:09:27:43 +0000] "GET /help HTTP/1.1" 200 31721 "" "curl/8.20.0-DEV" -
172.18.0.2 - - [05/Jul/2026:09:27:44 +0000] "POST /api/v4/jobs/request HTTP/1.1" 204 0 "" "gitlab-runner 19.1.1 (19-1-stable; go1.26.3; linux/amd64)" -
172.18.0.2 - - [05/Jul/2026:09:27:47 +0000] "POST /api/v4/jobs/request HTTP/1.1" 204 0 "" "gitlab-runner 19.1.1 (19-1-stable; go1.26.3; linux/amd64)" -
172.18.0.2 - - [05/Jul/2026:09:27:50 +0000] "POST /api/v4/jobs/request HTTP/1.1" 204 0 "" "gitlab-runner 19.1.1 (19-1-stable; go1.26.3; linux/amd64)" -
127.0.0.1 - - [05/Jul/2026:09:27:53 +0000] "GET /api/v4/internal/kubernetes/receptive_agents HTTP/1.1" 200 13 "" "gitlab-kas/v19.1.1/v19.1.1" -
172.18.0.2 - - [05/Jul/2026:09:27:53 +0000] "POST /api/v4/jobs/request HTTP/1.1" 204 0 "" "gitlab-runner 19.1.1 (19-1-stable; go1.26.3; linux/amd64)" -
172.18.0.2 - - [05/Jul/2026:09:27:56 +0000] "POST /api/v4/jobs/request HTTP/1.1" 204 0 "" "gitlab-runner 19.1.1 (19-1-stable; go1.26.3; linux/amd64)" -
172.18.0.2 - - [05/Jul/2026:09:27:59 +0000] "POST /api/v4/jobs/request HTTP/1.1" 204 0 "" "gitlab-runner 19.1.1 (19-1-stable; go1.26.3; linux/amd64)" -
172.18.0.2 - - [05/Jul/2026:09:28:02 +0000] "POST /api/v4/jobs/request HTTP/1.1" 204 0 "" "gitlab-runner 19.1.1 (19-1-stable; go1.26.3; linux/amd64)" -
172.18.0.2 - - [05/Jul/2026:09:28:05 +0000] "POST /api/v4/jobs/request HTTP/1.1" 204 0 "" "gitlab-runner 19.1.1 (19-1-stable; go1.26.3; linux/amd64)" -
172.18.0.2 - - [05/Jul/2026:09:28:08 +0000] "POST /api/v4/jobs/request HTTP/1.1" 204 0 "" "gitlab-runner 19.1.1 (19-1-stable; go1.26.3; linux/amd64)" -
172.18.0.2 - - [05/Jul/2026:09:28:11 +0000] "POST /api/v4/jobs/request HTTP/1.1" 204 0 "" "gitlab-runner 19.1.1 (19-1-stable; go1.26.3; linux/amd64)" -
172.18.0.2 - - [05/Jul/2026:09:28:14 +0000] "POST /api/v4/jobs/request HTTP/1.1" 204 0 "" "gitlab-runner 19.1.1 (19-1-stable; go1.26.3; linux/amd64)" -
172.18.0.2 - - [05/Jul/2026:09:28:17 +0000] "POST /api/v4/jobs/request HTTP/1.1" 204 0 "" "gitlab-runner 19.1.1 (19-1-stable; go1.26.3; linux/amd64)" -
172.18.0.2 - - [05/Jul/2026:09:28:20 +0000] "POST /api/v4/jobs/request HTTP/1.1" 204 0 "" "gitlab-runner 19.1.1 (19-1-stable; go1.26.3; linux/amd64)" -
172.18.0.2 - - [05/Jul/2026:09:28:23 +0000] "POST /api/v4/jobs/request HTTP/1.1" 204 0 "" "gitlab-runner 19.1.1 (19-1-stable; go1.26.3; linux/amd64)" -
172.18.0.2 - - [05/Jul/2026:09:28:26 +0000] "POST /api/v4/jobs/request HTTP/1.1" 204 0 "" "gitlab-runner 19.1.1 (19-1-stable; go1.26.3; linux/amd64)" -
172.18.0.2 - - [05/Jul/2026:09:28:29 +0000] "POST /api/v4/jobs/request HTTP/1.1" 204 0 "" "gitlab-runner 19.1.1 (19-1-stable; go1.26.3; linux/amd64)" -
172.18.0.2 - - [05/Jul/2026:09:28:32 +0000] "POST /api/v4/jobs/request HTTP/1.1" 204 0 "" "gitlab-runner 19.1.1 (19-1-stable; go1.26.3; linux/amd64)" -
172.18.0.2 - - [05/Jul/2026:09:28:35 +0000] "POST /api/v4/jobs/request HTTP/1.1" 204 0 "" "gitlab-runner 19.1.1 (19-1-stable; go1.26.3; linux/amd64)" -
172.18.0.2 - - [05/Jul/2026:09:28:38 +0000] "POST /api/v4/jobs/request HTTP/1.1" 204 0 "" "gitlab-runner 19.1.1 (19-1-stable; go1.26.3; linux/amd64)" -
172.18.0.2 - - [05/Jul/2026:09:28:41 +0000] "POST /api/v4/jobs/request HTTP/1.1" 204 0 "" "gitlab-runner 19.1.1 (19-1-stable; go1.26.3; linux/amd64)" -
127.0.0.1 - - [05/Jul/2026:09:28:43 +0000] "GET /help HTTP/1.1" 200 31721 "" "curl/8.20.0-DEV" -
172.18.0.2 - - [05/Jul/2026:09:28:44 +0000] "POST /api/v4/jobs/request HTTP/1.1" 204 0 "" "gitlab-runner 19.1.1 (19-1-stable; go1.26.3; linux/amd64)" -
172.18.0.2 - - [05/Jul/2026:09:28:47 +0000] "POST /api/v4/jobs/request HTTP/1.1" 204 0 "" "gitlab-runner 19.1.1 (19-1-stable; go1.26.3; linux/amd64)" -
172.18.0.2 - - [05/Jul/2026:09:28:50 +0000] "POST /api/v4/jobs/request HTTP/1.1" 204 0 "" "gitlab-runner 19.1.1 (19-1-stable; go1.26.3; linux/amd64)" -
127.0.0.1 - - [05/Jul/2026:09:28:53 +0000] "GET /api/v4/internal/kubernetes/receptive_agents HTTP/1.1" 200 13 "" "gitlab-kas/v19.1.1/v19.1.1" -
172.18.0.2 - - [05/Jul/2026:09:28:53 +0000] "POST /api/v4/jobs/request HTTP/1.1" 204 0 "" "gitlab-runner 19.1.1 (19-1-stable; go1.26.3; linux/amd64)" -
172.18.0.2 - - [05/Jul/2026:09:28:56 +0000] "POST /api/v4/jobs/request HTTP/1.1" 204 0 "" "gitlab-runner 19.1.1 (19-1-stable; go1.26.3; linux/amd64)" -
172.18.0.2 - - [05/Jul/2026:09:28:59 +0000] "POST /api/v4/jobs/request HTTP/1.1" 204 0 "" "gitlab-runner 19.1.1 (19-1-stable; go1.26.3; linux/amd64)" -
172.18.0.2 - - [05/Jul/2026:09:29:02 +0000] "POST /api/v4/jobs/request HTTP/1.1" 204 0 "" "gitlab-runner 19.1.1 (19-1-stable; go1.26.3; linux/amd64)" -
172.18.0.2 - - [05/Jul/2026:09:29:05 +0000] "POST /api/v4/jobs/request HTTP/1.1" 204 0 "" "gitlab-runner 19.1.1 (19-1-stable; go1.26.3; linux/amd64)" -
172.18.0.2 - - [05/Jul/2026:09:29:08 +0000] "POST /api/v4/jobs/request HTTP/1.1" 204 0 "" "gitlab-runner 19.1.1 (19-1-stable; go1.26.3; linux/amd64)" -
172.18.0.2 - - [05/Jul/2026:09:29:11 +0000] "POST /api/v4/jobs/request HTTP/1.1" 204 0 "" "gitlab-runner 19.1.1 (19-1-stable; go1.26.3; linux/amd64)" -
172.18.0.2 - - [05/Jul/2026:09:29:14 +0000] "POST /api/v4/jobs/request HTTP/1.1" 204 0 "" "gitlab-runner 19.1.1 (19-1-stable; go1.26.3; linux/amd64)" -
172.18.0.2 - - [05/Jul/2026:09:29:17 +0000] "POST /api/v4/jobs/request HTTP/1.1" 204 0 "" "gitlab-runner 19.1.1 (19-1-stable; go1.26.3; linux/amd64)" -
172.18.0.2 - - [05/Jul/2026:09:29:20 +0000] "POST /api/v4/jobs/request HTTP/1.1" 204 0 "" "gitlab-runner 19.1.1 (19-1-stable; go1.26.3; linux/amd64)" -
172.18.0.2 - - [05/Jul/2026:09:29:23 +0000] "POST /api/v4/jobs/request HTTP/1.1" 204 0 "" "gitlab-runner 19.1.1 (19-1-stable; go1.26.3; linux/amd64)" -
172.18.0.2 - - [05/Jul/2026:09:29:26 +0000] "POST /api/v4/jobs/request HTTP/1.1" 204 0 "" "gitlab-runner 19.1.1 (19-1-stable; go1.26.3; linux/amd64)" -
172.18.0.2 - - [05/Jul/2026:09:29:29 +0000] "POST /api/v4/jobs/request HTTP/1.1" 204 0 "" "gitlab-runner 19.1.1 (19-1-stable; go1.26.3; linux/amd64)" -
172.18.0.2 - - [05/Jul/2026:09:29:32 +0000] "POST /api/v4/jobs/request HTTP/1.1" 204 0 "" "gitlab-runner 19.1.1 (19-1-stable; go1.26.3; linux/amd64)" -
172.18.0.2 - - [05/Jul/2026:09:29:35 +0000] "POST /api/v4/jobs/request HTTP/1.1" 204 0 "" "gitlab-runner 19.1.1 (19-1-stable; go1.26.3; linux/amd64)" -
172.18.0.2 - - [05/Jul/2026:09:29:38 +0000] "POST /api/v4/jobs/request HTTP/1.1" 204 0 "" "gitlab-runner 19.1.1 (19-1-stable; go1.26.3; linux/amd64)" -
172.18.0.2 - - [05/Jul/2026:09:29:41 +0000] "POST /api/v4/jobs/request HTTP/1.1" 204 0 "" "gitlab-runner 19.1.1 (19-1-stable; go1.26.3; linux/amd64)" -
127.0.0.1 - - [05/Jul/2026:09:29:43 +0000] "GET /help HTTP/1.1" 200 31721 "" "curl/8.20.0-DEV" -
172.18.0.2 - - [05/Jul/2026:09:29:44 +0000] "POST /api/v4/jobs/request HTTP/1.1" 204 0 "" "gitlab-runner 19.1.1 (19-1-stable; go1.26.3; linux/amd64)" -
172.18.0.2 - - [05/Jul/2026:09:29:47 +0000] "POST /api/v4/jobs/request HTTP/1.1" 204 0 "" "gitlab-runner 19.1.1 (19-1-stable; go1.26.3; linux/amd64)" -
172.18.0.2 - - [05/Jul/2026:09:29:50 +0000] "POST /api/v4/jobs/request HTTP/1.1" 204 0 "" "gitlab-runner 19.1.1 (19-1-stable; go1.26.3; linux/amd64)" -
127.0.0.1 - - [05/Jul/2026:09:29:53 +0000] "GET /api/v4/internal/kubernetes/receptive_agents HTTP/1.1" 200 13 "" "gitlab-kas/v19.1.1/v19.1.1" -
172.18.0.2 - - [05/Jul/2026:09:29:53 +0000] "POST /api/v4/jobs/request HTTP/1.1" 204 0 "" "gitlab-runner 19.1.1 (19-1-stable; go1.26.3; linux/amd64)" -
172.18.0.2 - - [05/Jul/2026:09:29:56 +0000] "POST /api/v4/jobs/request HTTP/1.1" 204 0 "" "gitlab-runner 19.1.1 (19-1-stable; go1.26.3; linux/amd64)" -
172.18.0.2 - - [05/Jul/2026:09:29:59 +0000] "POST /api/v4/jobs/request HTTP/1.1" 204 0 "" "gitlab-runner 19.1.1 (19-1-stable; go1.26.3; linux/amd64)" -
172.18.0.2 - - [05/Jul/2026:09:30:02 +0000] "POST /api/v4/jobs/request HTTP/1.1" 204 0 "" "gitlab-runner 19.1.1 (19-1-stable; go1.26.3; linux/amd64)" -
172.18.0.2 - - [05/Jul/2026:09:30:05 +0000] "POST /api/v4/jobs/request HTTP/1.1" 204 0 "" "gitlab-runner 19.1.1 (19-1-stable; go1.26.3; linux/amd64)" -
172.18.0.2 - - [05/Jul/2026:09:30:08 +0000] "POST /api/v4/jobs/request HTTP/1.1" 204 0 "" "gitlab-runner 19.1.1 (19-1-stable; go1.26.3; linux/amd64)" -
172.18.0.2 - - [05/Jul/2026:09:30:11 +0000] "POST /api/v4/jobs/request HTTP/1.1" 204 0 "" "gitlab-runner 19.1.1 (19-1-stable; go1.26.3; linux/amd64)" -
172.18.0.1 - - [05/Jul/2026:09:30:13 +0000] "GET /admin/runners HTTP/1.1" 200 12153 "https://humble-space-system-4jr4x79qg4652q5xx-8080.app.github.dev/admin" "Mozilla/5.0 (X11; Linux x86_64) AppleWebKit/537.36 (KHTML, like Gecko) Chrome/148.0.0.0 Safari/537.36" 3.48
172.18.0.2 - - [05/Jul/2026:09:30:14 +0000] "POST /api/v4/jobs/request HTTP/1.1" 204 0 "" "gitlab-runner 19.1.1 (19-1-stable; go1.26.3; linux/amd64)" -
172.18.0.1 - - [05/Jul/2026:09:30:15 +0000] "POST /api/graphql HTTP/1.1" 200 714 "https://humble-space-system-4jr4x79qg4652q5xx-8080.app.github.dev/admin/runners" "Mozilla/5.0 (X11; Linux x86_64) AppleWebKit/537.36 (KHTML, like Gecko) Chrome/148.0.0.0 Safari/537.36" 1.91
172.18.0.1 - - [05/Jul/2026:09:30:15 +0000] "POST /api/graphql HTTP/1.1" 200 66 "https://humble-space-system-4jr4x79qg4652q5xx-8080.app.github.dev/admin/runners" "Mozilla/5.0 (X11; Linux x86_64) AppleWebKit/537.36 (KHTML, like Gecko) Chrome/148.0.0.0 Safari/537.36" -
172.18.0.1 - - [05/Jul/2026:09:30:16 +0000] "POST /api/graphql HTTP/1.1" 200 66 "https://humble-space-system-4jr4x79qg4652q5xx-8080.app.github.dev/admin/runners" "Mozilla/5.0 (X11; Linux x86_64) AppleWebKit/537.36 (KHTML, like Gecko) Chrome/148.0.0.0 Safari/537.36" -
172.18.0.1 - - [05/Jul/2026:09:30:16 +0000] "POST /api/graphql HTTP/1.1" 200 66 "https://humble-space-system-4jr4x79qg4652q5xx-8080.app.github.dev/admin/runners" "Mozilla/5.0 (X11; Linux x86_64) AppleWebKit/537.36 (KHTML, like Gecko) Chrome/148.0.0.0 Safari/537.36" -
172.18.0.1 - - [05/Jul/2026:09:30:16 +0000] "POST /api/graphql HTTP/1.1" 200 66 "https://humble-space-system-4jr4x79qg4652q5xx-8080.app.github.dev/admin/runners" "Mozilla/5.0 (X11; Linux x86_64) AppleWebKit/537.36 (KHTML, like Gecko) Chrome/148.0.0.0 Safari/537.36" -
172.18.0.1 - - [05/Jul/2026:09:30:16 +0000] "POST /api/graphql HTTP/1.1" 200 66 "https://humble-space-system-4jr4x79qg4652q5xx-8080.app.github.dev/admin/runners" "Mozilla/5.0 (X11; Linux x86_64) AppleWebKit/537.36 (KHTML, like Gecko) Chrome/148.0.0.0 Safari/537.36" -
172.18.0.1 - - [05/Jul/2026:09:30:16 +0000] "POST /api/graphql HTTP/1.1" 200 66 "https://humble-space-system-4jr4x79qg4652q5xx-8080.app.github.dev/admin/runners" "Mozilla/5.0 (X11; Linux x86_64) AppleWebKit/537.36 (KHTML, like Gecko) Chrome/148.0.0.0 Safari/537.36" -
172.18.0.1 - - [05/Jul/2026:09:30:16 +0000] "POST /api/graphql HTTP/1.1" 200 94 "https://humble-space-system-4jr4x79qg4652q5xx-8080.app.github.dev/admin/runners" "Mozilla/5.0 (X11; Linux x86_64) AppleWebKit/537.36 (KHTML, like Gecko) Chrome/148.0.0.0 Safari/537.36" -
172.18.0.1 - - [05/Jul/2026:09:30:16 +0000] "POST /api/graphql HTTP/1.1" 200 66 "https://humble-space-system-4jr4x79qg4652q5xx-8080.app.github.dev/admin/runners" "Mozilla/5.0 (X11; Linux x86_64) AppleWebKit/537.36 (KHTML, like Gecko) Chrome/148.0.0.0 Safari/537.36" -
172.18.0.1 - - [05/Jul/2026:09:30:16 +0000] "POST /api/graphql HTTP/1.1" 200 66 "https://humble-space-system-4jr4x79qg4652q5xx-8080.app.github.dev/admin/runners" "Mozilla/5.0 (X11; Linux x86_64) AppleWebKit/537.36 (KHTML, like Gecko) Chrome/148.0.0.0 Safari/537.36" -
172.18.0.1 - - [05/Jul/2026:09:30:16 +0000] "GET /-/manifest.json HTTP/1.1" 200 396 "https://humble-space-system-4jr4x79qg4652q5xx-8080.app.github.dev/admin/runners" "Mozilla/5.0 (X11; Linux x86_64) AppleWebKit/537.36 (KHTML, like Gecko) Chrome/148.0.0.0 Safari/537.36" 1.87
172.18.0.1 - - [05/Jul/2026:09:30:16 +0000] "POST /api/graphql HTTP/1.1" 200 66 "https://humble-space-system-4jr4x79qg4652q5xx-8080.app.github.dev/admin/runners" "Mozilla/5.0 (X11; Linux x86_64) AppleWebKit/537.36 (KHTML, like Gecko) Chrome/148.0.0.0 Safari/537.36" -
172.18.0.1 - - [05/Jul/2026:09:30:16 +0000] "POST /api/v4/usage_data/track_event HTTP/1.1" 200 3 "https://humble-space-system-4jr4x79qg4652q5xx-8080.app.github.dev/admin/runners" "Mozilla/5.0 (X11; Linux x86_64) AppleWebKit/537.36 (KHTML, like Gecko) Chrome/148.0.0.0 Safari/537.36" -
172.18.0.2 - - [05/Jul/2026:09:30:17 +0000] "POST /api/v4/jobs/request HTTP/1.1" 204 0 "" "gitlab-runner 19.1.1 (19-1-stable; go1.26.3; linux/amd64)" -
172.18.0.2 - - [05/Jul/2026:09:30:20 +0000] "POST /api/v4/jobs/request HTTP/1.1" 204 0 "" "gitlab-runner 19.1.1 (19-1-stable; go1.26.3; linux/amd64)" -
172.18.0.2 - - [05/Jul/2026:09:30:23 +0000] "POST /api/v4/jobs/request HTTP/1.1" 204 0 "" "gitlab-runner 19.1.1 (19-1-stable; go1.26.3; linux/amd64)" -
172.18.0.1 - - [05/Jul/2026:09:30:25 +0000] "GET /admin/gitlab_duo HTTP/1.1" 200 12290 "https://humble-space-system-4jr4x79qg4652q5xx-8080.app.github.dev/admin/runners" "Mozilla/5.0 (X11; Linux x86_64) AppleWebKit/537.36 (KHTML, like Gecko) Chrome/148.0.0.0 Safari/537.36" 3.50
172.18.0.1 - - [05/Jul/2026:09:30:26 +0000] "POST /api/graphql HTTP/1.1" 200 180 "https://humble-space-system-4jr4x79qg4652q5xx-8080.app.github.dev/admin/gitlab_duo" "Mozilla/5.0 (X11; Linux x86_64) AppleWebKit/537.36 (KHTML, like Gecko) Chrome/148.0.0.0 Safari/537.36" -
172.18.0.1 - - [05/Jul/2026:09:30:26 +0000] "POST /api/graphql HTTP/1.1" 200 315 "https://humble-space-system-4jr4x79qg4652q5xx-8080.app.github.dev/admin/gitlab_duo" "Mozilla/5.0 (X11; Linux x86_64) AppleWebKit/537.36 (KHTML, like Gecko) Chrome/148.0.0.0 Safari/537.36" 1.54
